Archive member included to satisfy reference by file (symbol)

/home/arx/projects/rockbox/build-boot/firmware/libfirmware.a(memcpy.o)
                              /home/arx/projects/rockbox/build-boot/bootloader/x1000/utils.o (memcpy)
/home/arx/projects/rockbox/build-boot/firmware/libfirmware.a(memset.o)
                              /home/arx/projects/rockbox/build-boot/bootloader/x1000/recovery.o (memset)
/home/arx/projects/rockbox/build-boot/firmware/libfirmware.a(strlen.o)
                              /home/arx/projects/rockbox/build-boot/bootloader/format.o (strlen)
/home/arx/projects/rockbox/build-boot/firmware/libfirmware.a(backlight.o)
                              /home/arx/projects/rockbox/build-boot/bootloader/x1000/gui.o (backlight_init)
/home/arx/projects/rockbox/build-boot/firmware/libfirmware.a(buflib.o)
                              /home/arx/projects/rockbox/build-boot/bootloader/x1000/boot.o (buflib_ops_locked)
/home/arx/projects/rockbox/build-boot/firmware/libfirmware.a(core_alloc.o)
                              /home/arx/projects/rockbox/build-boot/bootloader/x1000/boot.o (core_ctx)
/home/arx/projects/rockbox/build-boot/firmware/libfirmware.a(usb.o)
                              /home/arx/projects/rockbox/build-boot/bootloader/x1000/main.o (usb_start_monitoring)
/home/arx/projects/rockbox/build-boot/firmware/libfirmware.a(linuxboot.o)
                              /home/arx/projects/rockbox/build-boot/bootloader/x1000/utils.o (uimage_load)
/home/arx/projects/rockbox/build-boot/firmware/libfirmware.a(rb-loader.o)
                              /home/arx/projects/rockbox/build-boot/bootloader/x1000/utils.o (load_firmware)
/home/arx/projects/rockbox/build-boot/firmware/libfirmware.a(panic.o)
                              /home/arx/projects/rockbox/build-boot/firmware/libfirmware.a(buflib.o) (panicf)
/home/arx/projects/rockbox/build-boot/firmware/libfirmware.a(multiboot.o)
                              /home/arx/projects/rockbox/build-boot/firmware/libfirmware.a(rb-loader.o) (write_bootdata)
/home/arx/projects/rockbox/build-boot/firmware/libfirmware.a(ctype.o)
                              /home/arx/projects/rockbox/build-boot/bootloader/x1000/boot.o (_ctype_)
/home/arx/projects/rockbox/build-boot/firmware/libfirmware.a(strchr.o)
                              /home/arx/projects/rockbox/build-boot/bootloader/x1000/gui.o (strchr)
/home/arx/projects/rockbox/build-boot/firmware/libfirmware.a(strcpy.o)
                              /home/arx/projects/rockbox/build-boot/firmware/libfirmware.a(buflib.o) (strcpy)
/home/arx/projects/rockbox/build-boot/firmware/libfirmware.a(version.o)
                              /home/arx/projects/rockbox/build-boot/bootloader/x1000/gui.o (rbversion)
/home/arx/projects/rockbox/build-boot/firmware/libfirmware.a(crc32.o)
                              /home/arx/projects/rockbox/build-boot/firmware/libfirmware.a(buflib.o) (crc_32)
/home/arx/projects/rockbox/build-boot/firmware/libfirmware.a(loader_strerror.o)
                              /home/arx/projects/rockbox/build-boot/bootloader/common.o (loader_strerror)
/home/arx/projects/rockbox/build-boot/firmware/libfirmware.a(file.o)
                              /home/arx/projects/rockbox/build-boot/bootloader/common.o (close)
/home/arx/projects/rockbox/build-boot/firmware/libfirmware.a(file_internal.o)
                              /home/arx/projects/rockbox/build-boot/firmware/libfirmware.a(file.o) (filestr_alloc_cache)
/home/arx/projects/rockbox/build-boot/firmware/libfirmware.a(disk.o)
                              /home/arx/projects/rockbox/build-boot/bootloader/x1000/main.o (disk_mount_all)
/home/arx/projects/rockbox/build-boot/firmware/libfirmware.a(fileobj_mgr.o)
                              /home/arx/projects/rockbox/build-boot/firmware/libfirmware.a(file_internal.o) (fileobj_fileop_open)
/home/arx/projects/rockbox/build-boot/firmware/libfirmware.a(pathfuncs.o)
                              /home/arx/projects/rockbox/build-boot/firmware/libfirmware.a(disk.o) (path_strip_volume)
/home/arx/projects/rockbox/build-boot/firmware/libfirmware.a(linked_list.o)
                              /home/arx/projects/rockbox/build-boot/firmware/libfirmware.a(fileobj_mgr.o) (ll_init)
/home/arx/projects/rockbox/build-boot/firmware/libfirmware.a(rb_namespace.o)
                              /home/arx/projects/rockbox/build-boot/firmware/libfirmware.a(disk.o) (root_mount_path)
/home/arx/projects/rockbox/build-boot/firmware/libfirmware.a(strcasecmp.o)
                              /home/arx/projects/rockbox/build-boot/firmware/libfirmware.a(file_internal.o) (strcasecmp)
/home/arx/projects/rockbox/build-boot/firmware/libfirmware.a(strlcpy.o)
                              /home/arx/projects/rockbox/build-boot/firmware/libfirmware.a(buflib.o) (strlcpy)
/home/arx/projects/rockbox/build-boot/firmware/libfirmware.a(unicode.o)
[...]
Memory Configuration

Name             Origin             Length             Attributes
IRAM             0x0000000080000000 0x0000000000004000
DRAM             0x0000000080004000 0x0000000003ffc000
TCSM             0x00000000f4000000 0x0000000000004000
*default*        0x0000000000000000 0xffffffffffffffff

Linker script and memory map

LOAD /home/arx/projects/rockbox/build-boot/firmware/target/mips/ingenic_x1000/crt0.o
LOAD /home/arx/projects/rockbox/build-boot/bootloader/common.o
LOAD /home/arx/projects/rockbox/build-boot/bootloader/format.o
LOAD /home/arx/projects/rockbox/build-boot/bootloader/snprintf.o
LOAD /home/arx/projects/rockbox/build-boot/bootloader/x1000/boot.o
LOAD /home/arx/projects/rockbox/build-boot/bootloader/x1000/gui.o
LOAD /home/arx/projects/rockbox/build-boot/bootloader/x1000/install.o
LOAD /home/arx/projects/rockbox/build-boot/bootloader/x1000/main.o
LOAD /home/arx/projects/rockbox/build-boot/bootloader/x1000/recovery.o
LOAD /home/arx/projects/rockbox/build-boot/bootloader/x1000/utils.o
LOAD /home/arx/projects/rockbox/build-boot/apps/bitmaps/mono/default_icons.o
LOAD /home/arx/projects/rockbox/build-boot/apps/bitmaps/native/rockboxlogo.320x98x16.o
LOAD /home/arx/projects/rockbox/build-boot/firmware/libfirmware.a
LOAD /home/arx/projects/rockbox/build-boot/firmware/libfirmware.a
LOAD /home/arx/projects/rockbox/build-boot/lib/libmicrotar.a
LOAD /opt/rbdev/lib/gcc/mipsel-elf/4.9.4/soft-float/libgcc.a

.text           0x0000000080004000    0x1bce4
                0x0000000080004000                loadaddress = .
                0x0000000080004000                _loadaddress = .
 *(.init.text)
 .init.text     0x0000000080004000      0x128 /home/arx/projects/rockbox/build-boot/firmware/target/mips/ingenic_x1000/crt0.o
                0x0000000080004000                _start
 *(.text*)
 .text.format   0x0000000080004128      0x430 /home/arx/projects/rockbox/build-boot/bootloader/format.o
                0x0000000080004128                format
 .text.sprfunc  0x0000000080004558       0x44 /home/arx/projects/rockbox/build-boot/bootloader/snprintf.o
 .text.vsnprintf
                0x000000008000459c       0x50 /home/arx/projects/rockbox/build-boot/bootloader/snprintf.o
                0x000000008000459c                vsnprintf
 .text.snprintf
                0x00000000800045ec       0x24 /home/arx/projects/rockbox/build-boot/bootloader/snprintf.o
                0x00000000800045ec                snprintf
 .text.uimage_get_load.isra.1
                0x0000000080004610        0xc /home/arx/projects/rockbox/build-boot/bootloader/x1000/boot.o
 .text.uimage_get_ep.isra.2
                0x000000008000461c        0xc /home/arx/projects/rockbox/build-boot/bootloader/x1000/boot.o
 .text.boot_of_helper
                0x0000000080004628      0x144 /home/arx/projects/rockbox/build-boot/bootloader/x1000/boot.o
 .text.boot_rockbox
                0x000000008000476c       0x54 /home/arx/projects/rockbox/build-boot/bootloader/x1000/boot.o
                0x000000008000476c                boot_rockbox
 .text.shutdown
                0x00000000800047c0       0x28 /home/arx/projects/rockbox/build-boot/bootloader/x1000/boot.o
                0x00000000800047c0                shutdown
 .text.reboot   0x00000000800047e8       0x28 /home/arx/projects/rockbox/build-boot/bootloader/x1000/boot.o
                0x00000000800047e8                reboot
 .text.boot_linux
                0x0000000080004810      0x220 /home/arx/projects/rockbox/build-boot/bootloader/x1000/boot.o
                0x0000000080004810                boot_linux
 .text.boot_of_player
                0x0000000080004a30       0x14 /home/arx/projects/rockbox/build-boot/bootloader/x1000/boot.o
                0x0000000080004a30                boot_of_player
 .text.boot_of_recovery
                0x0000000080004a44       0x14 /home/arx/projects/rockbox/build-boot/bootloader/x1000/boot.o
                0x0000000080004a44                boot_of_recovery
 .text.putversion
                0x0000000080004a58       0x40 /home/arx/projects/rockbox/build-boot/bootloader/x1000/gui.o
                0x0000000080004a58                putversion
 .text.putcenter_y
                0x0000000080004a98       0x4c /home/arx/projects/rockbox/build-boot/bootloader/x1000/gui.o
                0x0000000080004a98                putcenter_y
 .text.get_button
                0x0000000080004ae4       0x60 /home/arx/projects/rockbox/build-boot/bootloader/x1000/gui.o
                0x0000000080004ae4                get_button
 .text.init_lcd
                0x0000000080004b44       0x64 /home/arx/projects/rockbox/build-boot/bootloader/x1000/gui.o
                0x0000000080004b44                init_lcd
 .text.clearscreen
                0x0000000080004ba8       0x24 /home/arx/projects/rockbox/build-boot/bootloader/x1000/gui.o
                0x0000000080004ba8                clearscreen
 .text.splashf  0x0000000080004bcc      0x19c /home/arx/projects/rockbox/build-boot/bootloader/x1000/gui.o
                0x0000000080004bcc                splashf
 .text.gui_shutdown
                0x0000000080004d68       0x20 /home/arx/projects/rockbox/build-boot/bootloader/x1000/gui.o
                0x0000000080004d68                gui_shutdown
 .text.gui_list_init
                0x0000000080004d88       0x20 /home/arx/projects/rockbox/build-boot/bootloader/x1000/gui.o
                0x0000000080004d88                gui_list_init
 .text.gui_list_draw
                0x0000000080004da8       0xd4 /home/arx/projects/rockbox/build-boot/bootloader/x1000/gui.o
                0x0000000080004da8                gui_list_draw
 .text.gui_list_select
                0x0000000080004e7c       0x78 /home/arx/projects/rockbox/build-boot/bootloader/x1000/gui.o
                0x0000000080004e7c                gui_list_select
 .text.bootloader_action
                0x0000000080004ef4      0x144 /home/arx/projects/rockbox/build-boot/bootloader/x1000/install.o
 .text.bootloader_install
                0x0000000080005038        0x8 /home/arx/projects/rockbox/build-boot/bootloader/x1000/install.o
                0x0000000080005038                bootloader_install
 .text.bootloader_backup
                0x0000000080005040        0x8 /home/arx/projects/rockbox/build-boot/bootloader/x1000/install.o
                0x0000000080005040                bootloader_backup
 .text.bootloader_restore
                0x0000000080005048        0x8 /home/arx/projects/rockbox/build-boot/bootloader/x1000/install.o
                0x0000000080005048                bootloader_restore
 .text.startup.main
                0x0000000080005050      0x10c /home/arx/projects/rockbox/build-boot/bootloader/x1000/main.o
                0x0000000080005050                main
 .text.to_main_menu
                0x000000008000515c       0x2c /home/arx/projects/rockbox/build-boot/bootloader/x1000/recovery.o
 .text.to_debug_menu
                0x0000000080005188       0x2c /home/arx/projects/rockbox/build-boot/bootloader/x1000/recovery.o
 .text.recmenu_draw_item
                0x00000000800051b4       0x60 /home/arx/projects/rockbox/build-boot/bootloader/x1000/recovery.o
 .text.put_help_line.constprop.0
                0x0000000080005214       0x60 /home/arx/projects/rockbox/build-boot/bootloader/x1000/recovery.o
 .text.recmenu_scroll.constprop.1
                0x0000000080005274       0xc8 /home/arx/projects/rockbox/build-boot/bootloader/x1000/recovery.o
 .text.recovery_menu
                0x000000008000533c      0x194 /home/arx/projects/rockbox/build-boot/bootloader/x1000/recovery.o
                0x000000008000533c                recovery_menu
 .text.uimage_nand_reader
                0x00000000800054d0      0x164 /home/arx/projects/rockbox/build-boot/bootloader/x1000/utils.o
 .text.check_disk
                0x0000000080005634       0x94 /home/arx/projects/rockbox/build-boot/bootloader/x1000/utils.o
                0x0000000080005634                check_disk
 .text.usb_mode
                0x00000000800056c8       0xb4 /home/arx/projects/rockbox/build-boot/bootloader/x1000/utils.o
                0x00000000800056c8                usb_mode
 .text.screenshot
                0x000000008000577c       0x3c /home/arx/projects/rockbox/build-boot/bootloader/x1000/utils.o
                0x000000008000577c                screenshot
 .text.screenshot_enable
                0x00000000800057b8       0x38 /home/arx/projects/rockbox/build-boot/bootloader/x1000/utils.o
                0x00000000800057b8                screenshot_enable
 .text.load_rockbox
                0x00000000800057f0       0xf8 /home/arx/projects/rockbox/build-boot/bootloader/x1000/utils.o
                0x00000000800057f0                load_rockbox
 .text.load_uimage_file
                0x00000000800058e8       0xb0 /home/arx/projects/rockbox/build-boot/bootloader/x1000/utils.o
                0x00000000800058e8                load_uimage_file
 .text.load_uimage_flash
                0x0000000080005998      0x160 /home/arx/projects/rockbox/build-boot/bootloader/x1000/utils.o
                0x0000000080005998                load_uimage_flash
 .text.dump_flash
                0x0000000080005af8      0x140 /home/arx/projects/rockbox/build-boot/bootloader/x1000/utils.o
                0x0000000080005af8                dump_flash
 .text.dump_flash_file
                0x0000000080005c38       0xfc /home/arx/projects/rockbox/build-boot/bootloader/x1000/utils.o
                0x0000000080005c38                dump_flash_file
 .text.dump_of_player
                0x0000000080005d34       0x14 /home/arx/projects/rockbox/build-boot/bootloader/x1000/utils.o
                0x0000000080005d34                dump_of_player
 .text.dump_of_recovery
                0x0000000080005d48       0x14 /home/arx/projects/rockbox/build-boot/bootloader/x1000/utils.o
                0x0000000080005d48                dump_of_recovery
 .text.dump_entire_flash
                0x0000000080005d5c       0x14 /home/arx/projects/rockbox/build-boot/bootloader/x1000/utils.o
                0x0000000080005d5c                dump_entire_flash
 .text.strlen   0x0000000080005d70       0x20 /home/arx/projects/rockbox/build-boot/firmware/libfirmware.a(strlen.o)
                0x0000000080005d70                strlen
 .text.backlight_init
                0x0000000080005d90       0x1c /home/arx/projects/rockbox/build-boot/firmware/libfirmware.a(backlight.o)
                0x0000000080005d90                backlight_init
 .text.backlight_on
                0x0000000080005dac        0x8 /home/arx/projects/rockbox/build-boot/firmware/libfirmware.a(backlight.o)
                0x0000000080005dac                backlight_on
 .text.is_backlight_on
                0x0000000080005db4        0x8 /home/arx/projects/rockbox/build-boot/firmware/libfirmware.a(backlight.o)
                0x0000000080005db4                is_backlight_on
 .text.handle_to_block
                0x0000000080005dbc       0x4c /home/arx/projects/rockbox/build-boot/firmware/libfirmware.a(buflib.o)
 .text.find_first_free
                0x0000000080005e08       0x30 /home/arx/projects/rockbox/build-boot/firmware/libfirmware.a(buflib.o)
 .text.find_block_before
                0x0000000080005e38       0x64 /home/arx/projects/rockbox/build-boot/firmware/libfirmware.a(buflib.o)
 .text.unlikely.buflib_panic
                0x0000000080005e9c       0x50 /home/arx/projects/rockbox/build-boot/firmware/libfirmware.a(buflib.o)
 .text.move_block
                0x0000000080005eec      0x19c /home/arx/projects/rockbox/build-boot/firmware/libfirmware.a(buflib.o)
 .text.buflib_compact
                0x0000000080006088      0x1a0 /home/arx/projects/rockbox/build-boot/firmware/libfirmware.a(buflib.o)
 .text.buflib_compact_and_shrink
                0x0000000080006228      0x1ac /home/arx/projects/rockbox/build-boot/firmware/libfirmware.a(buflib.o)
 .text.buflib_init
                0x00000000800063d4       0x7c /home/arx/projects/rockbox/build-boot/firmware/libfirmware.a(buflib.o)
                0x00000000800063d4                buflib_init
 .text.buflib_alloc_ex
                0x0000000080006450      0x288 /home/arx/projects/rockbox/build-boot/firmware/libfirmware.a(buflib.o)
                0x0000000080006450                buflib_alloc_ex
 .text.buflib_free
                0x00000000800066d8       0xe0 /home/arx/projects/rockbox/build-boot/firmware/libfirmware.a(buflib.o)
                0x00000000800066d8                buflib_free
 .text.buflib_allocatable
                0x00000000800067b8       0xcc /home/arx/projects/rockbox/build-boot/firmware/libfirmware.a(buflib.o)
                0x00000000800067b8                buflib_allocatable
 .text.buflib_alloc_maximum
                0x0000000080006884       0xc4 /home/arx/projects/rockbox/build-boot/firmware/libfirmware.a(buflib.o)
                0x0000000080006884                buflib_alloc_maximum
 .text.buflib_shrink
                0x0000000080006948      0x174 /home/arx/projects/rockbox/build-boot/firmware/libfirmware.a(buflib.o)
                0x0000000080006948                buflib_shrink
 .text.core_alloc
                0x0000000080006abc       0x14 /home/arx/projects/rockbox/build-boot/firmware/libfirmware.a(core_alloc.o)
                0x0000000080006abc                core_alloc
 .text.core_allocator_init
                0x0000000080006ad0       0x54 /home/arx/projects/rockbox/build-boot/firmware/libfirmware.a(core_alloc.o)
                0x0000000080006ad0                core_allocator_init
 .text.core_alloc_ex
                0x0000000080006b24       0x18 /home/arx/projects/rockbox/build-boot/firmware/libfirmware.a(core_alloc.o)
                0x0000000080006b24                core_alloc_ex
 .text.core_free
                0x0000000080006b3c       0x10 /home/arx/projects/rockbox/build-boot/firmware/libfirmware.a(core_alloc.o)
                0x0000000080006b3c                core_free
 .text.core_alloc_maximum
                0x0000000080006b4c       0x20 /home/arx/projects/rockbox/build-boot/firmware/libfirmware.a(core_alloc.o)
                0x0000000080006b4c                core_alloc_maximum
 .text.core_shrink
                0x0000000080006b6c       0x20 /home/arx/projects/rockbox/build-boot/firmware/libfirmware.a(core_alloc.o)
                0x0000000080006b6c                core_shrink
 .text.usb_slave_mode
                0x0000000080006b8c       0x70 /home/arx/projects/rockbox/build-boot/firmware/libfirmware.a(usb.o)
 .text.usb_set_host_present
                0x0000000080006bfc      0x100 /home/arx/projects/rockbox/build-boot/firmware/libfirmware.a(usb.o)
 .text.usb_thread
                0x0000000080006cfc      0x254 /home/arx/projects/rockbox/build-boot/firmware/libfirmware.a(usb.o)
 .text.usb_signal_transfer_completion
                0x0000000080006f50       0x14 /home/arx/projects/rockbox/build-boot/firmware/libfirmware.a(usb.o)
                0x0000000080006f50                usb_signal_transfer_completion
 .text.usb_charger_update
                0x0000000080006f64       0x14 /home/arx/projects/rockbox/build-boot/firmware/libfirmware.a(usb.o)
                0x0000000080006f64                usb_charger_update
 .text.usb_status_event
                0x0000000080006f78       0x78 /home/arx/projects/rockbox/build-boot/firmware/libfirmware.a(usb.o)
                0x0000000080006f78                usb_status_event
 .text.usb_start_monitoring
                0x0000000080006ff0       0x48 /home/arx/projects/rockbox/build-boot/firmware/libfirmware.a(usb.o)
                0x0000000080006ff0                usb_start_monitoring
 .text.usb_acknowledge
                0x0000000080007038       0x14 /home/arx/projects/rockbox/build-boot/firmware/libfirmware.a(usb.o)
                0x0000000080007038                usb_acknowledge
 .text.usb_init
                0x000000008000704c       0x6c /home/arx/projects/rockbox/build-boot/firmware/libfirmware.a(usb.o)
                0x000000008000704c                usb_init
 .text.usb_exclusive_storage
                0x00000000800070b8       0x28 /home/arx/projects/rockbox/build-boot/firmware/libfirmware.a(usb.o)
                0x00000000800070b8                usb_exclusive_storage
 .text.uimage_get_size.isra.5
                0x00000000800070e0        0xc /home/arx/projects/rockbox/build-boot/firmware/libfirmware.a(linuxboot.o)
 .text.uimage_get_dcrc.isra.6
                0x00000000800070ec        0xc /home/arx/projects/rockbox/build-boot/firmware/libfirmware.a(linuxboot.o)
 .text.uimage_crc
                0x00000000800070f8       0x2c /home/arx/projects/rockbox/build-boot/firmware/libfirmware.a(linuxboot.o)
                0x00000000800070f8                uimage_crc
 .text.uimage_inflate_reader
                0x0000000080007124       0x84 /home/arx/projects/rockbox/build-boot/firmware/libfirmware.a(linuxboot.o)
 .text.uimage_calc_hcrc
                0x00000000800071a8       0x38 /home/arx/projects/rockbox/build-boot/firmware/libfirmware.a(linuxboot.o)
                0x00000000800071a8                uimage_calc_hcrc
 .text.uimage_load
                0x00000000800071e0      0x328 /home/arx/projects/rockbox/build-boot/firmware/libfirmware.a(linuxboot.o)
                0x00000000800071e0                uimage_load
 .text.uimage_fd_reader
                0x0000000080007508       0x18 /home/arx/projects/rockbox/build-boot/firmware/libfirmware.a(linuxboot.o)
                0x0000000080007508                uimage_fd_reader
 .text.mips_linux_stub_get_entry
                0x0000000080007520      0x174 /home/arx/projects/rockbox/build-boot/firmware/libfirmware.a(linuxboot.o)
                0x0000000080007520                mips_linux_stub_get_entry
 .text.load_firmware_filename
                0x0000000080007694      0x11c /home/arx/projects/rockbox/build-boot/firmware/libfirmware.a(rb-loader.o)
 .text.load_firmware
                0x00000000800077b0      0x174 /home/arx/projects/rockbox/build-boot/firmware/libfirmware.a(rb-loader.o)
                0x00000000800077b0                load_firmware
 .text.panicf   0x0000000080007924      0x10c /home/arx/projects/rockbox/build-boot/firmware/libfirmware.a(panic.o)
                0x0000000080007924                panicf
 .text.write_bootdata
                0x0000000080007a30       0xfc /home/arx/projects/rockbox/build-boot/firmware/libfirmware.a(multiboot.o)
                0x0000000080007a30                write_bootdata
 .text.get_redirect_dir
                0x0000000080007b2c      0x11c /home/arx/projects/rockbox/build-boot/firmware/libfirmware.a(multiboot.o)
                0x0000000080007b2c                get_redirect_dir
 .text.strchr   0x0000000080007c48       0x34 /home/arx/projects/rockbox/build-boot/firmware/libfirmware.a(strchr.o)
                0x0000000080007c48                strchr
 .text.strcpy   0x0000000080007c7c       0x24 /home/arx/projects/rockbox/build-boot/firmware/libfirmware.a(strcpy.o)
                0x0000000080007c7c                strcpy
 .text.crc_32   0x0000000080007ca0       0x64 /home/arx/projects/rockbox/build-boot/firmware/libfirmware.a(crc32.o)
                0x0000000080007ca0                crc_32
 .text.crc_32r  0x0000000080007d04       0x60 /home/arx/projects/rockbox/build-boot/firmware/libfirmware.a(crc32.o)
                0x0000000080007d04                crc_32r
 .text.loader_strerror
                0x0000000080007d64       0x30 /home/arx/projects/rockbox/build-boot/firmware/libfirmware.a(loader_strerror.o)
                0x0000000080007d64                loader_strerror
 .text.file_internal_lock_WRITER
                0x0000000080007d94        0xc /home/arx/projects/rockbox/build-boot/firmware/libfirmware.a(file.o)
 .text.get_filestr
                0x0000000080007da0       0x80 /home/arx/projects/rockbox/build-boot/firmware/libfirmware.a(file.o)
 .text.flush_cache
                0x0000000080007e20       0xe0 /home/arx/projects/rockbox/build-boot/firmware/libfirmware.a(file.o)
 .text.file_internal_unlock_WRITER
                0x0000000080007f00        0xc /home/arx/projects/rockbox/build-boot/firmware/libfirmware.a(file.o)
 .text.file_internal_unlock_READER
                0x0000000080007f0c        0xc /home/arx/projects/rockbox/build-boot/firmware/libfirmware.a(file.o)
 .text.readwrite_fill_cache
                0x0000000080007f18      0x140 /home/arx/projects/rockbox/build-boot/firmware/libfirmware.a(file.o)
 .text.ftruncate_internal
                0x0000000080008058      0x240 /home/arx/projects/rockbox/build-boot/firmware/libfirmware.a(file.o)
 .text.fsync_internal
                0x0000000080008298      0x140 /home/arx/projects/rockbox/build-boot/firmware/libfirmware.a(file.o)
 .text.close_internal
                0x00000000800083d8       0x84 /home/arx/projects/rockbox/build-boot/firmware/libfirmware.a(file.o)
 .text.readwrite
                0x000000008000845c      0x478 /home/arx/projects/rockbox/build-boot/firmware/libfirmware.a(file.o)
 .text.force_close_writer_internal
                0x00000000800088d4        0x8 /home/arx/projects/rockbox/build-boot/firmware/libfirmware.a(file.o)
                0x00000000800088d4                force_close_writer_internal
 .text.close    0x00000000800088dc       0x88 /home/arx/projects/rockbox/build-boot/firmware/libfirmware.a(file.o)
                0x00000000800088dc                close
 .text.open_internal_inner1
                0x0000000080008964      0x2ec /home/arx/projects/rockbox/build-boot/firmware/libfirmware.a(file.o)
 .text.open_noiso_internal
                0x0000000080008c50       0x3c /home/arx/projects/rockbox/build-boot/firmware/libfirmware.a(file.o)
                0x0000000080008c50                open_noiso_internal
 .text.open     0x0000000080008c8c       0x3c /home/arx/projects/rockbox/build-boot/firmware/libfirmware.a(file.o)
                0x0000000080008c8c                open
 .text.creat    0x0000000080008cc8       0x38 /home/arx/projects/rockbox/build-boot/firmware/libfirmware.a(file.o)
                0x0000000080008cc8                creat
 .text.lseek    0x0000000080008d00      0x154 /home/arx/projects/rockbox/build-boot/firmware/libfirmware.a(file.o)
                0x0000000080008d00                lseek
 .text.read     0x0000000080008e54       0xc8 /home/arx/projects/rockbox/build-boot/firmware/libfirmware.a(file.o)
                0x0000000080008e54                read
 .text.write    0x0000000080008f1c       0xc8 /home/arx/projects/rockbox/build-boot/firmware/libfirmware.a(file.o)
                0x0000000080008f1c                write
 .text.remove   0x0000000080008fe4       0x38 /home/arx/projects/rockbox/build-boot/firmware/libfirmware.a(file.o)
                0x0000000080008fe4                remove
 .text.filesize
                0x000000008000901c       0x94 /home/arx/projects/rockbox/build-boot/firmware/libfirmware.a(file.o)
                0x000000008000901c                filesize
 .text.walk_check_prefix.isra.0
                0x00000000800090b0       0x58 /home/arx/projects/rockbox/build-boot/firmware/libfirmware.a(file_internal.o)
 .text.file_cache_init
                0x0000000080009108       0x14 /home/arx/projects/rockbox/build-boot/firmware/libfirmware.a(file_internal.o)
                0x0000000080009108                file_cache_init
 .text.file_cache_reset
                0x000000008000911c       0x10 /home/arx/projects/rockbox/build-boot/firmware/libfirmware.a(file_internal.o)
                0x000000008000911c                file_cache_reset
 .text.file_cache_alloc
                0x000000008000912c       0x48 /home/arx/projects/rockbox/build-boot/firmware/libfirmware.a(file_internal.o)
                0x000000008000912c                file_cache_alloc
 .text.file_cache_free
                0x0000000080009174       0x50 /home/arx/projects/rockbox/build-boot/firmware/libfirmware.a(file_internal.o)
                0x0000000080009174                file_cache_free
 .text.filestr_alloc_cache
                0x00000000800091c4        0x8 /home/arx/projects/rockbox/build-boot/firmware/libfirmware.a(file_internal.o)
                0x00000000800091c4                filestr_alloc_cache
 .text.filestr_free_cache
                0x00000000800091cc       0x24 /home/arx/projects/rockbox/build-boot/firmware/libfirmware.a(file_internal.o)
                0x00000000800091cc                filestr_free_cache
 .text.filestr_assign_cache
                0x00000000800091f0       0x50 /home/arx/projects/rockbox/build-boot/firmware/libfirmware.a(file_internal.o)
                0x00000000800091f0                filestr_assign_cache
 .text.filestr_copy_cache
                0x0000000080009240       0x6c /home/arx/projects/rockbox/build-boot/firmware/libfirmware.a(file_internal.o)
                0x0000000080009240                filestr_copy_cache
 .text.filestr_discard_cache
                0x00000000800092ac       0x14 /home/arx/projects/rockbox/build-boot/firmware/libfirmware.a(file_internal.o)
                0x00000000800092ac                filestr_discard_cache
 .text.filestr_base_init
                0x00000000800092c0       0x28 /home/arx/projects/rockbox/build-boot/firmware/libfirmware.a(file_internal.o)
                0x00000000800092c0                filestr_base_init
 .text.filestr_base_destroy
                0x00000000800092e8        0xc /home/arx/projects/rockbox/build-boot/firmware/libfirmware.a(file_internal.o)
                0x00000000800092e8                filestr_base_destroy
 .text.uncached_readdir_internal
                0x00000000800092f4       0x64 /home/arx/projects/rockbox/build-boot/firmware/libfirmware.a(file_internal.o)
                0x00000000800092f4                uncached_readdir_internal
 .text.test_dir_empty_internal
                0x0000000080009358       0xe4 /home/arx/projects/rockbox/build-boot/firmware/libfirmware.a(file_internal.o)
                0x0000000080009358                test_dir_empty_internal
 .text.iso_decode_d_name
                0x000000008000943c       0x70 /home/arx/projects/rockbox/build-boot/firmware/libfirmware.a(file_internal.o)
                0x000000008000943c                iso_decode_d_name
 .text.open_path_component
                0x00000000800094ac      0x198 /home/arx/projects/rockbox/build-boot/firmware/libfirmware.a(file_internal.o)
 .text.walk_path
                0x0000000080009644      0x30c /home/arx/projects/rockbox/build-boot/firmware/libfirmware.a(file_internal.o)
 .text.open_stream_internal
                0x0000000080009950      0x198 /home/arx/projects/rockbox/build-boot/firmware/libfirmware.a(file_internal.o)
                0x0000000080009950                open_stream_internal
 .text.close_stream_internal
                0x0000000080009ae8       0x7c /home/arx/projects/rockbox/build-boot/firmware/libfirmware.a(file_internal.o)
                0x0000000080009ae8                close_stream_internal
 .text.create_stream_internal
                0x0000000080009b64       0xc8 /home/arx/projects/rockbox/build-boot/firmware/libfirmware.a(file_internal.o)
                0x0000000080009b64                create_stream_internal
 .text.remove_stream_internal
                0x0000000080009c2c      0x114 /home/arx/projects/rockbox/build-boot/firmware/libfirmware.a(file_internal.o)
                0x0000000080009c2c                remove_stream_internal
 .text.filesystem_init
                0x0000000080009d40       0x28 /home/arx/projects/rockbox/build-boot/firmware/libfirmware.a(file_internal.o)
                0x0000000080009d40                filesystem_init
 .text.file_internal_lock_WRITER
                0x0000000080009d68        0xc /home/arx/projects/rockbox/build-boot/firmware/libfirmware.a(disk.o)
 .text.file_internal_unlock_WRITER
                0x0000000080009d74        0xc /home/arx/projects/rockbox/build-boot/firmware/libfirmware.a(disk.o)
 .text.volume_onmount_internal
                0x0000000080009d80       0x68 /home/arx/projects/rockbox/build-boot/firmware/libfirmware.a(disk.o)
 .text.disk_init
                0x0000000080009de8      0x11c /home/arx/projects/rockbox/build-boot/firmware/libfirmware.a(disk.o)
                0x0000000080009de8                disk_init
 .text.disk_mount
                0x0000000080009f04      0x1a0 /home/arx/projects/rockbox/build-boot/firmware/libfirmware.a(disk.o)
                0x0000000080009f04                disk_mount
 .text.disk_mount_all
                0x000000008000a0a4       0x80 /home/arx/projects/rockbox/build-boot/firmware/libfirmware.a(disk.o)
                0x000000008000a0a4                disk_mount_all
 .text.disk_unmount
                0x000000008000a124       0xa8 /home/arx/projects/rockbox/build-boot/firmware/libfirmware.a(disk.o)
                0x000000008000a124                disk_unmount
 .text.disk_unmount_all
                0x000000008000a1cc       0x5c /home/arx/projects/rockbox/build-boot/firmware/libfirmware.a(disk.o)
                0x000000008000a1cc                disk_unmount_all
 .text.disk_present
                0x000000008000a228       0x64 /home/arx/projects/rockbox/build-boot/firmware/libfirmware.a(disk.o)
                0x000000008000a228                disk_present
 .text.fileobj_sync_parent
                0x000000008000a28c       0xec /home/arx/projects/rockbox/build-boot/firmware/libfirmware.a(fileobj_mgr.o)
 .text.file_binding_insert_last
                0x000000008000a378       0x1c /home/arx/projects/rockbox/build-boot/firmware/libfirmware.a(fileobj_mgr.o)
                0x000000008000a378                file_binding_insert_last
 .text.bind_source_info
                0x000000008000a394       0xc8 /home/arx/projects/rockbox/build-boot/firmware/libfirmware.a(fileobj_mgr.o)
 .text.file_binding_remove
                0x000000008000a45c       0x1c /home/arx/projects/rockbox/build-boot/firmware/libfirmware.a(fileobj_mgr.o)
                0x000000008000a45c                file_binding_remove
 .text.fileobj_mount
                0x000000008000a478       0x60 /home/arx/projects/rockbox/build-boot/firmware/libfirmware.a(fileobj_mgr.o)
                0x000000008000a478                fileobj_mount
 .text.fileobj_unmount
                0x000000008000a4d8       0x5c /home/arx/projects/rockbox/build-boot/firmware/libfirmware.a(fileobj_mgr.o)
                0x000000008000a4d8                fileobj_unmount
 .text.fileobj_fileop_open
                0x000000008000a534      0x15c /home/arx/projects/rockbox/build-boot/firmware/libfirmware.a(fileobj_mgr.o)
                0x000000008000a534                fileobj_fileop_open
 .text.fileobj_fileop_close
                0x000000008000a690      0x11c /home/arx/projects/rockbox/build-boot/firmware/libfirmware.a(fileobj_mgr.o)
                0x000000008000a690                fileobj_fileop_close
 .text.fileobj_fileop_create
                0x000000008000a7ac       0x38 /home/arx/projects/rockbox/build-boot/firmware/libfirmware.a(fileobj_mgr.o)
                0x000000008000a7ac                fileobj_fileop_create
 .text.fileobj_fileop_remove
                0x000000008000a7e4       0x34 /home/arx/projects/rockbox/build-boot/firmware/libfirmware.a(fileobj_mgr.o)
                0x000000008000a7e4                fileobj_fileop_remove
 .text.fileobj_fileop_sync
                0x000000008000a818       0x3c /home/arx/projects/rockbox/build-boot/firmware/libfirmware.a(fileobj_mgr.o)
                0x000000008000a818                fileobj_fileop_sync
 .text.fileobj_get_sizep
                0x000000008000a854       0x14 /home/arx/projects/rockbox/build-boot/firmware/libfirmware.a(fileobj_mgr.o)
                0x000000008000a854                fileobj_get_sizep
 .text.fileobj_get_next_stream
                0x000000008000a868       0x20 /home/arx/projects/rockbox/build-boot/firmware/libfirmware.a(fileobj_mgr.o)
                0x000000008000a868                fileobj_get_next_stream
 .text.fileobj_get_flags
                0x000000008000a888       0x18 /home/arx/projects/rockbox/build-boot/firmware/libfirmware.a(fileobj_mgr.o)
                0x000000008000a888                fileobj_get_flags
 .text.fileobj_change_flags
                0x000000008000a8a0       0x30 /home/arx/projects/rockbox/build-boot/firmware/libfirmware.a(fileobj_mgr.o)
                0x000000008000a8a0                fileobj_change_flags
 .text.fileobj_mgr_unmount
                0x000000008000a8d0       0xe8 /home/arx/projects/rockbox/build-boot/firmware/libfirmware.a(fileobj_mgr.o)
                0x000000008000a8d0                fileobj_mgr_unmount
 .text.fileobj_mgr_init
                0x000000008000a9b8       0xb8 /home/arx/projects/rockbox/build-boot/firmware/libfirmware.a(fileobj_mgr.o)
                0x000000008000a9b8                fileobj_mgr_init
 .text.path_strip_volume
                0x000000008000aa70       0xf8 /home/arx/projects/rockbox/build-boot/firmware/libfirmware.a(pathfuncs.o)
                0x000000008000aa70                path_strip_volume
 .text.get_volume_name
                0x000000008000ab68       0x80 /home/arx/projects/rockbox/build-boot/firmware/libfirmware.a(pathfuncs.o)
                0x000000008000ab68                get_volume_name
 .text.make_volume_root
                0x000000008000abe8       0x58 /home/arx/projects/rockbox/build-boot/firmware/libfirmware.a(pathfuncs.o)
                0x000000008000abe8                make_volume_root
 .text.path_append
                0x000000008000ac40      0x1cc /home/arx/projects/rockbox/build-boot/firmware/libfirmware.a(pathfuncs.o)
                0x000000008000ac40                path_append
 .text.parse_path_component
                0x000000008000ae0c       0x58 /home/arx/projects/rockbox/build-boot/firmware/libfirmware.a(pathfuncs.o)
                0x000000008000ae0c                parse_path_component
 .text.ll_init  0x000000008000ae64        0xc /home/arx/projects/rockbox/build-boot/firmware/libfirmware.a(linked_list.o)
                0x000000008000ae64                ll_init
 .text.ll_insert_last
                0x000000008000ae70       0x20 /home/arx/projects/rockbox/build-boot/firmware/libfirmware.a(linked_list.o)
                0x000000008000ae70                ll_insert_last
 .text.ll_remove_next
                0x000000008000ae90       0x38 /home/arx/projects/rockbox/build-boot/firmware/libfirmware.a(linked_list.o)
                0x000000008000ae90                ll_remove_next
 .text.ll_remove_first
                0x000000008000aec8       0x1c /home/arx/projects/rockbox/build-boot/firmware/libfirmware.a(linked_list.o)
                0x000000008000aec8                ll_remove_first
 .text.ll_remove
                0x000000008000aee4       0x2c /home/arx/projects/rockbox/build-boot/firmware/libfirmware.a(linked_list.o)
                0x000000008000aee4                ll_remove
 .text.lld_init
                0x000000008000af10        0xc /home/arx/projects/rockbox/build-boot/firmware/libfirmware.a(linked_list.o)
                0x000000008000af10                lld_init
 .text.lld_insert_last
                0x000000008000af1c       0x24 /home/arx/projects/rockbox/build-boot/firmware/libfirmware.a(linked_list.o)
                0x000000008000af1c                lld_insert_last
 .text.lld_remove
                0x000000008000af40       0x30 /home/arx/projects/rockbox/build-boot/firmware/libfirmware.a(linked_list.o)
                0x000000008000af40                lld_remove
 .text.lldc_init
                0x000000008000af70        0x8 /home/arx/projects/rockbox/build-boot/firmware/libfirmware.a(linked_list.o)
                0x000000008000af70                lldc_init
 .text.lldc_insert_first
                0x000000008000af78       0x34 /home/arx/projects/rockbox/build-boot/firmware/libfirmware.a(linked_list.o)
                0x000000008000af78                lldc_insert_first
 .text.lldc_insert_last
                0x000000008000afac       0x34 /home/arx/projects/rockbox/build-boot/firmware/libfirmware.a(linked_list.o)
                0x000000008000afac                lldc_insert_last
 .text.lldc_remove
                0x000000008000afe0       0x2c /home/arx/projects/rockbox/build-boot/firmware/libfirmware.a(linked_list.o)
                0x000000008000afe0                lldc_remove
 .text.unmount_item
                0x000000008000b00c       0x6c /home/arx/projects/rockbox/build-boot/firmware/libfirmware.a(rb_namespace.o)
 .text.root_mount_path
                0x000000008000b078      0x124 /home/arx/projects/rockbox/build-boot/firmware/libfirmware.a(rb_namespace.o)
                0x000000008000b078                root_mount_path
 .text.root_unmount_volume
                0x000000008000b19c       0xcc /home/arx/projects/rockbox/build-boot/firmware/libfirmware.a(rb_namespace.o)
                0x000000008000b19c                root_unmount_volume
 .text.ns_parse_root
                0x000000008000b268       0xa8 /home/arx/projects/rockbox/build-boot/firmware/libfirmware.a(rb_namespace.o)
                0x000000008000b268                ns_parse_root
 .text.ns_open_root
                0x000000008000b310       0xc0 /home/arx/projects/rockbox/build-boot/firmware/libfirmware.a(rb_namespace.o)
                0x000000008000b310                ns_open_root
 .text.strcasecmp
                0x000000008000b3d0       0x90 /home/arx/projects/rockbox/build-boot/firmware/libfirmware.a(strcasecmp.o)
                0x000000008000b3d0                strcasecmp
 .text.strlcpy  0x000000008000b460       0x50 /home/arx/projects/rockbox/build-boot/firmware/libfirmware.a(strlcpy.o)
                0x000000008000b460                strlcpy
 .text.alloc_and_load_cp_table
                0x000000008000b4b0      0x144 /home/arx/projects/rockbox/build-boot/firmware/libfirmware.a(unicode.o)
 .text.move_callback
                0x000000008000b5f4       0x24 /home/arx/projects/rockbox/build-boot/firmware/libfirmware.a(unicode.o)
 .text.utf8encode
                0x000000008000b618       0x8c /home/arx/projects/rockbox/build-boot/firmware/libfirmware.a(unicode.o)
                0x000000008000b618                utf8encode
 .text.iso_decode
                0x000000008000b6a4      0x300 /home/arx/projects/rockbox/build-boot/firmware/libfirmware.a(unicode.o)
                0x000000008000b6a4                iso_decode
 .text.utf8length
                0x000000008000b9a4       0x30 /home/arx/projects/rockbox/build-boot/firmware/libfirmware.a(unicode.o)
                0x000000008000b9a4                utf8length
 .text.utf8decode
                0x000000008000b9d4       0xdc /home/arx/projects/rockbox/build-boot/firmware/libfirmware.a(unicode.o)
                0x000000008000b9d4                utf8decode
 .text.inflate  0x000000008000bab0     0x152c /home/arx/projects/rockbox/build-boot/firmware/libfirmware.a(inflate.o)
                0x000000008000bab0                inflate
 .text.inflate_buffer_writer
                0x000000008000cfdc       0x60 /home/arx/projects/rockbox/build-boot/firmware/libfirmware.a(inflate.o)
                0x000000008000cfdc                inflate_buffer_writer
 .text.font_init
                0x000000008000d03c        0x8 /home/arx/projects/rockbox/build-boot/firmware/libfirmware.a(font.o)
                0x000000008000d03c                font_init
 .text.font_get
                0x000000008000d044        0xc /home/arx/projects/rockbox/build-boot/firmware/libfirmware.a(font.o)
                0x000000008000d044                font_get
 .text.font_get_width
                0x000000008000d050       0x50 /home/arx/projects/rockbox/build-boot/firmware/libfirmware.a(font.o)
                0x000000008000d050                font_get_width
 .text.font_get_bits
                0x000000008000d0a0       0x70 /home/arx/projects/rockbox/build-boot/firmware/libfirmware.a(font.o)
                0x000000008000d0a0                font_get_bits
 .text.font_getstringsize
                0x000000008000d110       0xb8 /home/arx/projects/rockbox/build-boot/firmware/libfirmware.a(font.o)
                0x000000008000d110                font_getstringsize
 .text.screen_dump
                0x000000008000d1c8      0x12c /home/arx/projects/rockbox/build-boot/firmware/libfirmware.a(screendump.o)
                0x000000008000d1c8                screen_dump
 .text.lcd_frameaddress_default
                0x000000008000d2f4       0x28 /home/arx/projects/rockbox/build-boot/firmware/libfirmware.a(lcd-16bit.o)
 .text.setpixel
                0x000000008000d31c       0x14 /home/arx/projects/rockbox/build-boot/firmware/libfirmware.a(lcd-16bit.o)
 .text.clearpixel
                0x000000008000d330       0x14 /home/arx/projects/rockbox/build-boot/firmware/libfirmware.a(lcd-16bit.o)
 .text.clearimgpixel
                0x000000008000d344       0x18 /home/arx/projects/rockbox/build-boot/firmware/libfirmware.a(lcd-16bit.o)
 .text.flippixel
                0x000000008000d35c       0x10 /home/arx/projects/rockbox/build-boot/firmware/libfirmware.a(lcd-16bit.o)
 .text.nopixel  0x000000008000d36c        0x8 /home/arx/projects/rockbox/build-boot/firmware/libfirmware.a(lcd-16bit.o)
 .text.blend_two_colors
                0x000000008000d374       0x50 /home/arx/projects/rockbox/build-boot/firmware/libfirmware.a(lcd-16bit.o)
 .text.lcd_alpha_bitmap_part_mix
                0x000000008000d3c4      0x5ec /home/arx/projects/rockbox/build-boot/firmware/libfirmware.a(lcd-16bit.o)
 .text.lcd_set_drawmode
                0x000000008000d9b0       0x14 /home/arx/projects/rockbox/build-boot/firmware/libfirmware.a(lcd-16bit.o)
                0x000000008000d9b0                lcd_set_drawmode
 .text.lcd_set_foreground
                0x000000008000d9c4       0x10 /home/arx/projects/rockbox/build-boot/firmware/libfirmware.a(lcd-16bit.o)
                0x000000008000d9c4                lcd_set_foreground
 .text.lcd_set_background
                0x000000008000d9d4       0x10 /home/arx/projects/rockbox/build-boot/firmware/libfirmware.a(lcd-16bit.o)
                0x000000008000d9d4                lcd_set_background
 .text.lcd_setfont
                0x000000008000d9e4       0x10 /home/arx/projects/rockbox/build-boot/firmware/libfirmware.a(lcd-16bit.o)
                0x000000008000d9e4                lcd_setfont
 .text.lcd_getstringsize
                0x000000008000d9f4       0x10 /home/arx/projects/rockbox/build-boot/firmware/libfirmware.a(lcd-16bit.o)
                0x000000008000d9f4                lcd_getstringsize
 .text.lcd_set_backdrop
                0x000000008000da04       0x84 /home/arx/projects/rockbox/build-boot/firmware/libfirmware.a(lcd-16bit.o)
                0x000000008000da04                lcd_set_backdrop
 .text.lcd_alpha_bitmap_part
                0x000000008000da88       0x5c /home/arx/projects/rockbox/build-boot/firmware/libfirmware.a(lcd-16bit.o)
                0x000000008000da88                lcd_alpha_bitmap_part
 .text.lcd_init_viewport
                0x000000008000dae4       0x88 /home/arx/projects/rockbox/build-boot/firmware/libfirmware.a(lcd-16bit.o)
                0x000000008000dae4                lcd_init_viewport
 .text.lcd_set_viewport_ex
                0x000000008000db6c       0x58 /home/arx/projects/rockbox/build-boot/firmware/libfirmware.a(lcd-16bit.o)
                0x000000008000db6c                lcd_set_viewport_ex
 .text.lcd_set_viewport
                0x000000008000dbc4        0x8 /home/arx/projects/rockbox/build-boot/firmware/libfirmware.a(lcd-16bit.o)
                0x000000008000dbc4                lcd_set_viewport
 .text.lcd_clear_viewport
                0x000000008000dbcc      0x1a0 /home/arx/projects/rockbox/build-boot/firmware/libfirmware.a(lcd-16bit.o)
                0x000000008000dbcc                lcd_clear_viewport
 .text.lcd_clear_display
                0x000000008000dd6c       0x40 /home/arx/projects/rockbox/build-boot/firmware/libfirmware.a(lcd-16bit.o)
                0x000000008000dd6c                lcd_clear_display
 .text.lcd_init
                0x000000008000ddac       0x2c /home/arx/projects/rockbox/build-boot/firmware/libfirmware.a(lcd-16bit.o)
                0x000000008000ddac                lcd_init
 .text.lcd_mono_bitmap_part
                0x000000008000ddd8      0x330 /home/arx/projects/rockbox/build-boot/firmware/libfirmware.a(lcd-16bit.o)
                0x000000008000ddd8                lcd_mono_bitmap_part
 .text.lcd_putsxyofs
                0x000000008000e108      0x19c /home/arx/projects/rockbox/build-boot/firmware/libfirmware.a(lcd-16bit.o)
 .text.lcd_putsxy
                0x000000008000e2a4        0xc /home/arx/projects/rockbox/build-boot/firmware/libfirmware.a(lcd-16bit.o)
                0x000000008000e2a4                lcd_putsxy
 .text.lcd_putsxyf
                0x000000008000e2b0       0x54 /home/arx/projects/rockbox/build-boot/firmware/libfirmware.a(lcd-16bit.o)
                0x000000008000e2b0                lcd_putsxyf
 .text.lcd_puts
                0x000000008000e304       0x64 /home/arx/projects/rockbox/build-boot/firmware/libfirmware.a(lcd-16bit.o)
                0x000000008000e304                lcd_puts
 .text.lcd_hline
                0x000000008000e368      0x180 /home/arx/projects/rockbox/build-boot/firmware/libfirmware.a(lcd-16bit.o)
                0x000000008000e368                lcd_hline
 .text.lcd_vline
                0x000000008000e4e8      0x110 /home/arx/projects/rockbox/build-boot/firmware/libfirmware.a(lcd-16bit.o)
                0x000000008000e4e8                lcd_vline
 .text.lcd_drawrect
                0x000000008000e5f8       0x98 /home/arx/projects/rockbox/build-boot/firmware/libfirmware.a(lcd-16bit.o)
                0x000000008000e5f8                lcd_drawrect
 .text.is_diacritic
                0x000000008000e690       0x10 /home/arx/projects/rockbox/build-boot/firmware/libfirmware.a(diacritic.o)
                0x000000008000e690                is_diacritic
 .text.hp_detect_callback
                0x000000008000e6a0       0x60 /home/arx/projects/rockbox/build-boot/firmware/libfirmware.a(button.o)
 .text.button_try_post
                0x000000008000e700       0x64 /home/arx/projects/rockbox/build-boot/firmware/libfirmware.a(button.o)
 .text.button_read
                0x000000008000e764       0x3c /home/arx/projects/rockbox/build-boot/firmware/libfirmware.a(button.o)
 .text.button_tick
                0x000000008000e7a0      0x2d8 /home/arx/projects/rockbox/build-boot/firmware/libfirmware.a(button.o)
 .text.button_get_w_tmo
                0x000000008000ea78       0x4c /home/arx/projects/rockbox/build-boot/firmware/libfirmware.a(button.o)
                0x000000008000ea78                button_get_w_tmo
 .text.button_init
                0x000000008000eac4       0x70 /home/arx/projects/rockbox/build-boot/firmware/libfirmware.a(button.o)
                0x000000008000eac4                button_init
 .text.button_status
                0x000000008000eb34        0xc /home/arx/projects/rockbox/build-boot/firmware/libfirmware.a(button.o)
                0x000000008000eb34                button_status
 .text.touchscreen_to_pixels
                0x000000008000eb40      0x118 /home/arx/projects/rockbox/build-boot/firmware/libfirmware.a(touchscreen.o)
                0x000000008000eb40                touchscreen_to_pixels
 .text.touchscreen_set_mode
                0x000000008000ec58        0xc /home/arx/projects/rockbox/build-boot/firmware/libfirmware.a(touchscreen.o)
                0x000000008000ec58                touchscreen_set_mode
 .text.touchscreen_get_mode
                0x000000008000ec64        0xc /home/arx/projects/rockbox/build-boot/firmware/libfirmware.a(touchscreen.o)
                0x000000008000ec64                touchscreen_get_mode
 .text.storage_thread
                0x000000008000ec70      0x1b0 /home/arx/projects/rockbox/build-boot/firmware/libfirmware.a(storage.o)
 .text.storage_init
                0x000000008000ee20       0x84 /home/arx/projects/rockbox/build-boot/firmware/libfirmware.a(storage.o)
                0x000000008000ee20                storage_init
 .text.storage_read_sectors
                0x000000008000eea4        0x8 /home/arx/projects/rockbox/build-boot/firmware/libfirmware.a(storage.o)
                0x000000008000eea4                storage_read_sectors
 .text.storage_write_sectors
                0x000000008000eeac        0x8 /home/arx/projects/rockbox/build-boot/firmware/libfirmware.a(storage.o)
                0x000000008000eeac                storage_write_sectors
 .text.parse_short_direntry
                0x000000008000eeb4      0x150 /home/arx/projects/rockbox/build-boot/firmware/libfirmware.a(fat.o)
 .text.longent_char_next
                0x000000008000f004       0x2c /home/arx/projects/rockbox/build-boot/firmware/libfirmware.a(fat.o)
 .text.cluster2sec
                0x000000008000f030       0x48 /home/arx/projects/rockbox/build-boot/firmware/libfirmware.a(fat.o)
 .text.free_cluster_chain
                0x000000008000f078       0x8c /home/arx/projects/rockbox/build-boot/firmware/libfirmware.a(fat.o)
 .text.dc_lock_cache
                0x000000008000f104        0xc /home/arx/projects/rockbox/build-boot/firmware/libfirmware.a(fat.o)
 .text.dc_unlock_cache
                0x000000008000f110        0xc /home/arx/projects/rockbox/build-boot/firmware/libfirmware.a(fat.o)
 .text.next_write_cluster
                0x000000008000f11c       0xd0 /home/arx/projects/rockbox/build-boot/firmware/libfirmware.a(fat.o)
 .text.cache_sector
                0x000000008000f1ec       0x7c /home/arx/projects/rockbox/build-boot/firmware/libfirmware.a(fat.o)
 .text.update_fsinfo32
                0x000000008000f268       0x88 /home/arx/projects/rockbox/build-boot/firmware/libfirmware.a(fat.o)
 .text.fat_recalc_free_internal32
                0x000000008000f2f0       0xe0 /home/arx/projects/rockbox/build-boot/firmware/libfirmware.a(fat.o)
 .text.update_fat_entry32
                0x000000008000f3d0      0x104 /home/arx/projects/rockbox/build-boot/firmware/libfirmware.a(fat.o)
 .text.find_free_cluster32
                0x000000008000f4d4       0xfc /home/arx/projects/rockbox/build-boot/firmware/libfirmware.a(fat.o)
 .text.get_next_cluster32
                0x000000008000f5d0       0x84 /home/arx/projects/rockbox/build-boot/firmware/libfirmware.a(fat.o)
 .text.fat_recalc_free_internal16
                0x000000008000f654       0xd8 /home/arx/projects/rockbox/build-boot/firmware/libfirmware.a(fat.o)
 .text.update_fat_entry16
                0x000000008000f72c       0xf0 /home/arx/projects/rockbox/build-boot/firmware/libfirmware.a(fat.o)
 .text.find_free_cluster16
                0x000000008000f81c       0xf8 /home/arx/projects/rockbox/build-boot/firmware/libfirmware.a(fat.o)
 .text.transfer
                0x000000008000f914      0x1b4 /home/arx/projects/rockbox/build-boot/firmware/libfirmware.a(fat.o)
 .text.randomize_dos_name
                0x000000008000fac8       0xd4 /home/arx/projects/rockbox/build-boot/firmware/libfirmware.a(fat.o)
 .text.cache_commit
                0x000000008000fb9c       0x40 /home/arx/projects/rockbox/build-boot/firmware/libfirmware.a(fat.o)
 .text.char2dos
                0x000000008000fbdc       0x98 /home/arx/projects/rockbox/build-boot/firmware/libfirmware.a(fat.o)
 .text.fatlong_parse_start.isra.1
                0x000000008000fc74        0xc /home/arx/projects/rockbox/build-boot/firmware/libfirmware.a(fat.o)
 .text.fat_extend_dir
                0x000000008000fc80      0x134 /home/arx/projects/rockbox/build-boot/firmware/libfirmware.a(fat.o)
 .text.get_next_cluster16
                0x000000008000fdb4       0x90 /home/arx/projects/rockbox/build-boot/firmware/libfirmware.a(fat.o)
 .text.fat_time.constprop.5
                0x000000008000fe44       0xb0 /home/arx/projects/rockbox/build-boot/firmware/libfirmware.a(fat.o)
 .text.dc_writeback_callback
                0x000000008000fef4       0xc8 /home/arx/projects/rockbox/build-boot/firmware/libfirmware.a(fat.o)
                0x000000008000fef4                dc_writeback_callback
 .text.fat_dir_is_parent
                0x000000008000ffbc       0x30 /home/arx/projects/rockbox/build-boot/firmware/libfirmware.a(fat.o)
                0x000000008000ffbc                fat_dir_is_parent
 .text.fat_file_is_same
                0x000000008000ffec       0x40 /home/arx/projects/rockbox/build-boot/firmware/libfirmware.a(fat.o)
                0x000000008000ffec                fat_file_is_same
 .text.fat_open
                0x000000008001002c       0x50 /home/arx/projects/rockbox/build-boot/firmware/libfirmware.a(fat.o)
                0x000000008001002c                fat_open
 .text.fat_open_rootdir
                0x000000008001007c       0x4c /home/arx/projects/rockbox/build-boot/firmware/libfirmware.a(fat.o)
                0x000000008001007c                fat_open_rootdir
 .text.fat_query_sectornum
                0x00000000800100c8       0x50 /home/arx/projects/rockbox/build-boot/firmware/libfirmware.a(fat.o)
                0x00000000800100c8                fat_query_sectornum
 .text.fat_readwrite
                0x0000000080010118      0x314 /home/arx/projects/rockbox/build-boot/firmware/libfirmware.a(fat.o)
                0x0000000080010118                fat_readwrite
 .text.fat_rewind
                0x000000008001042c       0x24 /home/arx/projects/rockbox/build-boot/firmware/libfirmware.a(fat.o)
                0x000000008001042c                fat_rewind
 .text.fat_filestr_init
                0x0000000080010450        0x8 /home/arx/projects/rockbox/build-boot/firmware/libfirmware.a(fat.o)
                0x0000000080010450                fat_filestr_init
 .text.fat_seek_to_stream
                0x0000000080010458       0x2c /home/arx/projects/rockbox/build-boot/firmware/libfirmware.a(fat.o)
                0x0000000080010458                fat_seek_to_stream
 .text.fat_seek
                0x0000000080010484      0x178 /home/arx/projects/rockbox/build-boot/firmware/libfirmware.a(fat.o)
                0x0000000080010484                fat_seek
 .text.cache_direntry
                0x00000000800105fc       0xc0 /home/arx/projects/rockbox/build-boot/firmware/libfirmware.a(fat.o)
 .text.add_dir_entry
                0x00000000800106bc      0x7ac /home/arx/projects/rockbox/build-boot/firmware/libfirmware.a(fat.o)
 .text.fat_create_file
                0x0000000080010e68      0x27c /home/arx/projects/rockbox/build-boot/firmware/libfirmware.a(fat.o)
                0x0000000080010e68                fat_create_file
 .text.free_direntries
                0x00000000800110e4      0x100 /home/arx/projects/rockbox/build-boot/firmware/libfirmware.a(fat.o)
 .text.fat_remove
                0x00000000800111e4       0xfc /home/arx/projects/rockbox/build-boot/firmware/libfirmware.a(fat.o)
                0x00000000800111e4                fat_remove
 .text.fat_truncate
                0x00000000800112e0       0xbc /home/arx/projects/rockbox/build-boot/firmware/libfirmware.a(fat.o)
                0x00000000800112e0                fat_truncate
 .text.fat_rewinddir
                0x000000008001139c       0x10 /home/arx/projects/rockbox/build-boot/firmware/libfirmware.a(fat.o)
                0x000000008001139c                fat_rewinddir
 .text.fat_unmount
                0x00000000800113ac       0x64 /home/arx/projects/rockbox/build-boot/firmware/libfirmware.a(fat.o)
                0x00000000800113ac                fat_unmount
 .text.fat_recalc_free
                0x0000000080011410       0x64 /home/arx/projects/rockbox/build-boot/firmware/libfirmware.a(fat.o)
                0x0000000080011410                fat_recalc_free
 .text.fat_mount
                0x0000000080011474      0x514 /home/arx/projects/rockbox/build-boot/firmware/libfirmware.a(fat.o)
                0x0000000080011474                fat_mount
 .text.fat_empty_fat_direntry
                0x0000000080011988       0x30 /home/arx/projects/rockbox/build-boot/firmware/libfirmware.a(fat.o)
                0x0000000080011988                fat_empty_fat_direntry
 .text.fat_closewrite
                0x00000000800119b8      0x1d0 /home/arx/projects/rockbox/build-boot/firmware/libfirmware.a(fat.o)
                0x00000000800119b8                fat_closewrite
 .text.fat_readdir
                0x0000000080011b88      0x410 /home/arx/projects/rockbox/build-boot/firmware/libfirmware.a(fat.o)
                0x0000000080011b88                fat_readdir
 .text.fat_init
                0x0000000080011f98       0x58 /home/arx/projects/rockbox/build-boot/firmware/libfirmware.a(fat.o)
                0x0000000080011f98                fat_init
 .text.local_flush_tlb_all
                0x0000000080011ff0       0x9c /home/arx/projects/rockbox/build-boot/firmware/libfirmware.a(mmu-mips.o)
 .text.mmu_init
                0x000000008001208c       0x10 /home/arx/projects/rockbox/build-boot/firmware/libfirmware.a(mmu-mips.o)
                0x000000008001208c                mmu_init
 .text.usb_no_host_callback
                0x000000008001209c       0x28 /home/arx/projects/rockbox/build-boot/firmware/libfirmware.a(usb_core.o)
 .text.control_request_handler_drivers
                0x00000000800120c4       0x9c /home/arx/projects/rockbox/build-boot/firmware/libfirmware.a(usb_core.o)
 .text.request_handler_endpoint_drivers
                0x0000000080012160       0x94 /home/arx/projects/rockbox/build-boot/firmware/libfirmware.a(usb_core.o)
 .text.usb_core_init
                0x00000000800121f4       0x84 /home/arx/projects/rockbox/build-boot/firmware/libfirmware.a(usb_core.o)
                0x00000000800121f4                usb_core_init
 .text.usb_core_enable_driver
                0x0000000080012278       0x1c /home/arx/projects/rockbox/build-boot/firmware/libfirmware.a(usb_core.o)
                0x0000000080012278                usb_core_enable_driver
 .text.usb_core_any_exclusive_storage
                0x0000000080012294       0x1c /home/arx/projects/rockbox/build-boot/firmware/libfirmware.a(usb_core.o)
                0x0000000080012294                usb_core_any_exclusive_storage
 .text.usb_core_hotswap_event
                0x00000000800122b0       0x30 /home/arx/projects/rockbox/build-boot/firmware/libfirmware.a(usb_core.o)
                0x00000000800122b0                usb_core_hotswap_event
 .text.usb_core_request_endpoint
                0x00000000800122e0       0x68 /home/arx/projects/rockbox/build-boot/firmware/libfirmware.a(usb_core.o)
                0x00000000800122e0                usb_core_request_endpoint
 .text.usb_core_release_endpoint
                0x0000000080012348       0x58 /home/arx/projects/rockbox/build-boot/firmware/libfirmware.a(usb_core.o)
                0x0000000080012348                usb_core_release_endpoint
 .text.usb_core_bus_reset
                0x00000000800123a0       0x14 /home/arx/projects/rockbox/build-boot/firmware/libfirmware.a(usb_core.o)
                0x00000000800123a0                usb_core_bus_reset
 .text.usb_core_transfer_complete
                0x00000000800123b4       0x54 /home/arx/projects/rockbox/build-boot/firmware/libfirmware.a(usb_core.o)
                0x00000000800123b4                usb_core_transfer_complete
 .text.usb_core_control_request
                0x0000000080012408       0x2c /home/arx/projects/rockbox/build-boot/firmware/libfirmware.a(usb_core.o)
                0x0000000080012408                usb_core_control_request
 .text.usb_core_control_complete
                0x0000000080012434        0x8 /home/arx/projects/rockbox/build-boot/firmware/libfirmware.a(usb_core.o)
                0x0000000080012434                usb_core_control_complete
 .text.usb_charging_maxcurrent
                0x000000008001243c       0x58 /home/arx/projects/rockbox/build-boot/firmware/libfirmware.a(usb_core.o)
                0x000000008001243c                usb_charging_maxcurrent
 .text.usb_core_exit
                0x0000000080012494       0x98 /home/arx/projects/rockbox/build-boot/firmware/libfirmware.a(usb_core.o)
                0x0000000080012494                usb_core_exit
 .text.usb_core_do_set_config
                0x000000008001252c       0xb4 /home/arx/projects/rockbox/build-boot/firmware/libfirmware.a(usb_core.o)
 .text.usb_core_handle_notify
                0x00000000800125e0       0x40 /home/arx/projects/rockbox/build-boot/firmware/libfirmware.a(usb_core.o)
                0x00000000800125e0                usb_core_handle_notify
 .text.usb_core_handle_transfer_completion
                0x0000000080012620      0x65c /home/arx/projects/rockbox/build-boot/firmware/libfirmware.a(usb_core.o)
                0x0000000080012620                usb_core_handle_transfer_completion
 .text.copy_padded
                0x0000000080012c7c       0x40 /home/arx/projects/rockbox/build-boot/firmware/libfirmware.a(usb_storage.o)
 .text.send_command_result
                0x0000000080012cbc       0x38 /home/arx/projects/rockbox/build-boot/firmware/libfirmware.a(usb_storage.o)
 .text.send_command_failed_result
                0x0000000080012cf4       0x34 /home/arx/projects/rockbox/build-boot/firmware/libfirmware.a(usb_storage.o)
 .text.send_and_read_next
                0x0000000080012d28       0xd8 /home/arx/projects/rockbox/build-boot/firmware/libfirmware.a(usb_storage.o)
 .text.send_csw
                0x0000000080012e00       0xa4 /home/arx/projects/rockbox/build-boot/firmware/libfirmware.a(usb_storage.o)
 .text.handle_scsi
                0x0000000080012ea4      0x850 /home/arx/projects/rockbox/build-boot/firmware/libfirmware.a(usb_storage.o)
 .text.usb_storage_notify_hotswap
                0x00000000800136f4       0x64 /home/arx/projects/rockbox/build-boot/firmware/libfirmware.a(usb_storage.o)
                0x00000000800136f4                usb_storage_notify_hotswap
 .text.usb_storage_init
                0x0000000080013758        0x8 /home/arx/projects/rockbox/build-boot/firmware/libfirmware.a(usb_storage.o)
                0x0000000080013758                usb_storage_init
 .text.usb_storage_request_endpoints
                0x0000000080013760       0x78 /home/arx/projects/rockbox/build-boot/firmware/libfirmware.a(usb_storage.o)
                0x0000000080013760                usb_storage_request_endpoints
 .text.usb_storage_set_first_interface
                0x00000000800137d8       0x10 /home/arx/projects/rockbox/build-boot/firmware/libfirmware.a(usb_storage.o)
                0x00000000800137d8                usb_storage_set_first_interface
 .text.usb_storage_get_config_descriptor
                0x00000000800137e8       0x98 /home/arx/projects/rockbox/build-boot/firmware/libfirmware.a(usb_storage.o)
                0x00000000800137e8                usb_storage_get_config_descriptor
 .text.usb_storage_init_connection
                0x0000000080013880       0x74 /home/arx/projects/rockbox/build-boot/firmware/libfirmware.a(usb_storage.o)
                0x0000000080013880                usb_storage_init_connection
 .text.usb_storage_disconnect
                0x00000000800138f4       0x38 /home/arx/projects/rockbox/build-boot/firmware/libfirmware.a(usb_storage.o)
                0x00000000800138f4                usb_storage_disconnect
 .text.usb_storage_transfer_complete
                0x000000008001392c      0x318 /home/arx/projects/rockbox/build-boot/firmware/libfirmware.a(usb_storage.o)
                0x000000008001392c                usb_storage_transfer_complete
 .text.usb_storage_control_request
                0x0000000080013c44       0x70 /home/arx/projects/rockbox/build-boot/firmware/libfirmware.a(usb_storage.o)
                0x0000000080013c44                usb_storage_control_request
 .text.__ost_delay
                0x0000000080013cb4       0x2c /home/arx/projects/rockbox/build-boot/firmware/libfirmware.a(usb-designware.o)
 .text.usb_dw_ep0_recv
                0x0000000080013ce0       0x38 /home/arx/projects/rockbox/build-boot/firmware/libfirmware.a(usb-designware.o)
 .text.usb_dw_disable_ep
                0x0000000080013d18       0xe0 /home/arx/projects/rockbox/build-boot/firmware/libfirmware.a(usb-designware.o)
 .text.usb_dw_gonak_effective
                0x0000000080013df8       0xac /home/arx/projects/rockbox/build-boot/firmware/libfirmware.a(usb-designware.o)
 .text.usb_dw_maxxfersize.part.1
                0x0000000080013ea4       0x50 /home/arx/projects/rockbox/build-boot/firmware/libfirmware.a(usb-designware.o)
 .text.usb_dw_epstart
                0x0000000080013ef4      0x204 /home/arx/projects/rockbox/build-boot/firmware/libfirmware.a(usb-designware.o)
 .text.usb_dw_flush_endpoint
                0x00000000800140f8      0x1b4 /home/arx/projects/rockbox/build-boot/firmware/libfirmware.a(usb-designware.o)
 .text.usb_dw_abort_endpoint
                0x00000000800142ac       0x7c /home/arx/projects/rockbox/build-boot/firmware/libfirmware.a(usb-designware.o)
 .text.usb_dw_unconfigure_ep
                0x0000000080014328       0x80 /home/arx/projects/rockbox/build-boot/firmware/libfirmware.a(usb-designware.o)
 .text.usb_dw_reset_endpoints
                0x00000000800143a8       0xf8 /home/arx/projects/rockbox/build-boot/firmware/libfirmware.a(usb-designware.o)
 .text.usb_dw_control_received
                0x00000000800144a0      0x148 /home/arx/projects/rockbox/build-boot/firmware/libfirmware.a(usb-designware.o)
 .text.usb_dw_handle_xfer_complete
                0x00000000800145e8      0x39c /home/arx/projects/rockbox/build-boot/firmware/libfirmware.a(usb-designware.o)
 .text.usb_drv_cancel_all_transfers
                0x0000000080014984       0xfc /home/arx/projects/rockbox/build-boot/firmware/libfirmware.a(usb-designware.o)
                0x0000000080014984                usb_drv_cancel_all_transfers
 .text.usb_drv_stalled
                0x0000000080014a80       0x30 /home/arx/projects/rockbox/build-boot/firmware/libfirmware.a(usb-designware.o)
                0x0000000080014a80                usb_drv_stalled
 .text.usb_drv_stall
                0x0000000080014ab0       0x90 /home/arx/projects/rockbox/build-boot/firmware/libfirmware.a(usb-designware.o)
                0x0000000080014ab0                usb_drv_stall
 .text.usb_drv_set_address
                0x0000000080014b40        0x8 /home/arx/projects/rockbox/build-boot/firmware/libfirmware.a(usb-designware.o)
                0x0000000080014b40                usb_drv_set_address
 .text.usb_drv_port_speed
                0x0000000080014b48       0x14 /home/arx/projects/rockbox/build-boot/firmware/libfirmware.a(usb-designware.o)
                0x0000000080014b48                usb_drv_port_speed
 .text.usb_drv_set_test_mode
                0x0000000080014b5c        0x8 /home/arx/projects/rockbox/build-boot/firmware/libfirmware.a(usb-designware.o)
                0x0000000080014b5c                usb_drv_set_test_mode
 .text.usb_attach
                0x0000000080014b64        0x8 /home/arx/projects/rockbox/build-boot/firmware/libfirmware.a(usb-designware.o)
                0x0000000080014b64                usb_attach
 .text.usb_drv_init
                0x0000000080014b6c      0x354 /home/arx/projects/rockbox/build-boot/firmware/libfirmware.a(usb-designware.o)
                0x0000000080014b6c                usb_drv_init
 .text.usb_drv_exit
                0x0000000080014ec0       0x44 /home/arx/projects/rockbox/build-boot/firmware/libfirmware.a(usb-designware.o)
                0x0000000080014ec0                usb_drv_exit
 .text.INT_USB_FUNC
                0x0000000080014f04      0x1e0 /home/arx/projects/rockbox/build-boot/firmware/libfirmware.a(usb-designware.o)
                0x0000000080014f04                INT_USB_FUNC
 .text.usb_drv_request_endpoint
                0x00000000800150e4      0x180 /home/arx/projects/rockbox/build-boot/firmware/libfirmware.a(usb-designware.o)
                0x00000000800150e4                usb_drv_request_endpoint
 .text.usb_drv_release_endpoint
                0x0000000080015264       0x94 /home/arx/projects/rockbox/build-boot/firmware/libfirmware.a(usb-designware.o)
                0x0000000080015264                usb_drv_release_endpoint
 .text.usb_drv_recv_nonblocking
                0x00000000800152f8       0x78 /home/arx/projects/rockbox/build-boot/firmware/libfirmware.a(usb-designware.o)
                0x00000000800152f8                usb_drv_recv_nonblocking
 .text.usb_drv_send_nonblocking
                0x0000000080015370       0x78 /home/arx/projects/rockbox/build-boot/firmware/libfirmware.a(usb-designware.o)
                0x0000000080015370                usb_drv_send_nonblocking
 .text.usb_drv_control_response
                0x00000000800153e8      0x198 /home/arx/projects/rockbox/build-boot/firmware/libfirmware.a(usb-designware.o)
                0x00000000800153e8                usb_drv_control_response
 .text.x1000_dualboot_cleanup
                0x0000000080015580       0x64 /home/arx/projects/rockbox/build-boot/firmware/libfirmware.a(boot-x1000.o)
                0x0000000080015580                x1000_dualboot_cleanup
 .text.x1000_dualboot_init_clocktree
                0x00000000800155e4      0x174 /home/arx/projects/rockbox/build-boot/firmware/libfirmware.a(boot-x1000.o)
                0x00000000800155e4                x1000_dualboot_init_clocktree
 .text.x1000_dualboot_init_uart2
                0x0000000080015758       0x98 /home/arx/projects/rockbox/build-boot/firmware/libfirmware.a(boot-x1000.o)
                0x0000000080015758                x1000_dualboot_init_uart2
 .text.x1000_dualboot_load_pdma_fw
                0x00000000800157f0       0x8c /home/arx/projects/rockbox/build-boot/firmware/libfirmware.a(boot-x1000.o)
                0x00000000800157f0                x1000_dualboot_load_pdma_fw
 .text.gpioz_configure
                0x000000008001587c      0x108 /home/arx/projects/rockbox/build-boot/firmware/libfirmware.a(gpio-x1000.o)
                0x000000008001587c                gpioz_configure
 .text.gpio_init
                0x0000000080015984       0xe0 /home/arx/projects/rockbox/build-boot/firmware/libfirmware.a(gpio-x1000.o)
                0x0000000080015984                gpio_init
 .text.i2c_x1000_fifo_write
                0x0000000080015a64      0x194 /home/arx/projects/rockbox/build-boot/firmware/libfirmware.a(i2c-x1000.o)
 .text.i2c_x1000_interrupt
                0x0000000080015bf8      0x138 /home/arx/projects/rockbox/build-boot/firmware/libfirmware.a(i2c-x1000.o)
 .text.i2c_x1000_bus_timeout
                0x0000000080015d30       0xfc /home/arx/projects/rockbox/build-boot/firmware/libfirmware.a(i2c-x1000.o)
 .text.i2c_x1000_gate
                0x0000000080015e2c       0x6c /home/arx/projects/rockbox/build-boot/firmware/libfirmware.a(i2c-x1000.o)
 .text.I2C0     0x0000000080015e98        0xc /home/arx/projects/rockbox/build-boot/firmware/libfirmware.a(i2c-x1000.o)
                0x0000000080015e98                I2C0
 .text.I2C1     0x0000000080015ea4        0xc /home/arx/projects/rockbox/build-boot/firmware/libfirmware.a(i2c-x1000.o)
                0x0000000080015ea4                I2C1
 .text.I2C2     0x0000000080015eb0        0xc /home/arx/projects/rockbox/build-boot/firmware/libfirmware.a(i2c-x1000.o)
                0x0000000080015eb0                I2C2
 .text.__i2c_async_submit
                0x0000000080015ebc      0x16c /home/arx/projects/rockbox/build-boot/firmware/libfirmware.a(i2c-x1000.o)
                0x0000000080015ebc                __i2c_async_submit
 .text.i2c_init
                0x0000000080016028       0x50 /home/arx/projects/rockbox/build-boot/firmware/libfirmware.a(i2c-x1000.o)
                0x0000000080016028                i2c_init
 .text.i2c_x1000_set_freq
                0x0000000080016078      0x228 /home/arx/projects/rockbox/build-boot/firmware/libfirmware.a(i2c-x1000.o)
                0x0000000080016078                i2c_x1000_set_freq
 .text.lcd_fbcopy_dma_cb
                0x00000000800162a0       0x14 /home/arx/projects/rockbox/build-boot/firmware/libfirmware.a(lcd-x1000.o)
 .text.lcd_dma_start
                0x00000000800162b4       0xa4 /home/arx/projects/rockbox/build-boot/firmware/libfirmware.a(lcd-x1000.o)
 .text.lcd_fbcopy_dma_run
                0x0000000080016358       0xbc /home/arx/projects/rockbox/build-boot/firmware/libfirmware.a(lcd-x1000.o)
 .text.lcd_wait_frame
                0x0000000080016414       0x68 /home/arx/projects/rockbox/build-boot/firmware/libfirmware.a(lcd-x1000.o)
 .text.lcd_set_clock
                0x000000008001647c       0xac /home/arx/projects/rockbox/build-boot/firmware/libfirmware.a(lcd-x1000.o)
                0x000000008001647c                lcd_set_clock
 .text.lcd_exec_commands
                0x0000000080016528       0xac /home/arx/projects/rockbox/build-boot/firmware/libfirmware.a(lcd-x1000.o)
                0x0000000080016528                lcd_exec_commands
 .text.lcd_init_device
                0x00000000800165d4      0x28c /home/arx/projects/rockbox/build-boot/firmware/libfirmware.a(lcd-x1000.o)
                0x00000000800165d4                lcd_init_device
 .text.lcd_enable
                0x0000000080016860      0x144 /home/arx/projects/rockbox/build-boot/firmware/libfirmware.a(lcd-x1000.o)
                0x0000000080016860                lcd_enable
 .text.lcd_update
                0x00000000800169a4       0xc8 /home/arx/projects/rockbox/build-boot/firmware/libfirmware.a(lcd-x1000.o)
                0x00000000800169a4                lcd_update
 .text.nand_wait_busy
                0x0000000080016a6c       0x58 /home/arx/projects/rockbox/build-boot/firmware/libfirmware.a(nand-x1000.o)
 .text.nand_upd_reg.constprop.0
                0x0000000080016ac4       0x84 /home/arx/projects/rockbox/build-boot/firmware/libfirmware.a(nand-x1000.o)
 .text.nand_init
                0x0000000080016b48       0x48 /home/arx/projects/rockbox/build-boot/firmware/libfirmware.a(nand-x1000.o)
                0x0000000080016b48                nand_init
 .text.nand_open
                0x0000000080016b90      0x1a8 /home/arx/projects/rockbox/build-boot/firmware/libfirmware.a(nand-x1000.o)
                0x0000000080016b90                nand_open
 .text.nand_close
                0x0000000080016d38       0x64 /home/arx/projects/rockbox/build-boot/firmware/libfirmware.a(nand-x1000.o)
                0x0000000080016d38                nand_close
 .text.nand_block_erase
                0x0000000080016d9c       0x70 /home/arx/projects/rockbox/build-boot/firmware/libfirmware.a(nand-x1000.o)
                0x0000000080016d9c                nand_block_erase
 .text.nand_page_program
                0x0000000080016e0c       0x98 /home/arx/projects/rockbox/build-boot/firmware/libfirmware.a(nand-x1000.o)
                0x0000000080016e0c                nand_page_program
 .text.nand_page_read
                0x0000000080016ea4       0x5c /home/arx/projects/rockbox/build-boot/firmware/libfirmware.a(nand-x1000.o)
                0x0000000080016ea4                nand_page_read
 .text.nand_read_bytes
                0x0000000080016f00       0xd0 /home/arx/projects/rockbox/build-boot/firmware/libfirmware.a(nand-x1000.o)
                0x0000000080016f00                nand_read_bytes
 .text.nand_write_bytes
                0x0000000080016fd0      0x124 /home/arx/projects/rockbox/build-boot/firmware/libfirmware.a(nand-x1000.o)
                0x0000000080016fd0                nand_write_bytes
 .text.sfc_open
                0x00000000800170f4       0x44 /home/arx/projects/rockbox/build-boot/firmware/libfirmware.a(sfc-x1000.o)
                0x00000000800170f4                sfc_open
 .text.sfc_close
                0x0000000080017138       0x24 /home/arx/projects/rockbox/build-boot/firmware/libfirmware.a(sfc-x1000.o)
                0x0000000080017138                sfc_close
 .text.sfc_set_clock
                0x000000008001715c       0xbc /home/arx/projects/rockbox/build-boot/firmware/libfirmware.a(sfc-x1000.o)
                0x000000008001715c                sfc_set_clock
 .text.sfc_exec
                0x0000000080017218      0x104 /home/arx/projects/rockbox/build-boot/firmware/libfirmware.a(sfc-x1000.o)
                0x0000000080017218                sfc_exec
 .text.__ost_delay
                0x000000008001731c       0x2c /home/arx/projects/rockbox/build-boot/firmware/libfirmware.a(system-x1000.o)
 .text.UIRQ     0x0000000080017348       0x1c /home/arx/projects/rockbox/build-boot/firmware/libfirmware.a(system-x1000.o)
                0x0000000080017348                GPIOA22
                0x0000000080017348                TCU1
                0x0000000080017348                UART1
                0x0000000080017348                GPIOA06
                0x0000000080017348                JPEG
                0x0000000080017348                GPIOC03
                0x0000000080017348                GPIOA14
                0x0000000080017348                GPIOA20
                0x0000000080017348                GPIOA04
                0x0000000080017348                GPIOB19
                0x0000000080017348                GPIOA10
                0x0000000080017348                GPIOB17
                0x0000000080017348                GPIOB10
                0x0000000080017348                GPIOA18
                0x0000000080017348                GPIOB12
                0x0000000080017348                GPIOB23
                0x0000000080017348                GPIOD01
                0x0000000080017348                SCC
                0x0000000080017348                GPIOC02
                0x0000000080017348                GPIOB02
                0x0000000080017348                GPIOA01
                0x0000000080017348                GPIOA26
                0x0000000080017348                GPIOC00
                0x0000000080017348                GPIOC07
                0x0000000080017348                GPIOB13
                0x0000000080017348                GPIOB16
                0x0000000080017348                GPIOC13
                0x0000000080017348                GPIOA09
                0x0000000080017348                GPIOA19
                0x0000000080017348                GPIOA30
                0x0000000080017348                MAC
                0x0000000080017348                GPIOC25
                0x0000000080017348                GPIOA15
                0x0000000080017348                SSI0
                0x0000000080017348                GPIOC17
                0x0000000080017348                GPIOA00
                0x0000000080017348                UART2
                0x0000000080017348                GPIOC10
                0x0000000080017348                GPIOB01
                0x0000000080017348                GPIOB06
                0x0000000080017348                GPIOA08
                0x0000000080017348                GPIOB24
                0x0000000080017348                GPIOB09
                0x0000000080017348                PDMAM
                0x0000000080017348                GPIOC20
                0x0000000080017348                GPIOB18
                0x0000000080017348                GPIOC22
                0x0000000080017348                GPIOC15
                0x0000000080017348                GPIOC05
                0x0000000080017348                GPIOA12
                0x0000000080017348                AIC
                0x0000000080017348                GPIOC09
                0x0000000080017348                GPIOC12
                0x0000000080017348                GPIOB04
                0x0000000080017348                GPIOB28
                0x0000000080017348                GPIOA05
                0x0000000080017348                CPM
                0x0000000080017348                GPIOC23
                0x0000000080017348                GPIOA27
                0x0000000080017348                HARB2
                0x0000000080017348                GPIOB21
                0x0000000080017348                GPIOB31
                0x0000000080017348                GPIOB11
                0x0000000080017348                GPIOB14
                0x0000000080017348                GPIOB08
                0x0000000080017348                GPIOC11
                0x0000000080017348                GPIOA25
                0x0000000080017348                GPIOA17
                0x0000000080017348                GPIOA03
                0x0000000080017348                DDR
                0x0000000080017348                GPIOB22
                0x0000000080017348                GPIOC19
                0x0000000080017348                AES
                0x0000000080017348                GPIOA13
                0x0000000080017348                GPIOA11
                0x0000000080017348                GPIOB29
                0x0000000080017348                GPIOA28
                0x0000000080017348                GPIOA23
                0x0000000080017348                GPIOC08
                0x0000000080017348                TCU0
                0x0000000080017348                GPIOB26
                0x0000000080017348                GPIOC01
                0x0000000080017348                EFUSE
                0x0000000080017348                GPIOD05
                0x0000000080017348                RTC
                0x0000000080017348                GPIOB15
                0x0000000080017348                GPIOB27
                0x0000000080017348                GPIOB00
                0x0000000080017348                GPIOC06
                0x0000000080017348                GPIOA31
                0x0000000080017348                GPIOB25
                0x0000000080017348                GPIOC16
                0x0000000080017348                GPIOC14
                0x0000000080017348                GPIOC04
                0x0000000080017348                GPIOB07
                0x0000000080017348                GPIOD00
                0x0000000080017348                DMIC
                0x0000000080017348                UART0
                0x0000000080017348                GPIOA07
                0x0000000080017348                PCM0
                0x0000000080017348                GPIOA21
                0x0000000080017348                GPIOC21
                0x0000000080017348                SFC
                0x0000000080017348                GPIOA29
                0x0000000080017348                GPIOA24
                0x0000000080017348                HARB0
                0x0000000080017348                GPIOD04
                0x0000000080017348                GPIOB30
                0x0000000080017348                CIM
                0x0000000080017348                LCD
                0x0000000080017348                GPIOB05
                0x0000000080017348                GPIOB20
                0x0000000080017348                GPIOB03
                0x0000000080017348                GPIOC24
                0x0000000080017348                GPIOA16
                0x0000000080017348                TCU2
                0x0000000080017348                GPIOA02
                0x0000000080017348                GPIOC18
 .text.vector_gpio_irq
                0x0000000080017364       0x7c /home/arx/projects/rockbox/build-boot/firmware/libfirmware.a(system-x1000.o)
 .text.system_early_init
                0x00000000800173e0        0x8 /home/arx/projects/rockbox/build-boot/firmware/libfirmware.a(system-x1000.o)
                0x00000000800173e0                system_early_init
 .text.system_init
                0x00000000800173e8       0xf0 /home/arx/projects/rockbox/build-boot/firmware/libfirmware.a(system-x1000.o)
                0x00000000800173e8                system_init
 .text.system_reboot
                0x00000000800174d8       0x3c /home/arx/projects/rockbox/build-boot/firmware/libfirmware.a(system-x1000.o)
                0x00000000800174d8                system_reboot
 .text.__udelay
                0x0000000080017514       0x70 /home/arx/projects/rockbox/build-boot/firmware/libfirmware.a(system-x1000.o)
                0x0000000080017514                __udelay
 .text.system_set_irq_handler
                0x0000000080017584       0x1c /home/arx/projects/rockbox/build-boot/firmware/libfirmware.a(system-x1000.o)
                0x0000000080017584                system_set_irq_handler
 .text.system_enable_irq
                0x00000000800175a0       0x44 /home/arx/projects/rockbox/build-boot/firmware/libfirmware.a(system-x1000.o)
                0x00000000800175a0                system_enable_irq
 .text.system_disable_irq
                0x00000000800175e4       0x44 /home/arx/projects/rockbox/build-boot/firmware/libfirmware.a(system-x1000.o)
                0x00000000800175e4                system_disable_irq
 .text.intr_handler
                0x0000000080017628      0x144 /home/arx/projects/rockbox/build-boot/firmware/libfirmware.a(system-x1000.o)
                0x0000000080017628                intr_handler
 .text.tlb_refill_handler
                0x000000008001776c       0x1c /home/arx/projects/rockbox/build-boot/firmware/libfirmware.a(system-x1000.o)
                0x000000008001776c                tlb_refill_handler
 .text.exception_handler
                0x0000000080017788       0x48 /home/arx/projects/rockbox/build-boot/firmware/libfirmware.a(system-x1000.o)
                0x0000000080017788                exception_handler
 .text.system_exception_wait
                0x00000000800177d0        0x8 /home/arx/projects/rockbox/build-boot/firmware/libfirmware.a(system-x1000.o)
                0x00000000800177d0                system_exception_wait
 .text.__ost_delay
                0x00000000800177d8       0x2c /home/arx/projects/rockbox/build-boot/firmware/libfirmware.a(usb-x1000.o)
 .text.usb_detect_interrupt
                0x0000000080017804       0x44 /home/arx/projects/rockbox/build-boot/firmware/libfirmware.a(usb-x1000.o)
 .text.usb_dw_target_enable_clocks
                0x0000000080017848      0x124 /home/arx/projects/rockbox/build-boot/firmware/libfirmware.a(usb-x1000.o)
                0x0000000080017848                usb_dw_target_enable_clocks
 .text.usb_dw_target_disable_clocks
                0x000000008001796c       0xa4 /home/arx/projects/rockbox/build-boot/firmware/libfirmware.a(usb-x1000.o)
                0x000000008001796c                usb_dw_target_disable_clocks
 .text.usb_dw_target_enable_irq
                0x0000000080017a10        0x8 /home/arx/projects/rockbox/build-boot/firmware/libfirmware.a(usb-x1000.o)
                0x0000000080017a10                usb_dw_target_enable_irq
 .text.usb_dw_target_disable_irq
                0x0000000080017a18        0x8 /home/arx/projects/rockbox/build-boot/firmware/libfirmware.a(usb-x1000.o)
                0x0000000080017a18                usb_dw_target_disable_irq
 .text.usb_dw_target_clear_irq
                0x0000000080017a20        0x8 /home/arx/projects/rockbox/build-boot/firmware/libfirmware.a(usb-x1000.o)
                0x0000000080017a20                usb_dw_target_clear_irq
 .text.usb_enable
                0x0000000080017a28       0x1c /home/arx/projects/rockbox/build-boot/firmware/libfirmware.a(usb-x1000.o)
                0x0000000080017a28                usb_enable
 .text.usb_init_device
                0x0000000080017a44       0xac /home/arx/projects/rockbox/build-boot/firmware/libfirmware.a(usb-x1000.o)
                0x0000000080017a44                usb_init_device
 .text.usb_detect
                0x0000000080017af0       0x10 /home/arx/projects/rockbox/build-boot/firmware/libfirmware.a(usb-x1000.o)
                0x0000000080017af0                usb_detect
 .text.sd_transfer
                0x0000000080017b00      0x2c4 /home/arx/projects/rockbox/build-boot/firmware/libfirmware.a(sd-x1000.o)
 .text.sd_read_sectors
                0x0000000080017dc4       0x44 /home/arx/projects/rockbox/build-boot/firmware/libfirmware.a(sd-x1000.o)
                0x0000000080017dc4                sd_read_sectors
 .text.sd_write_sectors
                0x0000000080017e08       0x44 /home/arx/projects/rockbox/build-boot/firmware/libfirmware.a(sd-x1000.o)
                0x0000000080017e08                sd_write_sectors
 .text.card_get_info_target
                0x0000000080017e4c       0x38 /home/arx/projects/rockbox/build-boot/firmware/libfirmware.a(sd-x1000.o)
                0x0000000080017e4c                card_get_info_target
 .text.sd_event
                0x0000000080017e84       0x98 /home/arx/projects/rockbox/build-boot/firmware/libfirmware.a(sd-x1000.o)
                0x0000000080017e84                sd_event
 .text.sd_present
                0x0000000080017f1c       0x2c /home/arx/projects/rockbox/build-boot/firmware/libfirmware.a(sd-x1000.o)
                0x0000000080017f1c                sd_present
 .text.sd_removable
                0x0000000080017f48       0x34 /home/arx/projects/rockbox/build-boot/firmware/libfirmware.a(sd-x1000.o)
                0x0000000080017f48                sd_removable
 .text.sd_init  0x0000000080017f7c       0x8c /home/arx/projects/rockbox/build-boot/firmware/libfirmware.a(sd-x1000.o)
                0x0000000080017f7c                sd_init
 .text.updater_cleanup
                0x0000000080018008       0x7c /home/arx/projects/rockbox/build-boot/firmware/libfirmware.a(installer-x1000.o)
 .text.updater_init
                0x0000000080018084      0x128 /home/arx/projects/rockbox/build-boot/firmware/libfirmware.a(installer-x1000.o)
 .text.install_bootloader
                0x00000000800181ac      0x194 /home/arx/projects/rockbox/build-boot/firmware/libfirmware.a(installer-x1000.o)
                0x00000000800181ac                install_bootloader
 .text.backup_bootloader
                0x0000000080018340       0xb4 /home/arx/projects/rockbox/build-boot/firmware/libfirmware.a(installer-x1000.o)
                0x0000000080018340                backup_bootloader
 .text.restore_bootloader
                0x00000000800183f4       0xac /home/arx/projects/rockbox/build-boot/firmware/libfirmware.a(installer-x1000.o)
                0x00000000800183f4                restore_bootloader
 .text.installer_strerror
                0x00000000800184a0       0x2c /home/arx/projects/rockbox/build-boot/firmware/libfirmware.a(installer-x1000.o)
                0x00000000800184a0                installer_strerror
 .text.backlight_hw_on
                0x00000000800184cc       0x20 /home/arx/projects/rockbox/build-boot/firmware/libfirmware.a(backlight-shanlingq1.o)
                0x00000000800184cc                backlight_hw_on
 .text.backlight_hw_off
                0x00000000800184ec       0x20 /home/arx/projects/rockbox/build-boot/firmware/libfirmware.a(backlight-shanlingq1.o)
                0x00000000800184ec                backlight_hw_off
 .text.backlight_hw_brightness
                0x000000008001850c       0x24 /home/arx/projects/rockbox/build-boot/firmware/libfirmware.a(backlight-shanlingq1.o)
                0x000000008001850c                backlight_hw_brightness
 .text.backlight_hw_init
                0x0000000080018530       0x30 /home/arx/projects/rockbox/build-boot/firmware/libfirmware.a(backlight-shanlingq1.o)
                0x0000000080018530                backlight_hw_init
 .text.handle_wheel_irq
                0x0000000080018560       0x54 /home/arx/projects/rockbox/build-boot/firmware/libfirmware.a(button-shanlingq1.o)
 .text.hp_detect_tmo_cb
                0x00000000800185b4       0x34 /home/arx/projects/rockbox/build-boot/firmware/libfirmware.a(button-shanlingq1.o)
 .text.button_init_device
                0x00000000800185e8      0x194 /home/arx/projects/rockbox/build-boot/firmware/libfirmware.a(button-shanlingq1.o)
                0x00000000800185e8                button_init_device
 .text.button_read_device
                0x000000008001877c      0x16c /home/arx/projects/rockbox/build-boot/firmware/libfirmware.a(button-shanlingq1.o)
                0x000000008001877c                button_read_device
 .text.headphones_inserted
                0x00000000800188e8       0x10 /home/arx/projects/rockbox/build-boot/firmware/libfirmware.a(button-shanlingq1.o)
                0x00000000800188e8                headphones_inserted
 .text.GPIOD02  0x00000000800188f8       0x40 /home/arx/projects/rockbox/build-boot/firmware/libfirmware.a(button-shanlingq1.o)
                0x00000000800188f8                GPIOD02
 .text.GPIOD03  0x0000000080018938       0x40 /home/arx/projects/rockbox/build-boot/firmware/libfirmware.a(button-shanlingq1.o)
                0x0000000080018938                GPIOD03
 .text.lcd_tgt_enable
                0x0000000080018978       0xe8 /home/arx/projects/rockbox/build-boot/firmware/libfirmware.a(lcd-shanlingq1.o)
                0x0000000080018978                lcd_tgt_enable
 .text.lcd_tgt_sleep
                0x0000000080018a60       0x24 /home/arx/projects/rockbox/build-boot/firmware/libfirmware.a(lcd-shanlingq1.o)
                0x0000000080018a60                lcd_tgt_sleep
 .text.power_init
                0x0000000080018a84       0xcc /home/arx/projects/rockbox/build-boot/firmware/libfirmware.a(power-shanlingq1.o)
                0x0000000080018a84                power_init
 .text.usb_charging_maxcurrent_change
                0x0000000080018b50        0x8 /home/arx/projects/rockbox/build-boot/firmware/libfirmware.a(power-shanlingq1.o)
                0x0000000080018b50                usb_charging_maxcurrent_change
 .text.power_off
                0x0000000080018b58       0x18 /home/arx/projects/rockbox/build-boot/firmware/libfirmware.a(power-shanlingq1.o)
                0x0000000080018b58                power_off
 .text.i2c_async_bus_complete_desc
                0x0000000080018b70       0x50 /home/arx/projects/rockbox/build-boot/firmware/libfirmware.a(i2c-async.o)
 .text.i2c_sync_callback
                0x0000000080018bc0       0x10 /home/arx/projects/rockbox/build-boot/firmware/libfirmware.a(i2c-async.o)
 .text.i2c_reg_modify1_callback
                0x0000000080018bd0       0x34 /home/arx/projects/rockbox/build-boot/firmware/libfirmware.a(i2c-async.o)
 .text.__i2c_async_complete_callback
                0x0000000080018c04       0xf0 /home/arx/projects/rockbox/build-boot/firmware/libfirmware.a(i2c-async.o)
                0x0000000080018c04                __i2c_async_complete_callback
 .text.__i2c_async_init
                0x0000000080018cf4       0x9c /home/arx/projects/rockbox/build-boot/firmware/libfirmware.a(i2c-async.o)
                0x0000000080018cf4                __i2c_async_init
 .text.i2c_async_queue