Archive member included to satisfy reference by file (symbol)

/home/arx/projects/rockbox/build-fiiom3k-boot/firmware/libfirmware.a(memcpy.o)
                              /home/arx/projects/rockbox/build-fiiom3k-boot/bootloader/x1000/utils.o (memcpy)
/home/arx/projects/rockbox/build-fiiom3k-boot/firmware/libfirmware.a(memset.o)
                              /home/arx/projects/rockbox/build-fiiom3k-boot/bootloader/x1000/recovery.o (memset)
/home/arx/projects/rockbox/build-fiiom3k-boot/firmware/libfirmware.a(strlen.o)
                              /home/arx/projects/rockbox/build-fiiom3k-boot/bootloader/format.o (strlen)
/home/arx/projects/rockbox/build-fiiom3k-boot/firmware/libfirmware.a(backlight.o)
                              /home/arx/projects/rockbox/build-fiiom3k-boot/bootloader/x1000/gui.o (backlight_init)
/home/arx/projects/rockbox/build-fiiom3k-boot/firmware/libfirmware.a(buflib.o)
                              /home/arx/projects/rockbox/build-fiiom3k-boot/bootloader/x1000/boot.o (buflib_ops_locked)
/home/arx/projects/rockbox/build-fiiom3k-boot/firmware/libfirmware.a(core_alloc.o)
                              /home/arx/projects/rockbox/build-fiiom3k-boot/bootloader/x1000/boot.o (core_ctx)
/home/arx/projects/rockbox/build-fiiom3k-boot/firmware/libfirmware.a(usb.o)
                              /home/arx/projects/rockbox/build-fiiom3k-boot/bootloader/x1000/main.o (usb_start_monitoring)
/home/arx/projects/rockbox/build-fiiom3k-boot/firmware/libfirmware.a(linuxboot.o)
                              /home/arx/projects/rockbox/build-fiiom3k-boot/bootloader/x1000/utils.o (uimage_load)
/home/arx/projects/rockbox/build-fiiom3k-boot/firmware/libfirmware.a(rb-loader.o)
                              /home/arx/projects/rockbox/build-fiiom3k-boot/bootloader/x1000/utils.o (load_firmware)
/home/arx/projects/rockbox/build-fiiom3k-boot/firmware/libfirmware.a(panic.o)
                              /home/arx/projects/rockbox/build-fiiom3k-boot/firmware/libfirmware.a(buflib.o) (panicf)
/home/arx/projects/rockbox/build-fiiom3k-boot/firmware/libfirmware.a(multiboot.o)
                              /home/arx/projects/rockbox/build-fiiom3k-boot/firmware/libfirmware.a(rb-loader.o) (write_bootdata)
/home/arx/projects/rockbox/build-fiiom3k-boot/firmware/libfirmware.a(ctype.o)
                              /home/arx/projects/rockbox/build-fiiom3k-boot/bootloader/x1000/boot.o (_ctype_)
/home/arx/projects/rockbox/build-fiiom3k-boot/firmware/libfirmware.a(strchr.o)
                              /home/arx/projects/rockbox/build-fiiom3k-boot/bootloader/x1000/gui.o (strchr)
/home/arx/projects/rockbox/build-fiiom3k-boot/firmware/libfirmware.a(strcpy.o)
                              /home/arx/projects/rockbox/build-fiiom3k-boot/firmware/libfirmware.a(buflib.o) (strcpy)
/home/arx/projects/rockbox/build-fiiom3k-boot/firmware/libfirmware.a(version.o)
                              /home/arx/projects/rockbox/build-fiiom3k-boot/bootloader/x1000/gui.o (rbversion)
/home/arx/projects/rockbox/build-fiiom3k-boot/firmware/libfirmware.a(crc32.o)
                              /home/arx/projects/rockbox/build-fiiom3k-boot/firmware/libfirmware.a(buflib.o) (crc_32)
/home/arx/projects/rockbox/build-fiiom3k-boot/firmware/libfirmware.a(loader_strerror.o)
                              /home/arx/projects/rockbox/build-fiiom3k-boot/bootloader/common.o (loader_strerror)
/home/arx/projects/rockbox/build-fiiom3k-boot/firmware/libfirmware.a(file.o)
                              /home/arx/projects/rockbox/build-fiiom3k-boot/bootloader/common.o (close)
/home/arx/projects/rockbox/build-fiiom3k-boot/firmware/libfirmware.a(file_internal.o)
                              /home/arx/projects/rockbox/build-fiiom3k-boot/firmware/libfirmware.a(file.o) (filestr_alloc_cache)
/home/arx/projects/rockbox/build-fiiom3k-boot/firmware/libfirmware.a(disk.o)
                              /home/arx/projects/rockbox/build-fiiom3k-boot/bootloader/x1000/main.o (disk_mount_all)
/home/arx/projects/rockbox/build-fiiom3k-boot/firmware/libfirmware.a(fileobj_mgr.o)
                              /home/arx/projects/rockbox/build-fiiom3k-boot/firmware/libfirmware.a(file_internal.o) (fileobj_fileop_open)
/home/arx/projects/rockbox/build-fiiom3k-boot/firmware/libfirmware.a(pathfuncs.o)
                              /home/arx/projects/rockbox/build-fiiom3k-boot/firmware/libfirmware.a(disk.o) (path_strip_volume)
/home/arx/projects/rockbox/build-fiiom3k-boot/firmware/libfirmware.a(linked_list.o)
                              /home/arx/projects/rockbox/build-fiiom3k-boot/firmware/libfirmware.a(fileobj_mgr.o) (ll_insert_last)
/home/arx/projects/rockbox/build-fiiom3k-boot/firmware/libfirmware.a(rb_namespace.o)
                              /home/arx/projects/rockbox/build-fiiom3k-boot/firmware/libfirmware.a(disk.o) (root_mount_path)
/home/arx/projects/rockbox/build-fiiom3k-boot/firmware/libfirmware.a(strcasecmp.o)
[...]
Memory Configuration

Name             Origin             Length             Attributes
IRAM             0x0000000080000000 0x0000000000004000
DRAM             0x0000000080004000 0x0000000003ffc000
TCSM             0x00000000f4000000 0x0000000000004000
*default*        0x0000000000000000 0xffffffffffffffff

Linker script and memory map

LOAD /home/arx/projects/rockbox/build-fiiom3k-boot/firmware/target/mips/ingenic_x1000/crt0.o
LOAD /home/arx/projects/rockbox/build-fiiom3k-boot/bootloader/common.o
LOAD /home/arx/projects/rockbox/build-fiiom3k-boot/bootloader/format.o
LOAD /home/arx/projects/rockbox/build-fiiom3k-boot/bootloader/snprintf.o
LOAD /home/arx/projects/rockbox/build-fiiom3k-boot/bootloader/x1000/boot.o
LOAD /home/arx/projects/rockbox/build-fiiom3k-boot/bootloader/x1000/gui.o
LOAD /home/arx/projects/rockbox/build-fiiom3k-boot/bootloader/x1000/install.o
LOAD /home/arx/projects/rockbox/build-fiiom3k-boot/bootloader/x1000/main.o
LOAD /home/arx/projects/rockbox/build-fiiom3k-boot/bootloader/x1000/recovery.o
LOAD /home/arx/projects/rockbox/build-fiiom3k-boot/bootloader/x1000/utils.o
LOAD /home/arx/projects/rockbox/build-fiiom3k-boot/apps/bitmaps/mono/default_icons.o
LOAD /home/arx/projects/rockbox/build-fiiom3k-boot/apps/bitmaps/native/rockboxlogo.240x74x16.o
LOAD /home/arx/projects/rockbox/build-fiiom3k-boot/firmware/libfirmware.a
LOAD /home/arx/projects/rockbox/build-fiiom3k-boot/firmware/libfirmware.a
LOAD /home/arx/projects/rockbox/build-fiiom3k-boot/lib/libmipsunwinder.a
LOAD /home/arx/projects/rockbox/build-fiiom3k-boot/lib/libmicrotar.a
LOAD /opt/rbdev/lib/gcc/mipsel-elf/4.9.4/soft-float/libgcc.a
LOAD /home/arx/projects/rockbox/build-fiiom3k-boot/firmware/target/mips/exception-mips.o
LOAD /home/arx/projects/rockbox/build-fiiom3k-boot/firmware/target/mips/system-mips.o

.text           0x0000000080004000    0x1cdd4
                0x0000000080004000                loadaddress = .
                0x0000000080004000                _loadaddress = .
 *(.init.text)
 .init.text     0x0000000080004000      0x148 /home/arx/projects/rockbox/build-fiiom3k-boot/firmware/target/mips/ingenic_x1000/crt0.o
                0x0000000080004000                _start
 *(.text*)
 .text.fprfunc  0x0000000080004148       0x50 /home/arx/projects/rockbox/build-fiiom3k-boot/bootloader/format.o
 .text.format   0x0000000080004198      0x430 /home/arx/projects/rockbox/build-fiiom3k-boot/bootloader/format.o
                0x0000000080004198                format
 .text.fdprintf
                0x00000000800045c8       0x44 /home/arx/projects/rockbox/build-fiiom3k-boot/bootloader/format.o
                0x00000000800045c8                fdprintf
 .text.sprfunc  0x000000008000460c       0x44 /home/arx/projects/rockbox/build-fiiom3k-boot/bootloader/snprintf.o
 .text.vsnprintf
                0x0000000080004650       0x50 /home/arx/projects/rockbox/build-fiiom3k-boot/bootloader/snprintf.o
                0x0000000080004650                vsnprintf
 .text.snprintf
                0x00000000800046a0       0x24 /home/arx/projects/rockbox/build-fiiom3k-boot/bootloader/snprintf.o
                0x00000000800046a0                snprintf
 .text.uimage_get_load.isra.1
                0x00000000800046c4        0xc /home/arx/projects/rockbox/build-fiiom3k-boot/bootloader/x1000/boot.o
 .text.uimage_get_ep.isra.2
                0x00000000800046d0        0xc /home/arx/projects/rockbox/build-fiiom3k-boot/bootloader/x1000/boot.o
 .text.boot_of_helper
                0x00000000800046dc      0x144 /home/arx/projects/rockbox/build-fiiom3k-boot/bootloader/x1000/boot.o
 .text.boot_rockbox
                0x0000000080004820       0x54 /home/arx/projects/rockbox/build-fiiom3k-boot/bootloader/x1000/boot.o
                0x0000000080004820                boot_rockbox
 .text.shutdown
                0x0000000080004874       0x28 /home/arx/projects/rockbox/build-fiiom3k-boot/bootloader/x1000/boot.o
                0x0000000080004874                shutdown
 .text.reboot   0x000000008000489c       0x28 /home/arx/projects/rockbox/build-fiiom3k-boot/bootloader/x1000/boot.o
                0x000000008000489c                reboot
 .text.boot_linux
                0x00000000800048c4      0x220 /home/arx/projects/rockbox/build-fiiom3k-boot/bootloader/x1000/boot.o
                0x00000000800048c4                boot_linux
 .text.boot_of_player
                0x0000000080004ae4       0x14 /home/arx/projects/rockbox/build-fiiom3k-boot/bootloader/x1000/boot.o
                0x0000000080004ae4                boot_of_player
 .text.boot_of_recovery
                0x0000000080004af8       0x14 /home/arx/projects/rockbox/build-fiiom3k-boot/bootloader/x1000/boot.o
                0x0000000080004af8                boot_of_recovery
 .text.putversion
                0x0000000080004b0c       0x40 /home/arx/projects/rockbox/build-fiiom3k-boot/bootloader/x1000/gui.o
                0x0000000080004b0c                putversion
 .text.putcenter_y
                0x0000000080004b4c       0x4c /home/arx/projects/rockbox/build-fiiom3k-boot/bootloader/x1000/gui.o
                0x0000000080004b4c                putcenter_y
 .text.get_button
                0x0000000080004b98       0x60 /home/arx/projects/rockbox/build-fiiom3k-boot/bootloader/x1000/gui.o
                0x0000000080004b98                get_button
 .text.init_lcd
                0x0000000080004bf8       0x64 /home/arx/projects/rockbox/build-fiiom3k-boot/bootloader/x1000/gui.o
                0x0000000080004bf8                init_lcd
 .text.clearscreen
                0x0000000080004c5c       0x24 /home/arx/projects/rockbox/build-fiiom3k-boot/bootloader/x1000/gui.o
                0x0000000080004c5c                clearscreen
 .text.splashf  0x0000000080004c80      0x19c /home/arx/projects/rockbox/build-fiiom3k-boot/bootloader/x1000/gui.o
                0x0000000080004c80                splashf
 .text.gui_shutdown
                0x0000000080004e1c       0x20 /home/arx/projects/rockbox/build-fiiom3k-boot/bootloader/x1000/gui.o
                0x0000000080004e1c                gui_shutdown
 .text.gui_list_init
                0x0000000080004e3c       0x20 /home/arx/projects/rockbox/build-fiiom3k-boot/bootloader/x1000/gui.o
                0x0000000080004e3c                gui_list_init
 .text.gui_list_draw
                0x0000000080004e5c       0xd4 /home/arx/projects/rockbox/build-fiiom3k-boot/bootloader/x1000/gui.o
                0x0000000080004e5c                gui_list_draw
 .text.gui_list_select
                0x0000000080004f30       0x78 /home/arx/projects/rockbox/build-fiiom3k-boot/bootloader/x1000/gui.o
                0x0000000080004f30                gui_list_select
 .text.bootloader_action
                0x0000000080004fa8      0x144 /home/arx/projects/rockbox/build-fiiom3k-boot/bootloader/x1000/install.o
 .text.bootloader_install
                0x00000000800050ec        0x8 /home/arx/projects/rockbox/build-fiiom3k-boot/bootloader/x1000/install.o
                0x00000000800050ec                bootloader_install
 .text.bootloader_backup
                0x00000000800050f4        0x8 /home/arx/projects/rockbox/build-fiiom3k-boot/bootloader/x1000/install.o
                0x00000000800050f4                bootloader_backup
 .text.bootloader_restore
                0x00000000800050fc        0x8 /home/arx/projects/rockbox/build-fiiom3k-boot/bootloader/x1000/install.o
                0x00000000800050fc                bootloader_restore
 .text.startup.main
                0x0000000080005104      0x104 /home/arx/projects/rockbox/build-fiiom3k-boot/bootloader/x1000/main.o
                0x0000000080005104                main
 .text.to_main_menu
                0x0000000080005208       0x2c /home/arx/projects/rockbox/build-fiiom3k-boot/bootloader/x1000/recovery.o
 .text.to_debug_menu
                0x0000000080005234       0x2c /home/arx/projects/rockbox/build-fiiom3k-boot/bootloader/x1000/recovery.o
 .text.recmenu_draw_item
                0x0000000080005260       0x60 /home/arx/projects/rockbox/build-fiiom3k-boot/bootloader/x1000/recovery.o
 .text.put_help_line.constprop.0
                0x00000000800052c0       0x60 /home/arx/projects/rockbox/build-fiiom3k-boot/bootloader/x1000/recovery.o
 .text.recmenu_scroll.constprop.1
                0x0000000080005320       0xc8 /home/arx/projects/rockbox/build-fiiom3k-boot/bootloader/x1000/recovery.o
 .text.recovery_menu
                0x00000000800053e8      0x190 /home/arx/projects/rockbox/build-fiiom3k-boot/bootloader/x1000/recovery.o
                0x00000000800053e8                recovery_menu
 .text._generic_load_le32
                0x0000000080005578       0x2c /home/arx/projects/rockbox/build-fiiom3k-boot/bootloader/x1000/utils.o
 .text.uimage_nand_reader
                0x00000000800055a4      0x1a8 /home/arx/projects/rockbox/build-fiiom3k-boot/bootloader/x1000/utils.o
 .text.check_disk
                0x000000008000574c       0x94 /home/arx/projects/rockbox/build-fiiom3k-boot/bootloader/x1000/utils.o
                0x000000008000574c                check_disk
 .text.usb_mode
                0x00000000800057e0       0xb4 /home/arx/projects/rockbox/build-fiiom3k-boot/bootloader/x1000/utils.o
                0x00000000800057e0                usb_mode
 .text.screenshot
                0x0000000080005894       0x3c /home/arx/projects/rockbox/build-fiiom3k-boot/bootloader/x1000/utils.o
                0x0000000080005894                screenshot
 .text.screenshot_enable
                0x00000000800058d0       0x38 /home/arx/projects/rockbox/build-fiiom3k-boot/bootloader/x1000/utils.o
                0x00000000800058d0                screenshot_enable
 .text.load_rockbox
                0x0000000080005908       0xf8 /home/arx/projects/rockbox/build-fiiom3k-boot/bootloader/x1000/utils.o
                0x0000000080005908                load_rockbox
 .text.load_uimage_file
                0x0000000080005a00       0xb0 /home/arx/projects/rockbox/build-fiiom3k-boot/bootloader/x1000/utils.o
                0x0000000080005a00                load_uimage_file
 .text.load_uimage_flash
                0x0000000080005ab0      0x160 /home/arx/projects/rockbox/build-fiiom3k-boot/bootloader/x1000/utils.o
                0x0000000080005ab0                load_uimage_flash
 .text.dump_flash
                0x0000000080005c10      0x140 /home/arx/projects/rockbox/build-fiiom3k-boot/bootloader/x1000/utils.o
                0x0000000080005c10                dump_flash
 .text.dump_flash_file
                0x0000000080005d50       0xfc /home/arx/projects/rockbox/build-fiiom3k-boot/bootloader/x1000/utils.o
                0x0000000080005d50                dump_flash_file
 .text.dump_of_player
                0x0000000080005e4c       0x14 /home/arx/projects/rockbox/build-fiiom3k-boot/bootloader/x1000/utils.o
                0x0000000080005e4c                dump_of_player
 .text.dump_of_recovery
                0x0000000080005e60       0x14 /home/arx/projects/rockbox/build-fiiom3k-boot/bootloader/x1000/utils.o
                0x0000000080005e60                dump_of_recovery
 .text.dump_entire_flash
                0x0000000080005e74       0x14 /home/arx/projects/rockbox/build-fiiom3k-boot/bootloader/x1000/utils.o
                0x0000000080005e74                dump_entire_flash
 .text.show_flash_info
                0x0000000080005e88      0x2c8 /home/arx/projects/rockbox/build-fiiom3k-boot/bootloader/x1000/utils.o
                0x0000000080005e88                show_flash_info
 .text.show_flash_onfi_info
                0x0000000080006150      0x310 /home/arx/projects/rockbox/build-fiiom3k-boot/bootloader/x1000/utils.o
                0x0000000080006150                show_flash_onfi_info
 .text.strlen   0x0000000080006460       0x20 /home/arx/projects/rockbox/build-fiiom3k-boot/firmware/libfirmware.a(strlen.o)
                0x0000000080006460                strlen
 .text.backlight_init
                0x0000000080006480       0x1c /home/arx/projects/rockbox/build-fiiom3k-boot/firmware/libfirmware.a(backlight.o)
                0x0000000080006480                backlight_init
 .text.backlight_on
                0x000000008000649c        0x8 /home/arx/projects/rockbox/build-fiiom3k-boot/firmware/libfirmware.a(backlight.o)
                0x000000008000649c                backlight_on
 .text.is_backlight_on
                0x00000000800064a4        0x8 /home/arx/projects/rockbox/build-fiiom3k-boot/firmware/libfirmware.a(backlight.o)
                0x00000000800064a4                is_backlight_on
 .text.buttonlight_on
                0x00000000800064ac        0x8 /home/arx/projects/rockbox/build-fiiom3k-boot/firmware/libfirmware.a(backlight.o)
                0x00000000800064ac                buttonlight_on
 .text.handle_to_block_end
                0x00000000800064b4       0x28 /home/arx/projects/rockbox/build-fiiom3k-boot/firmware/libfirmware.a(buflib.o)
 .text.handle_to_block
                0x00000000800064dc       0x34 /home/arx/projects/rockbox/build-fiiom3k-boot/firmware/libfirmware.a(buflib.o)
 .text.unlikely.buflib_panic
                0x0000000080006510       0x50 /home/arx/projects/rockbox/build-fiiom3k-boot/firmware/libfirmware.a(buflib.o)
 .text.check_block_length
                0x0000000080006560       0x4c /home/arx/projects/rockbox/build-fiiom3k-boot/firmware/libfirmware.a(buflib.o)
 .text.find_first_free
                0x00000000800065ac       0x64 /home/arx/projects/rockbox/build-fiiom3k-boot/firmware/libfirmware.a(buflib.o)
 .text.find_block_before
                0x0000000080006610       0x90 /home/arx/projects/rockbox/build-fiiom3k-boot/firmware/libfirmware.a(buflib.o)
 .text.check_block_handle
                0x00000000800066a0       0xa4 /home/arx/projects/rockbox/build-fiiom3k-boot/firmware/libfirmware.a(buflib.o)
 .text.check_handle
                0x0000000080006744       0x4c /home/arx/projects/rockbox/build-fiiom3k-boot/firmware/libfirmware.a(buflib.o)
 .text.move_block
                0x0000000080006790      0x170 /home/arx/projects/rockbox/build-fiiom3k-boot/firmware/libfirmware.a(buflib.o)
 .text.buflib_compact
                0x0000000080006900      0x1b8 /home/arx/projects/rockbox/build-fiiom3k-boot/firmware/libfirmware.a(buflib.o)
 .text.buflib_compact_and_shrink
                0x0000000080006ab8      0x1d4 /home/arx/projects/rockbox/build-fiiom3k-boot/firmware/libfirmware.a(buflib.o)
 .text.buflib_init
                0x0000000080006c8c       0x7c /home/arx/projects/rockbox/build-fiiom3k-boot/firmware/libfirmware.a(buflib.o)
                0x0000000080006c8c                buflib_init
 .text.buflib_alloc_ex
                0x0000000080006d08      0x298 /home/arx/projects/rockbox/build-fiiom3k-boot/firmware/libfirmware.a(buflib.o)
                0x0000000080006d08                buflib_alloc_ex
 .text.buflib_free
                0x0000000080006fa0       0xe0 /home/arx/projects/rockbox/build-fiiom3k-boot/firmware/libfirmware.a(buflib.o)
                0x0000000080006fa0                buflib_free
 .text.buflib_allocatable
                0x0000000080007080       0xf4 /home/arx/projects/rockbox/build-fiiom3k-boot/firmware/libfirmware.a(buflib.o)
                0x0000000080007080                buflib_allocatable
 .text.buflib_alloc_maximum
                0x0000000080007174       0xc4 /home/arx/projects/rockbox/build-fiiom3k-boot/firmware/libfirmware.a(buflib.o)
                0x0000000080007174                buflib_alloc_maximum
 .text.buflib_shrink
                0x0000000080007238      0x1a4 /home/arx/projects/rockbox/build-fiiom3k-boot/firmware/libfirmware.a(buflib.o)
                0x0000000080007238                buflib_shrink
 .text.buflib_pin
                0x00000000800073dc       0x3c /home/arx/projects/rockbox/build-fiiom3k-boot/firmware/libfirmware.a(buflib.o)
                0x00000000800073dc                buflib_pin
 .text.buflib_unpin
                0x0000000080007418       0x68 /home/arx/projects/rockbox/build-fiiom3k-boot/firmware/libfirmware.a(buflib.o)
                0x0000000080007418                buflib_unpin
 .text.core_alloc
                0x0000000080007480       0x14 /home/arx/projects/rockbox/build-fiiom3k-boot/firmware/libfirmware.a(core_alloc.o)
                0x0000000080007480                core_alloc
 .text.core_allocator_init
                0x0000000080007494       0x54 /home/arx/projects/rockbox/build-fiiom3k-boot/firmware/libfirmware.a(core_alloc.o)
                0x0000000080007494                core_allocator_init
 .text.core_alloc_ex
                0x00000000800074e8       0x18 /home/arx/projects/rockbox/build-fiiom3k-boot/firmware/libfirmware.a(core_alloc.o)
                0x00000000800074e8                core_alloc_ex
 .text.core_free
                0x0000000080007500       0x10 /home/arx/projects/rockbox/build-fiiom3k-boot/firmware/libfirmware.a(core_alloc.o)
                0x0000000080007500                core_free
 .text.core_alloc_maximum
                0x0000000080007510       0x20 /home/arx/projects/rockbox/build-fiiom3k-boot/firmware/libfirmware.a(core_alloc.o)
                0x0000000080007510                core_alloc_maximum
 .text.core_shrink
                0x0000000080007530       0x20 /home/arx/projects/rockbox/build-fiiom3k-boot/firmware/libfirmware.a(core_alloc.o)
                0x0000000080007530                core_shrink
 .text.core_pin
                0x0000000080007550       0x10 /home/arx/projects/rockbox/build-fiiom3k-boot/firmware/libfirmware.a(core_alloc.o)
                0x0000000080007550                core_pin
 .text.core_unpin
                0x0000000080007560       0x10 /home/arx/projects/rockbox/build-fiiom3k-boot/firmware/libfirmware.a(core_alloc.o)
                0x0000000080007560                core_unpin
 .text.usb_status_tmo_callback
                0x0000000080007570       0x6c /home/arx/projects/rockbox/build-fiiom3k-boot/firmware/libfirmware.a(usb.o)
 .text.usb_slave_mode
                0x00000000800075dc       0x70 /home/arx/projects/rockbox/build-fiiom3k-boot/firmware/libfirmware.a(usb.o)
 .text.usb_set_host_present
                0x000000008000764c      0x100 /home/arx/projects/rockbox/build-fiiom3k-boot/firmware/libfirmware.a(usb.o)
 .text.usb_thread
                0x000000008000774c      0x264 /home/arx/projects/rockbox/build-fiiom3k-boot/firmware/libfirmware.a(usb.o)
 .text.usb_signal_transfer_completion
                0x00000000800079b0       0x14 /home/arx/projects/rockbox/build-fiiom3k-boot/firmware/libfirmware.a(usb.o)
                0x00000000800079b0                usb_signal_transfer_completion
 .text.usb_charger_update
                0x00000000800079c4       0x14 /home/arx/projects/rockbox/build-fiiom3k-boot/firmware/libfirmware.a(usb.o)
                0x00000000800079c4                usb_charger_update
 .text.usb_status_event
                0x00000000800079d8       0x68 /home/arx/projects/rockbox/build-fiiom3k-boot/firmware/libfirmware.a(usb.o)
                0x00000000800079d8                usb_status_event
 .text.usb_start_monitoring
                0x0000000080007a40       0x48 /home/arx/projects/rockbox/build-fiiom3k-boot/firmware/libfirmware.a(usb.o)
                0x0000000080007a40                usb_start_monitoring
 .text.usb_acknowledge
                0x0000000080007a88       0x14 /home/arx/projects/rockbox/build-fiiom3k-boot/firmware/libfirmware.a(usb.o)
                0x0000000080007a88                usb_acknowledge
 .text.usb_init
                0x0000000080007a9c       0x6c /home/arx/projects/rockbox/build-fiiom3k-boot/firmware/libfirmware.a(usb.o)
                0x0000000080007a9c                usb_init
 .text.usb_close
                0x0000000080007b08       0x5c /home/arx/projects/rockbox/build-fiiom3k-boot/firmware/libfirmware.a(usb.o)
                0x0000000080007b08                usb_close
 .text.usb_exclusive_storage
                0x0000000080007b64       0x28 /home/arx/projects/rockbox/build-fiiom3k-boot/firmware/libfirmware.a(usb.o)
                0x0000000080007b64                usb_exclusive_storage
 .text.uimage_get_size.isra.5
                0x0000000080007b8c        0xc /home/arx/projects/rockbox/build-fiiom3k-boot/firmware/libfirmware.a(linuxboot.o)
 .text.uimage_get_dcrc.isra.6
                0x0000000080007b98        0xc /home/arx/projects/rockbox/build-fiiom3k-boot/firmware/libfirmware.a(linuxboot.o)
 .text.uimage_crc
                0x0000000080007ba4       0x2c /home/arx/projects/rockbox/build-fiiom3k-boot/firmware/libfirmware.a(linuxboot.o)
                0x0000000080007ba4                uimage_crc
 .text.uimage_inflate_reader
                0x0000000080007bd0       0x84 /home/arx/projects/rockbox/build-fiiom3k-boot/firmware/libfirmware.a(linuxboot.o)
 .text.uimage_calc_hcrc
                0x0000000080007c54       0x38 /home/arx/projects/rockbox/build-fiiom3k-boot/firmware/libfirmware.a(linuxboot.o)
                0x0000000080007c54                uimage_calc_hcrc
 .text.uimage_load
                0x0000000080007c8c      0x30c /home/arx/projects/rockbox/build-fiiom3k-boot/firmware/libfirmware.a(linuxboot.o)
                0x0000000080007c8c                uimage_load
 .text.uimage_fd_reader
                0x0000000080007f98       0x18 /home/arx/projects/rockbox/build-fiiom3k-boot/firmware/libfirmware.a(linuxboot.o)
                0x0000000080007f98                uimage_fd_reader
 .text.mips_linux_stub_get_entry
                0x0000000080007fb0      0x174 /home/arx/projects/rockbox/build-fiiom3k-boot/firmware/libfirmware.a(linuxboot.o)
                0x0000000080007fb0                mips_linux_stub_get_entry
 .text.load_firmware_filename
                0x0000000080008124      0x11c /home/arx/projects/rockbox/build-fiiom3k-boot/firmware/libfirmware.a(rb-loader.o)
 .text.load_firmware
                0x0000000080008240      0x174 /home/arx/projects/rockbox/build-fiiom3k-boot/firmware/libfirmware.a(rb-loader.o)
                0x0000000080008240                load_firmware
 .text.panicf   0x00000000800083b4      0x128 /home/arx/projects/rockbox/build-fiiom3k-boot/firmware/libfirmware.a(panic.o)
                0x00000000800083b4                panicf
 .text.write_bootdata
                0x00000000800084dc       0xfc /home/arx/projects/rockbox/build-fiiom3k-boot/firmware/libfirmware.a(multiboot.o)
                0x00000000800084dc                write_bootdata
 .text.get_redirect_dir
                0x00000000800085d8      0x11c /home/arx/projects/rockbox/build-fiiom3k-boot/firmware/libfirmware.a(multiboot.o)
                0x00000000800085d8                get_redirect_dir
 .text.strchr   0x00000000800086f4       0x34 /home/arx/projects/rockbox/build-fiiom3k-boot/firmware/libfirmware.a(strchr.o)
                0x00000000800086f4                strchr
 .text.strcpy   0x0000000080008728       0x24 /home/arx/projects/rockbox/build-fiiom3k-boot/firmware/libfirmware.a(strcpy.o)
                0x0000000080008728                strcpy
 .text.crc_32   0x000000008000874c       0x64 /home/arx/projects/rockbox/build-fiiom3k-boot/firmware/libfirmware.a(crc32.o)
                0x000000008000874c                crc_32
 .text.crc_32r  0x00000000800087b0       0x60 /home/arx/projects/rockbox/build-fiiom3k-boot/firmware/libfirmware.a(crc32.o)
                0x00000000800087b0                crc_32r
 .text.loader_strerror
                0x0000000080008810       0x30 /home/arx/projects/rockbox/build-fiiom3k-boot/firmware/libfirmware.a(loader_strerror.o)
                0x0000000080008810                loader_strerror
 .text.file_internal_lock_WRITER
                0x0000000080008840        0xc /home/arx/projects/rockbox/build-fiiom3k-boot/firmware/libfirmware.a(file.o)
 .text.get_filestr
                0x000000008000884c       0x80 /home/arx/projects/rockbox/build-fiiom3k-boot/firmware/libfirmware.a(file.o)
 .text.flush_cache
                0x00000000800088cc       0xe0 /home/arx/projects/rockbox/build-fiiom3k-boot/firmware/libfirmware.a(file.o)
 .text.file_internal_unlock_WRITER
                0x00000000800089ac        0xc /home/arx/projects/rockbox/build-fiiom3k-boot/firmware/libfirmware.a(file.o)
 .text.file_internal_unlock_READER
                0x00000000800089b8        0xc /home/arx/projects/rockbox/build-fiiom3k-boot/firmware/libfirmware.a(file.o)
 .text.readwrite_fill_cache
                0x00000000800089c4      0x140 /home/arx/projects/rockbox/build-fiiom3k-boot/firmware/libfirmware.a(file.o)
 .text.ftruncate_internal
                0x0000000080008b04      0x240 /home/arx/projects/rockbox/build-fiiom3k-boot/firmware/libfirmware.a(file.o)
 .text.fsync_internal
                0x0000000080008d44      0x140 /home/arx/projects/rockbox/build-fiiom3k-boot/firmware/libfirmware.a(file.o)
 .text.close_internal
                0x0000000080008e84       0x84 /home/arx/projects/rockbox/build-fiiom3k-boot/firmware/libfirmware.a(file.o)
 .text.readwrite
                0x0000000080008f08      0x478 /home/arx/projects/rockbox/build-fiiom3k-boot/firmware/libfirmware.a(file.o)
 .text.force_close_writer_internal
                0x0000000080009380        0x8 /home/arx/projects/rockbox/build-fiiom3k-boot/firmware/libfirmware.a(file.o)
                0x0000000080009380                force_close_writer_internal
 .text.close    0x0000000080009388       0x88 /home/arx/projects/rockbox/build-fiiom3k-boot/firmware/libfirmware.a(file.o)
                0x0000000080009388                close
 .text.open_internal_inner1
                0x0000000080009410      0x2ec /home/arx/projects/rockbox/build-fiiom3k-boot/firmware/libfirmware.a(file.o)
 .text.open_noiso_internal
                0x00000000800096fc       0x3c /home/arx/projects/rockbox/build-fiiom3k-boot/firmware/libfirmware.a(file.o)
                0x00000000800096fc                open_noiso_internal
 .text.open     0x0000000080009738       0x3c /home/arx/projects/rockbox/build-fiiom3k-boot/firmware/libfirmware.a(file.o)
                0x0000000080009738                open
 .text.creat    0x0000000080009774       0x38 /home/arx/projects/rockbox/build-fiiom3k-boot/firmware/libfirmware.a(file.o)
                0x0000000080009774                creat
 .text.lseek    0x00000000800097ac      0x154 /home/arx/projects/rockbox/build-fiiom3k-boot/firmware/libfirmware.a(file.o)
                0x00000000800097ac                lseek
 .text.read     0x0000000080009900       0xc8 /home/arx/projects/rockbox/build-fiiom3k-boot/firmware/libfirmware.a(file.o)
                0x0000000080009900                read
 .text.write    0x00000000800099c8       0xc8 /home/arx/projects/rockbox/build-fiiom3k-boot/firmware/libfirmware.a(file.o)
                0x00000000800099c8                write
 .text.remove   0x0000000080009a90       0x38 /home/arx/projects/rockbox/build-fiiom3k-boot/firmware/libfirmware.a(file.o)
                0x0000000080009a90                remove
 .text.filesize
                0x0000000080009ac8       0x94 /home/arx/projects/rockbox/build-fiiom3k-boot/firmware/libfirmware.a(file.o)
                0x0000000080009ac8                filesize
 .text.walk_check_prefix.isra.0
                0x0000000080009b5c       0x58 /home/arx/projects/rockbox/build-fiiom3k-boot/firmware/libfirmware.a(file_internal.o)
 .text.file_cache_init
                0x0000000080009bb4       0x14 /home/arx/projects/rockbox/build-fiiom3k-boot/firmware/libfirmware.a(file_internal.o)
                0x0000000080009bb4                file_cache_init
 .text.file_cache_reset
                0x0000000080009bc8       0x10 /home/arx/projects/rockbox/build-fiiom3k-boot/firmware/libfirmware.a(file_internal.o)
                0x0000000080009bc8                file_cache_reset
 .text.file_cache_alloc
                0x0000000080009bd8       0x48 /home/arx/projects/rockbox/build-fiiom3k-boot/firmware/libfirmware.a(file_internal.o)
                0x0000000080009bd8                file_cache_alloc
 .text.file_cache_free
                0x0000000080009c20       0x50 /home/arx/projects/rockbox/build-fiiom3k-boot/firmware/libfirmware.a(file_internal.o)
                0x0000000080009c20                file_cache_free
 .text.filestr_alloc_cache
                0x0000000080009c70        0x8 /home/arx/projects/rockbox/build-fiiom3k-boot/firmware/libfirmware.a(file_internal.o)
                0x0000000080009c70                filestr_alloc_cache
 .text.filestr_free_cache
                0x0000000080009c78       0x24 /home/arx/projects/rockbox/build-fiiom3k-boot/firmware/libfirmware.a(file_internal.o)
                0x0000000080009c78                filestr_free_cache
 .text.filestr_assign_cache
                0x0000000080009c9c       0x50 /home/arx/projects/rockbox/build-fiiom3k-boot/firmware/libfirmware.a(file_internal.o)
                0x0000000080009c9c                filestr_assign_cache
 .text.filestr_copy_cache
                0x0000000080009cec       0x6c /home/arx/projects/rockbox/build-fiiom3k-boot/firmware/libfirmware.a(file_internal.o)
                0x0000000080009cec                filestr_copy_cache
 .text.filestr_discard_cache
                0x0000000080009d58       0x14 /home/arx/projects/rockbox/build-fiiom3k-boot/firmware/libfirmware.a(file_internal.o)
                0x0000000080009d58                filestr_discard_cache
 .text.filestr_base_init
                0x0000000080009d6c       0x28 /home/arx/projects/rockbox/build-fiiom3k-boot/firmware/libfirmware.a(file_internal.o)
                0x0000000080009d6c                filestr_base_init
 .text.filestr_base_destroy
                0x0000000080009d94        0xc /home/arx/projects/rockbox/build-fiiom3k-boot/firmware/libfirmware.a(file_internal.o)
                0x0000000080009d94                filestr_base_destroy
 .text.uncached_readdir_internal
                0x0000000080009da0       0x64 /home/arx/projects/rockbox/build-fiiom3k-boot/firmware/libfirmware.a(file_internal.o)
                0x0000000080009da0                uncached_readdir_internal
 .text.test_dir_empty_internal
                0x0000000080009e04       0xe4 /home/arx/projects/rockbox/build-fiiom3k-boot/firmware/libfirmware.a(file_internal.o)
                0x0000000080009e04                test_dir_empty_internal
 .text.iso_decode_d_name
                0x0000000080009ee8       0x70 /home/arx/projects/rockbox/build-fiiom3k-boot/firmware/libfirmware.a(file_internal.o)
                0x0000000080009ee8                iso_decode_d_name
 .text.open_path_component
                0x0000000080009f58      0x198 /home/arx/projects/rockbox/build-fiiom3k-boot/firmware/libfirmware.a(file_internal.o)
 .text.walk_path
                0x000000008000a0f0      0x30c /home/arx/projects/rockbox/build-fiiom3k-boot/firmware/libfirmware.a(file_internal.o)
 .text.open_stream_internal
                0x000000008000a3fc      0x198 /home/arx/projects/rockbox/build-fiiom3k-boot/firmware/libfirmware.a(file_internal.o)
                0x000000008000a3fc                open_stream_internal
 .text.close_stream_internal
                0x000000008000a594       0x7c /home/arx/projects/rockbox/build-fiiom3k-boot/firmware/libfirmware.a(file_internal.o)
                0x000000008000a594                close_stream_internal
 .text.create_stream_internal
                0x000000008000a610       0xc8 /home/arx/projects/rockbox/build-fiiom3k-boot/firmware/libfirmware.a(file_internal.o)
                0x000000008000a610                create_stream_internal
 .text.remove_stream_internal
                0x000000008000a6d8      0x114 /home/arx/projects/rockbox/build-fiiom3k-boot/firmware/libfirmware.a(file_internal.o)
                0x000000008000a6d8                remove_stream_internal
 .text.filesystem_init
                0x000000008000a7ec       0x28 /home/arx/projects/rockbox/build-fiiom3k-boot/firmware/libfirmware.a(file_internal.o)
                0x000000008000a7ec                filesystem_init
 .text.file_internal_lock_WRITER
                0x000000008000a814        0xc /home/arx/projects/rockbox/build-fiiom3k-boot/firmware/libfirmware.a(disk.o)
 .text.file_internal_unlock_WRITER
                0x000000008000a820        0xc /home/arx/projects/rockbox/build-fiiom3k-boot/firmware/libfirmware.a(disk.o)
 .text.volume_onmount_internal
                0x000000008000a82c       0x68 /home/arx/projects/rockbox/build-fiiom3k-boot/firmware/libfirmware.a(disk.o)
 .text.disk_init
                0x000000008000a894      0x11c /home/arx/projects/rockbox/build-fiiom3k-boot/firmware/libfirmware.a(disk.o)
                0x000000008000a894                disk_init
 .text.disk_mount
                0x000000008000a9b0      0x1a0 /home/arx/projects/rockbox/build-fiiom3k-boot/firmware/libfirmware.a(disk.o)
                0x000000008000a9b0                disk_mount
 .text.disk_mount_all
                0x000000008000ab50       0x80 /home/arx/projects/rockbox/build-fiiom3k-boot/firmware/libfirmware.a(disk.o)
                0x000000008000ab50                disk_mount_all
 .text.disk_unmount
                0x000000008000abd0       0xa8 /home/arx/projects/rockbox/build-fiiom3k-boot/firmware/libfirmware.a(disk.o)
                0x000000008000abd0                disk_unmount
 .text.disk_unmount_all
                0x000000008000ac78       0x5c /home/arx/projects/rockbox/build-fiiom3k-boot/firmware/libfirmware.a(disk.o)
                0x000000008000ac78                disk_unmount_all
 .text.disk_present
                0x000000008000acd4       0x64 /home/arx/projects/rockbox/build-fiiom3k-boot/firmware/libfirmware.a(disk.o)
                0x000000008000acd4                disk_present
 .text.fileobj_sync_parent
                0x000000008000ad38       0xec /home/arx/projects/rockbox/build-fiiom3k-boot/firmware/libfirmware.a(fileobj_mgr.o)
 .text.file_binding_insert_last
                0x000000008000ae24       0x1c /home/arx/projects/rockbox/build-fiiom3k-boot/firmware/libfirmware.a(fileobj_mgr.o)
                0x000000008000ae24                file_binding_insert_last
 .text.bind_source_info
                0x000000008000ae40       0xc8 /home/arx/projects/rockbox/build-fiiom3k-boot/firmware/libfirmware.a(fileobj_mgr.o)
 .text.file_binding_remove
                0x000000008000af08       0x1c /home/arx/projects/rockbox/build-fiiom3k-boot/firmware/libfirmware.a(fileobj_mgr.o)
                0x000000008000af08                file_binding_remove
 .text.fileobj_mount
                0x000000008000af24       0x60 /home/arx/projects/rockbox/build-fiiom3k-boot/firmware/libfirmware.a(fileobj_mgr.o)
                0x000000008000af24                fileobj_mount
 .text.fileobj_unmount
                0x000000008000af84       0x5c /home/arx/projects/rockbox/build-fiiom3k-boot/firmware/libfirmware.a(fileobj_mgr.o)
                0x000000008000af84                fileobj_unmount
 .text.fileobj_fileop_open
                0x000000008000afe0      0x15c /home/arx/projects/rockbox/build-fiiom3k-boot/firmware/libfirmware.a(fileobj_mgr.o)
                0x000000008000afe0                fileobj_fileop_open
 .text.fileobj_fileop_close
                0x000000008000b13c      0x11c /home/arx/projects/rockbox/build-fiiom3k-boot/firmware/libfirmware.a(fileobj_mgr.o)
                0x000000008000b13c                fileobj_fileop_close
 .text.fileobj_fileop_create
                0x000000008000b258       0x38 /home/arx/projects/rockbox/build-fiiom3k-boot/firmware/libfirmware.a(fileobj_mgr.o)
                0x000000008000b258                fileobj_fileop_create
 .text.fileobj_fileop_remove
                0x000000008000b290       0x34 /home/arx/projects/rockbox/build-fiiom3k-boot/firmware/libfirmware.a(fileobj_mgr.o)
                0x000000008000b290                fileobj_fileop_remove
 .text.fileobj_fileop_sync
                0x000000008000b2c4       0x3c /home/arx/projects/rockbox/build-fiiom3k-boot/firmware/libfirmware.a(fileobj_mgr.o)
                0x000000008000b2c4                fileobj_fileop_sync
 .text.fileobj_get_sizep
                0x000000008000b300       0x14 /home/arx/projects/rockbox/build-fiiom3k-boot/firmware/libfirmware.a(fileobj_mgr.o)
                0x000000008000b300                fileobj_get_sizep
 .text.fileobj_get_next_stream
                0x000000008000b314       0x20 /home/arx/projects/rockbox/build-fiiom3k-boot/firmware/libfirmware.a(fileobj_mgr.o)
                0x000000008000b314                fileobj_get_next_stream
 .text.fileobj_get_flags
                0x000000008000b334       0x18 /home/arx/projects/rockbox/build-fiiom3k-boot/firmware/libfirmware.a(fileobj_mgr.o)
                0x000000008000b334                fileobj_get_flags
 .text.fileobj_change_flags
                0x000000008000b34c       0x30 /home/arx/projects/rockbox/build-fiiom3k-boot/firmware/libfirmware.a(fileobj_mgr.o)
                0x000000008000b34c                fileobj_change_flags
 .text.fileobj_mgr_unmount
                0x000000008000b37c       0xe8 /home/arx/projects/rockbox/build-fiiom3k-boot/firmware/libfirmware.a(fileobj_mgr.o)
                0x000000008000b37c                fileobj_mgr_unmount
 .text.fileobj_mgr_init
                0x000000008000b464       0xb4 /home/arx/projects/rockbox/build-fiiom3k-boot/firmware/libfirmware.a(fileobj_mgr.o)
                0x000000008000b464                fileobj_mgr_init
 .text.path_strip_volume
                0x000000008000b518       0xf8 /home/arx/projects/rockbox/build-fiiom3k-boot/firmware/libfirmware.a(pathfuncs.o)
                0x000000008000b518                path_strip_volume
 .text.get_volume_name
                0x000000008000b610       0x80 /home/arx/projects/rockbox/build-fiiom3k-boot/firmware/libfirmware.a(pathfuncs.o)
                0x000000008000b610                get_volume_name
 .text.make_volume_root
                0x000000008000b690       0x58 /home/arx/projects/rockbox/build-fiiom3k-boot/firmware/libfirmware.a(pathfuncs.o)
                0x000000008000b690                make_volume_root
 .text.path_append
                0x000000008000b6e8      0x1cc /home/arx/projects/rockbox/build-fiiom3k-boot/firmware/libfirmware.a(pathfuncs.o)
                0x000000008000b6e8                path_append
 .text.parse_path_component
                0x000000008000b8b4       0x58 /home/arx/projects/rockbox/build-fiiom3k-boot/firmware/libfirmware.a(pathfuncs.o)
                0x000000008000b8b4                parse_path_component
 .text.ll_insert_last
                0x000000008000b90c       0x20 /home/arx/projects/rockbox/build-fiiom3k-boot/firmware/libfirmware.a(linked_list.o)
                0x000000008000b90c                ll_insert_last
 .text.ll_remove_next
                0x000000008000b92c       0x38 /home/arx/projects/rockbox/build-fiiom3k-boot/firmware/libfirmware.a(linked_list.o)
                0x000000008000b92c                ll_remove_next
 .text.ll_remove_first
                0x000000008000b964       0x1c /home/arx/projects/rockbox/build-fiiom3k-boot/firmware/libfirmware.a(linked_list.o)
                0x000000008000b964                ll_remove_first
 .text.ll_remove
                0x000000008000b980       0x2c /home/arx/projects/rockbox/build-fiiom3k-boot/firmware/libfirmware.a(linked_list.o)
                0x000000008000b980                ll_remove
 .text.lld_insert_last
                0x000000008000b9ac       0x24 /home/arx/projects/rockbox/build-fiiom3k-boot/firmware/libfirmware.a(linked_list.o)
                0x000000008000b9ac                lld_insert_last
 .text.lld_remove
                0x000000008000b9d0       0x30 /home/arx/projects/rockbox/build-fiiom3k-boot/firmware/libfirmware.a(linked_list.o)
                0x000000008000b9d0                lld_remove
 .text.lldc_insert_first
                0x000000008000ba00       0x34 /home/arx/projects/rockbox/build-fiiom3k-boot/firmware/libfirmware.a(linked_list.o)
                0x000000008000ba00                lldc_insert_first
 .text.lldc_insert_last
                0x000000008000ba34       0x34 /home/arx/projects/rockbox/build-fiiom3k-boot/firmware/libfirmware.a(linked_list.o)
                0x000000008000ba34                lldc_insert_last
 .text.lldc_remove
                0x000000008000ba68       0x2c /home/arx/projects/rockbox/build-fiiom3k-boot/firmware/libfirmware.a(linked_list.o)
                0x000000008000ba68                lldc_remove
 .text.unmount_item
                0x000000008000ba94       0x6c /home/arx/projects/rockbox/build-fiiom3k-boot/firmware/libfirmware.a(rb_namespace.o)
 .text.root_mount_path
                0x000000008000bb00      0x124 /home/arx/projects/rockbox/build-fiiom3k-boot/firmware/libfirmware.a(rb_namespace.o)
                0x000000008000bb00                root_mount_path
 .text.root_unmount_volume
                0x000000008000bc24       0xcc /home/arx/projects/rockbox/build-fiiom3k-boot/firmware/libfirmware.a(rb_namespace.o)
                0x000000008000bc24                root_unmount_volume
 .text.ns_parse_root
                0x000000008000bcf0       0xa8 /home/arx/projects/rockbox/build-fiiom3k-boot/firmware/libfirmware.a(rb_namespace.o)
                0x000000008000bcf0                ns_parse_root
 .text.ns_open_root
                0x000000008000bd98       0xc0 /home/arx/projects/rockbox/build-fiiom3k-boot/firmware/libfirmware.a(rb_namespace.o)
                0x000000008000bd98                ns_open_root
 .text.strcasecmp
                0x000000008000be58       0x90 /home/arx/projects/rockbox/build-fiiom3k-boot/firmware/libfirmware.a(strcasecmp.o)
                0x000000008000be58                strcasecmp
 .text.strlcpy  0x000000008000bee8       0x50 /home/arx/projects/rockbox/build-fiiom3k-boot/firmware/libfirmware.a(strlcpy.o)
                0x000000008000bee8                strlcpy
 .text.alloc_and_load_cp_table
                0x000000008000bf38      0x158 /home/arx/projects/rockbox/build-fiiom3k-boot/firmware/libfirmware.a(unicode.o)
 .text.utf8encode
                0x000000008000c090       0x8c /home/arx/projects/rockbox/build-fiiom3k-boot/firmware/libfirmware.a(unicode.o)
                0x000000008000c090                utf8encode
 .text.iso_decode
                0x000000008000c11c      0x300 /home/arx/projects/rockbox/build-fiiom3k-boot/firmware/libfirmware.a(unicode.o)
                0x000000008000c11c                iso_decode
 .text.utf8length
                0x000000008000c41c       0x30 /home/arx/projects/rockbox/build-fiiom3k-boot/firmware/libfirmware.a(unicode.o)
                0x000000008000c41c                utf8length
 .text.utf8decode
                0x000000008000c44c       0xdc /home/arx/projects/rockbox/build-fiiom3k-boot/firmware/libfirmware.a(unicode.o)
                0x000000008000c44c                utf8decode
 .text.inflate  0x000000008000c528     0x152c /home/arx/projects/rockbox/build-fiiom3k-boot/firmware/libfirmware.a(inflate.o)
                0x000000008000c528                inflate
 .text.inflate_buffer_writer
                0x000000008000da54       0x60 /home/arx/projects/rockbox/build-fiiom3k-boot/firmware/libfirmware.a(inflate.o)
                0x000000008000da54                inflate_buffer_writer
 .text.font_init
                0x000000008000dab4        0x8 /home/arx/projects/rockbox/build-fiiom3k-boot/firmware/libfirmware.a(font.o)
                0x000000008000dab4                font_init
 .text.font_get
                0x000000008000dabc        0xc /home/arx/projects/rockbox/build-fiiom3k-boot/firmware/libfirmware.a(font.o)
                0x000000008000dabc                font_get
 .text.font_get_width
                0x000000008000dac8       0x50 /home/arx/projects/rockbox/build-fiiom3k-boot/firmware/libfirmware.a(font.o)
                0x000000008000dac8                font_get_width
 .text.font_get_bits
                0x000000008000db18       0x70 /home/arx/projects/rockbox/build-fiiom3k-boot/firmware/libfirmware.a(font.o)
                0x000000008000db18                font_get_bits
 .text.font_getstringsize
                0x000000008000db88       0xb8 /home/arx/projects/rockbox/build-fiiom3k-boot/firmware/libfirmware.a(font.o)
                0x000000008000db88                font_getstringsize
 .text.screen_dump
                0x000000008000dc40      0x12c /home/arx/projects/rockbox/build-fiiom3k-boot/firmware/libfirmware.a(screendump.o)
                0x000000008000dc40                screen_dump
 .text.lcd_frameaddress_default
                0x000000008000dd6c       0x28 /home/arx/projects/rockbox/build-fiiom3k-boot/firmware/libfirmware.a(lcd-16bit.o)
 .text.clip_viewport_rect
                0x000000008000dd94       0xec /home/arx/projects/rockbox/build-fiiom3k-boot/firmware/libfirmware.a(lcd-16bit.o)
 .text.setpixel
                0x000000008000de80       0x14 /home/arx/projects/rockbox/build-fiiom3k-boot/firmware/libfirmware.a(lcd-16bit.o)
 .text.clearpixel
                0x000000008000de94       0x14 /home/arx/projects/rockbox/build-fiiom3k-boot/firmware/libfirmware.a(lcd-16bit.o)
 .text.clearimgpixel
                0x000000008000dea8       0x18 /home/arx/projects/rockbox/build-fiiom3k-boot/firmware/libfirmware.a(lcd-16bit.o)
 .text.flippixel
                0x000000008000dec0       0x10 /home/arx/projects/rockbox/build-fiiom3k-boot/firmware/libfirmware.a(lcd-16bit.o)
 .text.nopixel  0x000000008000ded0        0x8 /home/arx/projects/rockbox/build-fiiom3k-boot/firmware/libfirmware.a(lcd-16bit.o)
 .text.blend_two_colors
                0x000000008000ded8       0x50 /home/arx/projects/rockbox/build-fiiom3k-boot/firmware/libfirmware.a(lcd-16bit.o)
 .text.lcd_alpha_bitmap_part_mix
                0x000000008000df28      0x590 /home/arx/projects/rockbox/build-fiiom3k-boot/firmware/libfirmware.a(lcd-16bit.o)
 .text.lcd_set_foreground
                0x000000008000e4b8       0x10 /home/arx/projects/rockbox/build-fiiom3k-boot/firmware/libfirmware.a(lcd-16bit.o)
                0x000000008000e4b8                lcd_set_foreground
 .text.lcd_set_background
                0x000000008000e4c8       0x10 /home/arx/projects/rockbox/build-fiiom3k-boot/firmware/libfirmware.a(lcd-16bit.o)
                0x000000008000e4c8                lcd_set_background
 .text.lcd_set_backdrop
                0x000000008000e4d8       0x84 /home/arx/projects/rockbox/build-fiiom3k-boot/firmware/libfirmware.a(lcd-16bit.o)
                0x000000008000e4d8                lcd_set_backdrop
 .text.lcd_alpha_bitmap_part
                0x000000008000e55c       0x5c /home/arx/projects/rockbox/build-fiiom3k-boot/firmware/libfirmware.a(lcd-16bit.o)
                0x000000008000e55c                lcd_alpha_bitmap_part
 .text.lcd_set_drawmode
                0x000000008000e5b8       0x14 /home/arx/projects/rockbox/build-fiiom3k-boot/firmware/libfirmware.a(lcd-16bit.o)
                0x000000008000e5b8                lcd_set_drawmode
 .text.lcd_setfont
                0x000000008000e5cc       0x10 /home/arx/projects/rockbox/build-fiiom3k-boot/firmware/libfirmware.a(lcd-16bit.o)
                0x000000008000e5cc                lcd_setfont
 .text.lcd_getstringsize
                0x000000008000e5dc       0x10 /home/arx/projects/rockbox/build-fiiom3k-boot/firmware/libfirmware.a(lcd-16bit.o)
                0x000000008000e5dc                lcd_getstringsize
 .text.lcd_init_viewport
                0x000000008000e5ec       0x88 /home/arx/projects/rockbox/build-fiiom3k-boot/firmware/libfirmware.a(lcd-16bit.o)
                0x000000008000e5ec                lcd_init_viewport
 .text.lcd_set_viewport_ex
                0x000000008000e674       0x58 /home/arx/projects/rockbox/build-fiiom3k-boot/firmware/libfirmware.a(lcd-16bit.o)
                0x000000008000e674                lcd_set_viewport_ex
 .text.lcd_set_viewport
                0x000000008000e6cc        0x8 /home/arx/projects/rockbox/build-fiiom3k-boot/firmware/libfirmware.a(lcd-16bit.o)
                0x000000008000e6cc                lcd_set_viewport
 .text.lcd_clear_viewport
                0x000000008000e6d4      0x194 /home/arx/projects/rockbox/build-fiiom3k-boot/firmware/libfirmware.a(lcd-16bit.o)
                0x000000008000e6d4                lcd_clear_viewport
 .text.lcd_clear_display
                0x000000008000e868       0x40 /home/arx/projects/rockbox/build-fiiom3k-boot/firmware/libfirmware.a(lcd-16bit.o)
                0x000000008000e868                lcd_clear_display
 .text.lcd_init
                0x000000008000e8a8       0x2c /home/arx/projects/rockbox/build-fiiom3k-boot/firmware/libfirmware.a(lcd-16bit.o)
                0x000000008000e8a8                lcd_init
 .text.lcd_mono_bitmap_part
                0x000000008000e8d4      0x2e4 /home/arx/projects/rockbox/build-fiiom3k-boot/firmware/libfirmware.a(lcd-16bit.o)
                0x000000008000e8d4                lcd_mono_bitmap_part
 .text.lcd_putsxyofs
                0x000000008000ebb8      0x19c /home/arx/projects/rockbox/build-fiiom3k-boot/firmware/libfirmware.a(lcd-16bit.o)
 .text.lcd_putsxy
                0x000000008000ed54        0xc /home/arx/projects/rockbox/build-fiiom3k-boot/firmware/libfirmware.a(lcd-16bit.o)
                0x000000008000ed54                lcd_putsxy
 .text.lcd_putsxyf
                0x000000008000ed60       0x54 /home/arx/projects/rockbox/build-fiiom3k-boot/firmware/libfirmware.a(lcd-16bit.o)
                0x000000008000ed60                lcd_putsxyf
 .text.lcd_puts
                0x000000008000edb4       0x64 /home/arx/projects/rockbox/build-fiiom3k-boot/firmware/libfirmware.a(lcd-16bit.o)
                0x000000008000edb4                lcd_puts
 .text.lcd_putsf
                0x000000008000ee18       0x54 /home/arx/projects/rockbox/build-fiiom3k-boot/firmware/libfirmware.a(lcd-16bit.o)
                0x000000008000ee18                lcd_putsf
 .text.lcd_hline
                0x000000008000ee6c      0x194 /home/arx/projects/rockbox/build-fiiom3k-boot/firmware/libfirmware.a(lcd-16bit.o)
                0x000000008000ee6c                lcd_hline
 .text.lcd_vline
                0x000000008000f000      0x10c /home/arx/projects/rockbox/build-fiiom3k-boot/firmware/libfirmware.a(lcd-16bit.o)
                0x000000008000f000                lcd_vline
 .text.lcd_drawrect
                0x000000008000f10c       0x98 /home/arx/projects/rockbox/build-fiiom3k-boot/firmware/libfirmware.a(lcd-16bit.o)
                0x000000008000f10c                lcd_drawrect
 .text.is_diacritic
                0x000000008000f1a4       0x10 /home/arx/projects/rockbox/build-fiiom3k-boot/firmware/libfirmware.a(diacritic.o)
                0x000000008000f1a4                is_diacritic
 .text.hp_detect_callback
                0x000000008000f1b4       0x60 /home/arx/projects/rockbox/build-fiiom3k-boot/firmware/libfirmware.a(button.o)
 .text.button_read
                0x000000008000f214       0x38 /home/arx/projects/rockbox/build-fiiom3k-boot/firmware/libfirmware.a(button.o)
 .text.button_try_post.constprop.0
                0x000000008000f24c       0x68 /home/arx/projects/rockbox/build-fiiom3k-boot/firmware/libfirmware.a(button.o)
 .text.button_tick
                0x000000008000f2b4      0x278 /home/arx/projects/rockbox/build-fiiom3k-boot/firmware/libfirmware.a(button.o)
 .text.button_get_w_tmo
                0x000000008000f52c       0x4c /home/arx/projects/rockbox/build-fiiom3k-boot/firmware/libfirmware.a(button.o)
                0x000000008000f52c                button_get_w_tmo
 .text.button_init
                0x000000008000f578       0x60 /home/arx/projects/rockbox/build-fiiom3k-boot/firmware/libfirmware.a(button.o)
                0x000000008000f578                button_init
 .text.button_status
                0x000000008000f5d8        0xc /home/arx/projects/rockbox/build-fiiom3k-boot/firmware/libfirmware.a(button.o)
                0x000000008000f5d8                button_status
 .text.storage_thread
                0x000000008000f5e4      0x1b0 /home/arx/projects/rockbox/build-fiiom3k-boot/firmware/libfirmware.a(storage.o)
 .text.storage_init
                0x000000008000f794       0x84 /home/arx/projects/rockbox/build-fiiom3k-boot/firmware/libfirmware.a(storage.o)
                0x000000008000f794                storage_init
 .text.storage_read_sectors
                0x000000008000f818        0x8 /home/arx/projects/rockbox/build-fiiom3k-boot/firmware/libfirmware.a(storage.o)
                0x000000008000f818                storage_read_sectors
 .text.storage_write_sectors
                0x000000008000f820        0x8 /home/arx/projects/rockbox/build-fiiom3k-boot/firmware/libfirmware.a(storage.o)
                0x000000008000f820                storage_write_sectors
 .text.parse_short_direntry
                0x000000008000f828      0x150 /home/arx/projects/rockbox/build-fiiom3k-boot/firmware/libfirmware.a(fat.o)
 .text.longent_char_next
                0x000000008000f978       0x2c /home/arx/projects/rockbox/build-fiiom3k-boot/firmware/libfirmware.a(fat.o)
 .text.cluster2sec
                0x000000008000f9a4       0x48 /home/arx/projects/rockbox/build-fiiom3k-boot/firmware/libfirmware.a(fat.o)
 .text.free_cluster_chain
                0x000000008000f9ec       0x8c /home/arx/projects/rockbox/build-fiiom3k-boot/firmware/libfirmware.a(fat.o)
 .text.dc_lock_cache
                0x000000008000fa78        0xc /home/arx/projects/rockbox/build-fiiom3k-boot/firmware/libfirmware.a(fat.o)
 .text.dc_unlock_cache
                0x000000008000fa84        0xc /home/arx/projects/rockbox/build-fiiom3k-boot/firmware/libfirmware.a(fat.o)
 .text.next_write_cluster
                0x000000008000fa90       0xd0 /home/arx/projects/rockbox/build-fiiom3k-boot/firmware/libfirmware.a(fat.o)
 .text.cache_sector
                0x000000008000fb60       0x7c /home/arx/projects/rockbox/build-fiiom3k-boot/firmware/libfirmware.a(fat.o)
 .text.update_fsinfo32
                0x000000008000fbdc       0x88 /home/arx/projects/rockbox/build-fiiom3k-boot/firmware/libfirmware.a(fat.o)
 .text.fat_recalc_free_internal32
                0x000000008000fc64       0xe0 /home/arx/projects/rockbox/build-fiiom3k-boot/firmware/libfirmware.a(fat.o)
 .text.update_fat_entry32
                0x000000008000fd44      0x104 /home/arx/projects/rockbox/build-fiiom3k-boot/firmware/libfirmware.a(fat.o)
 .text.find_free_cluster32
                0x000000008000fe48       0xfc /home/arx/projects/rockbox/build-fiiom3k-boot/firmware/libfirmware.a(fat.o)
 .text.get_next_cluster32
                0x000000008000ff44       0x84 /home/arx/projects/rockbox/build-fiiom3k-boot/firmware/libfirmware.a(fat.o)
 .text.fat_recalc_free_internal16
                0x000000008000ffc8       0xd8 /home/arx/projects/rockbox/build-fiiom3k-boot/firmware/libfirmware.a(fat.o)
 .text.update_fat_entry16
                0x00000000800100a0       0xf0 /home/arx/projects/rockbox/build-fiiom3k-boot/firmware/libfirmware.a(fat.o)
 .text.find_free_cluster16
                0x0000000080010190       0xf8 /home/arx/projects/rockbox/build-fiiom3k-boot/firmware/libfirmware.a(fat.o)
 .text.transfer
                0x0000000080010288      0x1b4 /home/arx/projects/rockbox/build-fiiom3k-boot/firmware/libfirmware.a(fat.o)
 .text.randomize_dos_name
                0x000000008001043c       0xd4 /home/arx/projects/rockbox/build-fiiom3k-boot/firmware/libfirmware.a(fat.o)
 .text.cache_commit
                0x0000000080010510       0x40 /home/arx/projects/rockbox/build-fiiom3k-boot/firmware/libfirmware.a(fat.o)
 .text.char2dos
                0x0000000080010550       0x98 /home/arx/projects/rockbox/build-fiiom3k-boot/firmware/libfirmware.a(fat.o)
 .text.fatlong_parse_start.isra.1
                0x00000000800105e8        0xc /home/arx/projects/rockbox/build-fiiom3k-boot/firmware/libfirmware.a(fat.o)
 .text.fat_extend_dir
                0x00000000800105f4      0x134 /home/arx/projects/rockbox/build-fiiom3k-boot/firmware/libfirmware.a(fat.o)
 .text.get_next_cluster16
                0x0000000080010728       0x90 /home/arx/projects/rockbox/build-fiiom3k-boot/firmware/libfirmware.a(fat.o)
 .text.fat_time.constprop.5
                0x00000000800107b8       0xb0 /home/arx/projects/rockbox/build-fiiom3k-boot/firmware/libfirmware.a(fat.o)
 .text.dc_writeback_callback
                0x0000000080010868       0xc8 /home/arx/projects/rockbox/build-fiiom3k-boot/firmware/libfirmware.a(fat.o)
                0x0000000080010868                dc_writeback_callback
 .text.fat_dir_is_parent
                0x0000000080010930       0x30 /home/arx/projects/rockbox/build-fiiom3k-boot/firmware/libfirmware.a(fat.o)
                0x0000000080010930                fat_dir_is_parent
 .text.fat_file_is_same
                0x0000000080010960       0x40 /home/arx/projects/rockbox/build-fiiom3k-boot/firmware/libfirmware.a(fat.o)
                0x0000000080010960                fat_file_is_same
 .text.fat_open
                0x00000000800109a0       0x50 /home/arx/projects/rockbox/build-fiiom3k-boot/firmware/libfirmware.a(fat.o)
                0x00000000800109a0                fat_open
 .text.fat_open_rootdir
                0x00000000800109f0       0x4c /home/arx/projects/rockbox/build-fiiom3k-boot/firmware/libfirmware.a(fat.o)
                0x00000000800109f0                fat_open_rootdir
 .text.fat_query_sectornum
                0x0000000080010a3c       0x50 /home/arx/projects/rockbox/build-fiiom3k-boot/firmware/libfirmware.a(fat.o)
                0x0000000080010a3c                fat_query_sectornum
 .text.fat_readwrite
                0x0000000080010a8c      0x314 /home/arx/projects/rockbox/build-fiiom3k-boot/firmware/libfirmware.a(fat.o)
                0x0000000080010a8c                fat_readwrite
 .text.fat_rewind
                0x0000000080010da0       0x24 /home/arx/projects/rockbox/build-fiiom3k-boot/firmware/libfirmware.a(fat.o)
                0x0000000080010da0                fat_rewind
 .text.fat_filestr_init
                0x0000000080010dc4        0x8 /home/arx/projects/rockbox/build-fiiom3k-boot/firmware/libfirmware.a(fat.o)
                0x0000000080010dc4                fat_filestr_init
 .text.fat_seek_to_stream
                0x0000000080010dcc       0x2c /home/arx/projects/rockbox/build-fiiom3k-boot/firmware/libfirmware.a(fat.o)
                0x0000000080010dcc                fat_seek_to_stream
 .text.fat_seek
                0x0000000080010df8      0x178 /home/arx/projects/rockbox/build-fiiom3k-boot/firmware/libfirmware.a(fat.o)
                0x0000000080010df8                fat_seek
 .text.cache_direntry
                0x0000000080010f70       0xc0 /home/arx/projects/rockbox/build-fiiom3k-boot/firmware/libfirmware.a(fat.o)
 .text.add_dir_entry
                0x0000000080011030      0x7ac /home/arx/projects/rockbox/build-fiiom3k-boot/firmware/libfirmware.a(fat.o)
 .text.fat_create_file
                0x00000000800117dc      0x27c /home/arx/projects/rockbox/build-fiiom3k-boot/firmware/libfirmware.a(fat.o)
                0x00000000800117dc                fat_create_file
 .text.free_direntries
                0x0000000080011a58      0x100 /home/arx/projects/rockbox/build-fiiom3k-boot/firmware/libfirmware.a(fat.o)
 .text.fat_remove
                0x0000000080011b58       0xfc /home/arx/projects/rockbox/build-fiiom3k-boot/firmware/libfirmware.a(fat.o)
                0x0000000080011b58                fat_remove
 .text.fat_truncate
                0x0000000080011c54       0xbc /home/arx/projects/rockbox/build-fiiom3k-boot/firmware/libfirmware.a(fat.o)
                0x0000000080011c54                fat_truncate
 .text.fat_rewinddir
                0x0000000080011d10       0x10 /home/arx/projects/rockbox/build-fiiom3k-boot/firmware/libfirmware.a(fat.o)
                0x0000000080011d10                fat_rewinddir
 .text.fat_unmount
                0x0000000080011d20       0x64 /home/arx/projects/rockbox/build-fiiom3k-boot/firmware/libfirmware.a(fat.o)
                0x0000000080011d20                fat_unmount
 .text.fat_recalc_free
                0x0000000080011d84       0x64 /home/arx/projects/rockbox/build-fiiom3k-boot/firmware/libfirmware.a(fat.o)
                0x0000000080011d84                fat_recalc_free
 .text.fat_mount
                0x0000000080011de8      0x514 /home/arx/projects/rockbox/build-fiiom3k-boot/firmware/libfirmware.a(fat.o)
                0x0000000080011de8                fat_mount
 .text.fat_empty_fat_direntry
                0x00000000800122fc       0x30 /home/arx/projects/rockbox/build-fiiom3k-boot/firmware/libfirmware.a(fat.o)
                0x00000000800122fc                fat_empty_fat_direntry
 .text.fat_closewrite
                0x000000008001232c      0x1d0 /home/arx/projects/rockbox/build-fiiom3k-boot/firmware/libfirmware.a(fat.o)
                0x000000008001232c                fat_closewrite
 .text.fat_readdir
                0x00000000800124fc      0x410 /home/arx/projects/rockbox/build-fiiom3k-boot/firmware/libfirmware.a(fat.o)
                0x00000000800124fc                fat_readdir
 .text.fat_init
                0x000000008001290c       0x58 /home/arx/projects/rockbox/build-fiiom3k-boot/firmware/libfirmware.a(fat.o)
                0x000000008001290c                fat_init
 .text.local_flush_tlb_all
                0x0000000080012964       0x9c /home/arx/projects/rockbox/build-fiiom3k-boot/firmware/libfirmware.a(mmu-mips.o)
 .text.mmu_init
                0x0000000080012a00       0x10 /home/arx/projects/rockbox/build-fiiom3k-boot/firmware/libfirmware.a(mmu-mips.o)
                0x0000000080012a00                mmu_init
 .text.usb_no_host_callback
                0x0000000080012a10       0x28 /home/arx/projects/rockbox/build-fiiom3k-boot/firmware/libfirmware.a(usb_core.o)
 .text.control_request_handler_drivers
                0x0000000080012a38       0x9c /home/arx/projects/rockbox/build-fiiom3k-boot/firmware/libfirmware.a(usb_core.o)
 .text.request_handler_endpoint_drivers
                0x0000000080012ad4       0x94 /home/arx/projects/rockbox/build-fiiom3k-boot/firmware/libfirmware.a(usb_core.o)
 .text.usb_core_init
                0x0000000080012b68       0x84 /home/arx/projects/rockbox/build-fiiom3k-boot/firmware/libfirmware.a(usb_core.o)
                0x0000000080012b68                usb_core_init
 .text.usb_core_enable_driver
                0x0000000080012bec       0x1c /home/arx/projects/rockbox/build-fiiom3k-boot/firmware/libfirmware.a(usb_core.o)
                0x0000000080012bec                usb_core_enable_driver
 .text.usb_core_any_exclusive_storage
                0x0000000080012c08       0x1c /home/arx/projects/rockbox/build-fiiom3k-boot/firmware/libfirmware.a(usb_core.o)
                0x0000000080012c08                usb_core_any_exclusive_storage
 .text.usb_core_hotswap_event
                0x0000000080012c24       0x30 /home/arx/projects/rockbox/build-fiiom3k-boot/firmware/libfirmware.a(usb_core.o)
                0x0000000080012c24                usb_core_hotswap_event
 .text.usb_core_request_endpoint
                0x0000000080012c54       0x68 /home/arx/projects/rockbox/build-fiiom3k-boot/firmware/libfirmware.a(usb_core.o)
                0x0000000080012c54                usb_core_request_endpoint
 .text.usb_core_release_endpoint
                0x0000000080012cbc       0x58 /home/arx/projects/rockbox/build-fiiom3k-boot/firmware/libfirmware.a(usb_core.o)
                0x0000000080012cbc                usb_core_release_endpoint
 .text.usb_core_bus_reset
                0x0000000080012d14       0x14 /home/arx/projects/rockbox/build-fiiom3k-boot/firmware/libfirmware.a(usb_core.o)
                0x0000000080012d14                usb_core_bus_reset
 .text.usb_core_transfer_complete
                0x0000000080012d28       0x54 /home/arx/projects/rockbox/build-fiiom3k-boot/firmware/libfirmware.a(usb_core.o)
                0x0000000080012d28                usb_core_transfer_complete
 .text.usb_core_control_request
                0x0000000080012d7c       0x2c /home/arx/projects/rockbox/build-fiiom3k-boot/firmware/libfirmware.a(usb_core.o)
                0x0000000080012d7c                usb_core_control_request
 .text.usb_core_control_complete
                0x0000000080012da8        0x8 /home/arx/projects/rockbox/build-fiiom3k-boot/firmware/libfirmware.a(usb_core.o)
                0x0000000080012da8                usb_core_control_complete
 .text.usb_charging_maxcurrent
                0x0000000080012db0       0x58 /home/arx/projects/rockbox/build-fiiom3k-boot/firmware/libfirmware.a(usb_core.o)
                0x0000000080012db0                usb_charging_maxcurrent
 .text.usb_core_exit
                0x0000000080012e08       0x98 /home/arx/projects/rockbox/build-fiiom3k-boot/firmware/libfirmware.a(usb_core.o)
                0x0000000080012e08                usb_core_exit
 .text.usb_core_do_set_config
                0x0000000080012ea0       0xb4 /home/arx/projects/rockbox/build-fiiom3k-boot/firmware/libfirmware.a(usb_core.o)
 .text.usb_core_handle_notify
                0x0000000080012f54       0x40 /home/arx/projects/rockbox/build-fiiom3k-boot/firmware/libfirmware.a(usb_core.o)
                0x0000000080012f54                usb_core_handle_notify
 .text.usb_core_handle_transfer_completion
                0x0000000080012f94      0x65c /home/arx/projects/rockbox/build-fiiom3k-boot/firmware/libfirmware.a(usb_core.o)
                0x0000000080012f94                usb_core_handle_transfer_completion
 .text.copy_padded
                0x00000000800135f0       0x40 /home/arx/projects/rockbox/build-fiiom3k-boot/firmware/libfirmware.a(usb_storage.o)
 .text.send_command_result
                0x0000000080013630       0x38 /home/arx/projects/rockbox/build-fiiom3k-boot/firmware/libfirmware.a(usb_storage.o)
 .text.send_command_failed_result
                0x0000000080013668       0x34 /home/arx/projects/rockbox/build-fiiom3k-boot/firmware/libfirmware.a(usb_storage.o)
 .text.send_and_read_next
                0x000000008001369c       0xd8 /home/arx/projects/rockbox/build-fiiom3k-boot/firmware/libfirmware.a(usb_storage.o)
 .text.send_csw
                0x0000000080013774       0xa4 /home/arx/projects/rockbox/build-fiiom3k-boot/firmware/libfirmware.a(usb_storage.o)
 .text.handle_scsi
                0x0000000080013818      0x850 /home/arx/projects/rockbox/build-fiiom3k-boot/firmware/libfirmware.a(usb_storage.o)
 .text.usb_storage_notify_hotswap
                0x0000000080014068       0x64 /home/arx/projects/rockbox/build-fiiom3k-boot/firmware/libfirmware.a(usb_storage.o)
                0x0000000080014068                usb_storage_notify_hotswap
 .text.usb_storage_init
                0x00000000800140cc        0x8 /home/arx/projects/rockbox/build-fiiom3k-boot/firmware/libfirmware.a(usb_storage.o)
                0x00000000800140cc                usb_storage_init
 .text.usb_storage_request_endpoints
                0x00000000800140d4       0x78 /home/arx/projects/rockbox/build-fiiom3k-boot/firmware/libfirmware.a(usb_storage.o)
                0x00000000800140d4                usb_storage_request_endpoints
 .text.usb_storage_set_first_interface
                0x000000008001414c       0x10 /home/arx/projects/rockbox/build-fiiom3k-boot/firmware/libfirmware.a(usb_storage.o)
                0x000000008001414c                usb_storage_set_first_interface
 .text.usb_storage_get_config_descriptor
                0x000000008001415c       0x98 /home/arx/projects/rockbox/build-fiiom3k-boot/firmware/libfirmware.a(usb_storage.o)
                0x000000008001415c                usb_storage_get_config_descriptor
 .text.usb_storage_init_connection
                0x00000000800141f4       0x74 /home/arx/projects/rockbox/build-fiiom3k-boot/firmware/libfirmware.a(usb_storage.o)
                0x00000000800141f4                usb_storage_init_connection
 .text.usb_storage_disconnect
                0x0000000080014268       0x2c /home/arx/projects/rockbox/build-fiiom3k-boot/firmware/libfirmware.a(usb_storage.o)
                0x0000000080014268                usb_storage_disconnect
 .text.usb_storage_transfer_complete
                0x0000000080014294      0x318 /home/arx/projects/rockbox/build-fiiom3k-boot/firmware/libfirmware.a(usb_storage.o)
                0x0000000080014294                usb_storage_transfer_complete
 .text.usb_storage_control_request
                0x00000000800145ac       0x70 /home/arx/projects/rockbox/build-fiiom3k-boot/firmware/libfirmware.a(usb_storage.o)
                0x00000000800145ac                usb_storage_control_request
 .text.__ost_delay
                0x000000008001461c       0x2c /home/arx/projects/rockbox/build-fiiom3k-boot/firmware/libfirmware.a(usb-designware.o)
 .text.usb_dw_ep0_recv
                0x0000000080014648       0x38 /home/arx/projects/rockbox/build-fiiom3k-boot/firmware/libfirmware.a(usb-designware.o)
 .text.usb_dw_disable_ep
                0x0000000080014680       0xe0 /home/arx/projects/rockbox/build-fiiom3k-boot/firmware/libfirmware.a(usb-designware.o)
 .text.usb_dw_gonak_effective
                0x0000000080014760       0xac /home/arx/projects/rockbox/build-fiiom3k-boot/firmware/libfirmware.a(usb-designware.o)
 .text.usb_dw_maxxfersize.part.1
                0x000000008001480c       0x50 /home/arx/projects/rockbox/build-fiiom3k-boot/firmware/libfirmware.a(usb-designware.o)
 .text.usb_dw_epstart
                0x000000008001485c      0x204 /home/arx/projects/rockbox/build-fiiom3k-boot/firmware/libfirmware.a(usb-designware.o)
 .text.usb_dw_flush_endpoint
                0x0000000080014a60      0x1b4 /home/arx/projects/rockbox/build-fiiom3k-boot/firmware/libfirmware.a(usb-designware.o)
 .text.usb_dw_abort_endpoint
                0x0000000080014c14       0x7c /home/arx/projects/rockbox/build-fiiom3k-boot/firmware/libfirmware.a(usb-designware.o)
 .text.usb_dw_unconfigure_ep
                0x0000000080014c90       0x80 /home/arx/projects/rockbox/build-fiiom3k-boot/firmware/libfirmware.a(usb-designware.o)
 .text.usb_dw_reset_endpoints
                0x0000000080014d10       0xf8 /home/arx/projects/rockbox/build-fiiom3k-boot/firmware/libfirmware.a(usb-designware.o)
 .text.usb_dw_control_received
                0x0000000080014e08      0x13c /home/arx/projects/rockbox/build-fiiom3k-boot/firmware/libfirmware.a(usb-designware.o)
 .text.usb_dw_handle_xfer_complete
                0x0000000080014f44      0x39c /home/arx/projects/rockbox/build-fiiom3k-boot/firmware/libfirmware.a(usb-designware.o)
 .text.usb_drv_cancel_all_transfers
                0x00000000800152e0       0xfc /home/arx/projects/rockbox/build-fiiom3k-boot/firmware/libfirmware.a(usb-designware.o)
                0x00000000800152e0                usb_drv_cancel_all_transfers
 .text.usb_drv_stalled
                0x00000000800153dc       0x30 /home/arx/projects/rockbox/build-fiiom3k-boot/firmware/libfirmware.a(usb-designware.o)
                0x00000000800153dc                usb_drv_stalled
 .text.usb_drv_stall
                0x000000008001540c       0x90 /home/arx/projects/rockbox/build-fiiom3k-boot/firmware/libfirmware.a(usb-designware.o)
                0x000000008001540c                usb_drv_stall
 .text.usb_drv_set_address
                0x000000008001549c        0x8 /home/arx/projects/rockbox/build-fiiom3k-boot/firmware/libfirmware.a(usb-designware.o)
                0x000000008001549c                usb_drv_set_address
 .text.usb_drv_port_speed
                0x00000000800154a4       0x14 /home/arx/projects/rockbox/build-fiiom3k-boot/firmware/libfirmware.a(usb-designware.o)
                0x00000000800154a4                usb_drv_port_speed
 .text.usb_drv_set_test_mode
                0x00000000800154b8        0x8 /home/arx/projects/rockbox/build-fiiom3k-boot/firmware/libfirmware.a(usb-designware.o)
                0x00000000800154b8                usb_drv_set_test_mode
 .text.usb_attach
                0x00000000800154c0        0x8 /home/arx/projects/rockbox/build-fiiom3k-boot/firmware/libfirmware.a(usb-designware.o)
                0x00000000800154c0                usb_attach
 .text.usb_drv_init
                0x00000000800154c8      0x354 /home/arx/projects/rockbox/build-fiiom3k-boot/firmware/libfirmware.a(usb-designware.o)
                0x00000000800154c8                usb_drv_init
 .text.usb_drv_exit
                0x000000008001581c       0x44 /home/arx/projects/rockbox/build-fiiom3k-boot/firmware/libfirmware.a(usb-designware.o)
                0x000000008001581c                usb_drv_exit
 .text.INT_USB_FUNC
                0x0000000080015860      0x1e0 /home/arx/projects/rockbox/build-fiiom3k-boot/firmware/libfirmware.a(usb-designware.o)
                0x0000000080015860                INT_USB_FUNC
 .text.usb_drv_request_endpoint
                0x0000000080015a40      0x180 /home/arx/projects/rockbox/build-fiiom3k-boot/firmware/libfirmware.a(usb-designware.o)
                0x0000000080015a40                usb_drv_request_endpoint
 .text.usb_drv_release_endpoint
                0x0000000080015bc0       0x94 /home/arx/projects/rockbox/build-fiiom3k-boot/firmware/libfirmware.a(usb-designware.o)
                0x0000000080015bc0                usb_drv_release_endpoint
 .text.usb_drv_recv_nonblocking
                0x0000000080015c54       0x78 /home/arx/projects/rockbox/build-fiiom3k-boot/firmware/libfirmware.a(usb-designware.o)
                0x0000000080015c54                usb_drv_recv_nonblocking
 .text.usb_drv_send_nonblocking
                0x0000000080015ccc       0x78 /home/arx/projects/rockbox/build-fiiom3k-boot/firmware/libfirmware.a(usb-designware.o)
                0x0000000080015ccc                usb_drv_send_nonblocking
 .text.usb_drv_control_response
                0x0000000080015d44      0x198 /home/arx/projects/rockbox/build-fiiom3k-boot/firmware/libfirmware.a(usb-designware.o)
                0x0000000080015d44                usb_drv_control_response
 .text.x1000_dualboot_cleanup
                0x0000000080015edc       0x98 /home/arx/projects/rockbox/build-fiiom3k-boot/firmware/libfirmware.a(boot-x1000.o)
                0x0000000080015edc                x1000_dualboot_cleanup
 .text.x1000_dualboot_init_clocktree
                0x0000000080015f74      0x174 /home/arx/projects/rockbox/build-fiiom3k-boot/firmware/libfirmware.a(boot-x1000.o)
                0x0000000080015f74                x1000_dualboot_init_clocktree
 .text.x1000_dualboot_init_uart2
                0x00000000800160e8       0x98 /home/arx/projects/rockbox/build-fiiom3k-boot/firmware/libfirmware.a(boot-x1000.o)
                0x00000000800160e8                x1000_dualboot_init_uart2
 .text.x1000_dualboot_load_pdma_fw
                0x0000000080016180       0x8c /home/arx/projects/rockbox/build-fiiom3k-boot/firmware/libfirmware.a(boot-x1000.o)
                0x0000000080016180                x1000_dualboot_load_pdma_fw
 .text.clk_get  0x000000008001620c      0x160 /home/arx/projects/rockbox/build-fiiom3k-boot/firmware/libfirmware.a(clk-x1000.o)
                0x000000008001620c                clk_get
 .text.clk_set_ccr_mux
                0x000000008001636c       0x3c /home/arx/projects/rockbox/build-fiiom3k-boot/firmware/libfirmware.a(clk-x1000.o)
                0x000000008001636c                clk_set_ccr_mux
 .text.clk_set_ccr_div
                0x00000000800163a8       0x54 /home/arx/projects/rockbox/build-fiiom3k-boot/firmware/libfirmware.a(clk-x1000.o)
                0x00000000800163a8                clk_set_ccr_div
 .text.clk_set_ddr
                0x00000000800163fc       0x84 /home/arx/projects/rockbox/build-fiiom3k-boot/firmware/libfirmware.a(clk-x1000.o)
                0x00000000800163fc                clk_set_ddr
 .text.clk_init
                0x0000000080016480       0xf4 /home/arx/projects/rockbox/build-fiiom3k-boot/firmware/libfirmware.a(clk-x1000.o)
                0x0000000080016480                clk_init
 .text.gpioz_configure
                0x0000000080016574      0x108 /home/arx/projects/rockbox/build-fiiom3k-boot/firmware/libfirmware.a(gpio-x1000.o)
                0x0000000080016574                gpioz_configure
 .text.gpio_init
                0x000000008001667c       0xe0 /home/arx/projects/rockbox/build-fiiom3k-boot/firmware/libfirmware.a(gpio-x1000.o)
                0x000000008001667c                gpio_init
 .text.i2c_x1000_fifo_write
                0x000000008001675c      0x194 /home/arx/projects/rockbox/build-fiiom3k-boot/firmware/libfirmware.a(i2c-x1000.o)
 .text.i2c_x1000_interrupt
                0x00000000800168f0      0x138 /home/arx/projects/rockbox/build-fiiom3k-boot/firmware/libfirmware.a(i2c-x1000.o)
 .text.i2c_x1000_bus_timeout
                0x0000000080016a28       0xfc /home/arx/projects/rockbox/build-fiiom3k-boot/firmware/libfirmware.a(i2c-x1000.o)
 .text.i2c_x1000_gate
                0x0000000080016b24       0x6c /home/arx/projects/rockbox/build-fiiom3k-boot/firmware/libfirmware.a(i2c-x1000.o)
 .text.I2C0     0x0000000080016b90        0xc /home/arx/projects/rockbox/build-fiiom3k-boot/firmware/libfirmware.a(i2c-x1000.o)
                0x0000000080016b90                I2C0
 .text.I2C1     0x0000000080016b9c        0xc /home/arx/projects/rockbox/build-fiiom3k-boot/firmware/libfirmware.a(i2c-x1000.o)
                0x0000000080016b9c                I2C1
 .text.I2C2     0x0000000080016ba8        0xc /home/arx/projects/rockbox/build-fiiom3k-boot/firmware/libfirmware.a(i2c-x1000.o)
                0x0000000080016ba8                I2C2
 .text.__i2c_async_submit
                0x0000000080016bb4      0x16c /home/arx/projects/rockbox/build-fiiom3k-boot/firmware/libfirmware.a(i2c-x1000.o)
                0x0000000080016bb4                __i2c_async_submit
 .text.i2c_init
                0x0000000080016d20       0x50 /home/arx/projects/rockbox/build-fiiom3k-boot/firmware/libfirmware.a(i2c-x1000.o)
                0x0000000080016d20                i2c_init
 .text.i2c_x1000_set_freq
                0x0000000080016d70      0x228 /home/arx/projects/rockbox/build-fiiom3k-boot/firmware/libfirmware.a(i2c-x1000.o)
                0x0000000080016d70                i2c_x1000_set_freq
 .text.lcd_fbcopy_dma_cb
                0x0000000080016f98       0x14 /home/arx/projects/rockbox/build-fiiom3k-boot/firmware/libfirmware.a(lcd-x1000.o)
 .text.lcd_dma_start
                0x0000000080016fac       0xa4 /home/arx/projects/rockbox/build-fiiom3k-boot/firmware/libfirmware.a(lcd-x1000.o)
 .text.lcd_fbcopy_dma_run
                0x0000000080017050       0xbc /home/arx/projects/rockbox/build-fiiom3k-boot/firmware/libfirmware.a(lcd-x1000.o)
 .text.lcd_wait_frame
                0x000000008001710c       0x68 /home/arx/projects/rockbox/build-fiiom3k-boot/firmware/libfirmware.a(lcd-x1000.o)
 .text.lcd_set_clock
                0x0000000080017174       0xac /home/arx/projects/rockbox/build-fiiom3k-boot/firmware/libfirmware.a(lcd-x1000.o)
                0x0000000080017174                lcd_set_clock
 .text.lcd_exec_commands
                0x0000000080017220       0xac /home/arx/projects/rockbox/build-fiiom3k-boot/firmware/libfirmware.a(lcd-x1000.o)
                0x0000000080017220                lcd_exec_commands
 .text.lcd_init_device
                0x00000000800172cc      0x28c /home/arx/projects/rockbox/build-fiiom3k-boot/firmware/libfirmware.a(lcd-x1000.o)
                0x00000000800172cc                lcd_init_device
 .text.lcd_enable
                0x0000000080017558      0x10c /home/arx/projects/rockbox/build-fiiom3k-boot/firmware/libfirmware.a(lcd-x1000.o)
                0x0000000080017558                lcd_enable
 .text.lcd_update
                0x0000000080017664       0xc8 /home/arx/projects/rockbox/build-fiiom3k-boot/firmware/libfirmware.a(lcd-x1000.o)
                0x0000000080017664                lcd_update
 .text.nand_wait_busy
                0x000000008001772c       0x58 /home/arx/projects/rockbox/build-fiiom3k-boot/firmware/libfirmware.a(nand-x1000.o)
 .text.nand_upd_reg.constprop.2
                0x0000000080017784       0x84 /home/arx/projects/rockbox/build-fiiom3k-boot/firmware/libfirmware.a(nand-x1000.o)
 .text.winbond_setup_chip
                0x0000000080017808        0xc /home/arx/projects/rockbox/build-fiiom3k-boot/firmware/libfirmware.a(nand-x1000.o)
 .text.nand_init
                0x0000000080017814       0x48 /home/arx/projects/rockbox/build-fiiom3k-boot/firmware/libfirmware.a(nand-x1000.o)
                0x0000000080017814                nand_init
 .text.nand_open
                0x000000008001785c      0x224 /home/arx/projects/rockbox/build-fiiom3k-boot/firmware/libfirmware.a(nand-x1000.o)
                0x000000008001785c                nand_open
 .text.nand_close
                0x0000000080017a80       0x64 /home/arx/projects/rockbox/build-fiiom3k-boot/firmware/libfirmware.a(nand-x1000.o)
                0x0000000080017a80                nand_close
 .text.nand_enable_otp
                0x0000000080017ae4       0x18 /home/arx/projects/rockbox/build-fiiom3k-boot/firmware/libfirmware.a(nand-x1000.o)
                0x0000000080017ae4                nand_enable_otp
 .text.nand_block_erase
                0x0000000080017afc       0x74 /home/arx/projects/rockbox/build-fiiom3k-boot/firmware/libfirmware.a(nand-x1000.o)
                0x0000000080017afc                nand_block_erase
 .text.nand_page_program
                0x0000000080017b70       0xa0 /home/arx/projects/rockbox/build-fiiom3k-boot/firmware/libfirmware.a(nand-x1000.o)
                0x0000000080017b70                nand_page_program
 .text.nand_page_read
                0x0000000080017c10       0xa4 /home/arx/projects/rockbox/build-fiiom3k-boot/firmware/libfirmware.a(nand-x1000.o)
                0x0000000080017c10                nand_page_read
 .text.nand_read_bytes
                0x0000000080017cb4       0xd0 /home/arx/projects/rockbox/build-fiiom3k-boot/firmware/libfirmware.a(nand-x1000.o)
                0x0000000080017cb4                nand_read_bytes
 .text.nand_write_bytes
                0x0000000080017d84      0x124 /home/arx/projects/rockbox/build-fiiom3k-boot/firmware/libfirmware.a(nand-x1000.o)
                0x0000000080017d84                nand_write_bytes
 .text.sfc_open
                0x0000000080017ea8       0x44 /home/arx/projects/rockbox/build-fiiom3k-boot/firmware/libfirmware.a(sfc-x1000.o)
                0x0000000080017ea8                sfc_open
 .text.sfc_close
                0x0000000080017eec       0x24 /home/arx/projects/rockbox/build-fiiom3k-boot/firmware/libfirmware.a(sfc-x1000.o)
                0x0000000080017eec                sfc_close
 .text.sfc_set_clock
                0x0000000080017f10       0xbc /home/arx/projects/rockbox/build-fiiom3k-boot/firmware/libfirmware.a(sfc-x1000.o)
                0x0000000080017f10                sfc_set_clock
 .text.sfc_exec
                0x0000000080017fcc      0x104 /home/arx/projects/rockbox/build-fiiom3k-boot/firmware/libfirmware.a(sfc-x1000.o)
                0x0000000080017fcc                sfc_exec
 .text.__ost_delay
                0x00000000800180d0       0x2c /home/arx/projects/rockbox/build-fiiom3k-boot/firmware/libfirmware.a(system-x1000.o)
 .text.UIRQ     0x00000000800180fc       0x1c /home/arx/projects/rockbox/build-fiiom3k-boot/firmware/libfirmware.a(system-x1000.o)
                0x00000000800180fc                GPIOA22
                0x00000000800180fc                TCU1
                0x00000000800180fc                UART1
                0x00000000800180fc                GPIOA06
                0x00000000800180fc                JPEG
                0x00000000800180fc                GPIOC03
                0x00000000800180fc                GPIOA14
                0x00000000800180fc                GPIOA20
                0x00000000800180fc                GPIOA04
                0x00000000800180fc                GPIOB19
                0x00000000800180fc                GPIOA10
                0x00000000800180fc                GPIOB17
                0x00000000800180fc                GPIOB10
                0x00000000800180fc                GPIOA18
                0x00000000800180fc                GPIOB12
                0x00000000800180fc                GPIOB23
                0x00000000800180fc                GPIOD01
                0x00000000800180fc                SCC
                0x00000000800180fc                GPIOC02
                0x00000000800180fc                GPIOB02
                0x00000000800180fc                GPIOA01
                0x00000000800180fc                GPIOA26
                0x00000000800180fc                GPIOC00
                0x00000000800180fc                GPIOC07
                0x00000000800180fc                GPIOB13
                0x00000000800180fc                GPIOB16
                0x00000000800180fc                GPIOC13
                0x00000000800180fc                GPIOA09
                0x00000000800180fc                GPIOA19
                0x00000000800180fc                GPIOA30
                0x00000000800180fc                MAC
                0x00000000800180fc                GPIOC25
                0x00000000800180fc                GPIOA15
                0x00000000800180fc                SSI0
                0x00000000800180fc                GPIOC17
                0x00000000800180fc                GPIOA00
                0x00000000800180fc                UART2
                0x00000000800180fc                GPIOC10
                0x00000000800180fc                GPIOB01
                0x00000000800180fc                GPIOB06
                0x00000000800180fc                GPIOA08
                0x00000000800180fc                GPIOB24
                0x00000000800180fc                GPIOB09
                0x00000000800180fc                PDMAM
                0x00000000800180fc                GPIOC20
                0x00000000800180fc                GPIOB18
                0x00000000800180fc                GPIOC22
                0x00000000800180fc                GPIOC15
                0x00000000800180fc                GPIOC05
                0x00000000800180fc                GPIOA12
                0x00000000800180fc                AIC
                0x00000000800180fc                GPIOC09
                0x00000000800180fc                GPIOC12
                0x00000000800180fc                GPIOB04
                0x00000000800180fc                GPIOB28
                0x00000000800180fc                GPIOA05
                0x00000000800180fc                CPM
                0x00000000800180fc                GPIOC23
                0x00000000800180fc                GPIOA27
                0x00000000800180fc                HARB2
                0x00000000800180fc                GPIOB21
                0x00000000800180fc                GPIOB31
                0x00000000800180fc                GPIOB11
                0x00000000800180fc                GPIOB14
                0x00000000800180fc                GPIOB08
                0x00000000800180fc                GPIOC11
                0x00000000800180fc                GPIOD02
                0x00000000800180fc                GPIOA25
                0x00000000800180fc                GPIOA17
                0x00000000800180fc                GPIOA03
                0x00000000800180fc                DDR
                0x00000000800180fc                GPIOB22
                0x00000000800180fc                GPIOC19
                0x00000000800180fc                AES
                0x00000000800180fc                GPIOA13
                0x00000000800180fc                GPIOA11
                0x00000000800180fc                GPIOB29
                0x00000000800180fc                GPIOA28
                0x00000000800180fc                GPIOA23
                0x00000000800180fc                GPIOC08
                0x00000000800180fc                TCU0
                0x00000000800180fc                GPIOB26
                0x00000000800180fc                GPIOC01
                0x00000000800180fc                EFUSE
                0x00000000800180fc                GPIOD05
                0x00000000800180fc                RTC
                0x00000000800180fc                GPIOB15
                0x00000000800180fc                GPIOB27
                0x00000000800180fc                GPIOB00
                0x00000000800180fc                GPIOC06
                0x00000000800180fc                GPIOA31
                0x00000000800180fc                GPIOB25
                0x00000000800180fc                GPIOC16
                0x00000000800180fc                GPIOC14
                0x00000000800180fc                GPIOC04
                0x00000000800180fc                GPIOB07
                0x00000000800180fc                GPIOD00
                0x00000000800180fc                DMIC
                0x00000000800180fc                UART0
                0x00000000800180fc                GPIOA07
                0x00000000800180fc                PCM0
                0x00000000800180fc                GPIOA21
                0x00000000800180fc                GPIOC21
                0x00000000800180fc                SFC
                0x00000000800180fc                GPIOA29
                0x00000000800180fc                GPIOA24
                0x00000000800180fc                HARB0
                0x00000000800180fc                GPIOD04
                0x00000000800180fc                GPIOB30
                0x00000000800180fc                CIM
                0x00000000800180fc                LCD
                0x00000000800180fc                GPIOB05
                0x00000000800180fc                GPIOB20
                0x00000000800180fc                GPIOB03
                0x00000000800180fc                GPIOC24
                0x00000000800180fc                GPIOA16
                0x00000000800180fc                GPIOD03
                0x00000000800180fc                TCU2
                0x00000000800180fc                GPIOA02
                0x00000000800180fc                GPIOC18
 .text.vector_gpio_irq
                0x0000000080018118       0x7c /home/arx/projects/rockbox/build-fiiom3k-boot/firmware/libfirmware.a(system-x1000.o)
 .text.system_early_init
                0x0000000080018194        0x8 /home/arx/projects/rockbox/build-fiiom3k-boot/firmware/libfirmware.a(system-x1000.o)
                0x0000000080018194                system_early_init
 .text.system_init
                0x000000008001819c       0xf0 /home/arx/projects/rockbox/build-fiiom3k-boot/firmware/libfirmware.a(system-x1000.o)
                0x000000008001819c                system_init
 .text.system_reboot
                0x000000008001828c       0x3c /home/arx/projects/rockbox/build-fiiom3k-boot/firmware/libfirmware.a(system-x1000.o)
                0x000000008001828c                system_reboot
 .text.__udelay
                0x00000000800182c8       0x70 /home/arx/projects/rockbox/build-fiiom3k-boot/firmware/libfirmware.a(system-x1000.o)
                0x00000000800182c8                __udelay
 .text.system_set_irq_handler
                0x0000000080018338       0x1c /home/arx/projects/rockbox/build-fiiom3k-boot/firmware/libfirmware.a(system-x1000.o)
                0x0000000080018338                system_set_irq_handler
 .text.system_enable_irq
                0x0000000080018354       0x44 /home/arx/projects/rockbox/build-fiiom3k-boot/firmware/libfirmware.a(system-x1000.o)
                0x0000000080018354                system_enable_irq
 .text.system_disable_irq
                0x0000000080018398       0x44 /home/arx/projects/rockbox/build-fiiom3k-boot/firmware/libfirmware.a(system-x1000.o)
                0x0000000080018398                system_disable_irq
 .text.intr_handler
                0x00000000800183dc      0x148 /home/arx/projects/rockbox/build-fiiom3k-boot/firmware/libfirmware.a(system-x1000.o)
                0x00000000800183dc                intr_handler
 .text.system_exception_wait
                0x0000000080018524       0x2c /home/arx/projects/rockbox/build-fiiom3k-boot/firmware/libfirmware.a(system-x1000.o)
                0x0000000080018524                system_exception_wait
 .text.__ost_delay
                0x0000000080018550       0x2c /home/arx/projects/rockbox/build-fiiom3k-boot/firmware/libfirmware.a(usb-x1000.o)
 .text.usb_detect_interrupt
                0x000000008001857c       0x40 /home/arx/projects/rockbox/build-fiiom3k-boot/firmware/libfirmware.a(usb-x1000.o)
 .text.usb_dw_target_enable_clocks
                0x00000000800185bc      0x124 /home/arx/projects/rockbox/build-fiiom3k-boot/firmware/libfirmware.a(usb-x1000.o)
                0x00000000800185bc                usb_dw_target_enable_clocks
 .text.usb_dw_target_disable_clocks
                0x00000000800186e0       0xa4 /home/arx/projects/rockbox/build-fiiom3k-boot/firmware/libfirmware.a(usb-x1000.o)
                0x00000000800186e0                usb_dw_target_disable_clocks
 .text.usb_dw_target_enable_irq
                0x0000000080018784        0x8 /home/arx/projects/rockbox/build-fiiom3k-boot/firmware/libfirmware.a(usb-x1000.o)
                0x0000000080018784                usb_dw_target_enable_irq
 .text.usb_dw_target_disable_irq
                0x000000008001878c        0x8 /home/arx/projects/rockbox/build-fiiom3k-boot/firmware/libfirmware.a(usb-x1000.o)
                0x000000008001878c                usb_dw_target_disable_irq
 .text.usb_dw_target_clear_irq
                0x0000000080018794        0x8 /home/arx/projects/rockbox/build-fiiom3k-boot/firmware/libfirmware.a(usb-x1000.o)
                0x0000000080018794                usb_dw_target_clear_irq
 .text.usb_enable
                0x000000008001879c       0x1c /home/arx/projects/rockbox/build-fiiom3k-boot/firmware/libfirmware.a(usb-x1000.o)
                0x000000008001879c                usb_enable
 .text.usb_init_device
                0x00000000800187b8       0xa8 /home/arx/projects/rockbox/build-fiiom3k-boot/firmware/libfirmware.a(usb-x1000.o)
                0x00000000800187b8                usb_init_device
 .text.usb_detect
                0x0000000080018860       0x10 /home/arx/projects/rockbox/build-fiiom3k-boot/firmware/libfirmware.a(usb-x1000.o)
                0x0000000080018860                usb_detect
 .text.sd_transfer
                0x0000000080018870      0x2c4 /home/arx/projects/rockbox/build-fiiom3k-boot/firmware/libfirmware.a(sd-x1000.o)
 .text.sd_read_sectors
                0x0000000080018b34       0x44 /home/arx/projects/rockbox/build-fiiom3k-boot/firmware/libfirmware.a(sd-x1000.o)
                0x0000000080018b34                sd_read_sectors