Archive member included to satisfy reference by file (symbol)

/home/arx/projects/rockbox/build-boot/firmware/libfirmware.a(memcpy.o)
                              /home/arx/projects/rockbox/build-boot/bootloader/x1000/utils.o (memcpy)
/home/arx/projects/rockbox/build-boot/firmware/libfirmware.a(memset.o)
                              /home/arx/projects/rockbox/build-boot/bootloader/x1000/recovery.o (memset)
/home/arx/projects/rockbox/build-boot/firmware/libfirmware.a(strlen.o)
                              /home/arx/projects/rockbox/build-boot/bootloader/format.o (strlen)
/home/arx/projects/rockbox/build-boot/firmware/libfirmware.a(backlight.o)
                              /home/arx/projects/rockbox/build-boot/bootloader/x1000/gui.o (backlight_init)
/home/arx/projects/rockbox/build-boot/firmware/libfirmware.a(buflib.o)
                              /home/arx/projects/rockbox/build-boot/bootloader/x1000/boot.o (buflib_ops_locked)
/home/arx/projects/rockbox/build-boot/firmware/libfirmware.a(core_alloc.o)
                              /home/arx/projects/rockbox/build-boot/bootloader/x1000/boot.o (core_ctx)
/home/arx/projects/rockbox/build-boot/firmware/libfirmware.a(usb.o)
                              /home/arx/projects/rockbox/build-boot/bootloader/x1000/main.o (usb_start_monitoring)
/home/arx/projects/rockbox/build-boot/firmware/libfirmware.a(linuxboot.o)
                              /home/arx/projects/rockbox/build-boot/bootloader/x1000/utils.o (uimage_load)
/home/arx/projects/rockbox/build-boot/firmware/libfirmware.a(rb-loader.o)
                              /home/arx/projects/rockbox/build-boot/bootloader/x1000/utils.o (load_firmware)
/home/arx/projects/rockbox/build-boot/firmware/libfirmware.a(panic.o)
                              /home/arx/projects/rockbox/build-boot/firmware/libfirmware.a(buflib.o) (panicf)
/home/arx/projects/rockbox/build-boot/firmware/libfirmware.a(multiboot.o)
                              /home/arx/projects/rockbox/build-boot/firmware/libfirmware.a(rb-loader.o) (write_bootdata)
/home/arx/projects/rockbox/build-boot/firmware/libfirmware.a(ctype.o)
                              /home/arx/projects/rockbox/build-boot/bootloader/x1000/boot.o (_ctype_)
/home/arx/projects/rockbox/build-boot/firmware/libfirmware.a(strchr.o)
                              /home/arx/projects/rockbox/build-boot/bootloader/x1000/gui.o (strchr)
/home/arx/projects/rockbox/build-boot/firmware/libfirmware.a(strcpy.o)
                              /home/arx/projects/rockbox/build-boot/firmware/libfirmware.a(buflib.o) (strcpy)
/home/arx/projects/rockbox/build-boot/firmware/libfirmware.a(version.o)
                              /home/arx/projects/rockbox/build-boot/bootloader/x1000/gui.o (rbversion)
/home/arx/projects/rockbox/build-boot/firmware/libfirmware.a(crc32.o)
                              /home/arx/projects/rockbox/build-boot/firmware/libfirmware.a(buflib.o) (crc_32)
/home/arx/projects/rockbox/build-boot/firmware/libfirmware.a(loader_strerror.o)
                              /home/arx/projects/rockbox/build-boot/bootloader/common.o (loader_strerror)
/home/arx/projects/rockbox/build-boot/firmware/libfirmware.a(file.o)
                              /home/arx/projects/rockbox/build-boot/bootloader/common.o (close)
/home/arx/projects/rockbox/build-boot/firmware/libfirmware.a(file_internal.o)
                              /home/arx/projects/rockbox/build-boot/firmware/libfirmware.a(file.o) (filestr_alloc_cache)
/home/arx/projects/rockbox/build-boot/firmware/libfirmware.a(disk.o)
                              /home/arx/projects/rockbox/build-boot/bootloader/x1000/main.o (disk_mount_all)
/home/arx/projects/rockbox/build-boot/firmware/libfirmware.a(fileobj_mgr.o)
                              /home/arx/projects/rockbox/build-boot/firmware/libfirmware.a(file_internal.o) (fileobj_fileop_open)
/home/arx/projects/rockbox/build-boot/firmware/libfirmware.a(pathfuncs.o)
                              /home/arx/projects/rockbox/build-boot/firmware/libfirmware.a(disk.o) (path_strip_volume)
/home/arx/projects/rockbox/build-boot/firmware/libfirmware.a(linked_list.o)
                              /home/arx/projects/rockbox/build-boot/firmware/libfirmware.a(fileobj_mgr.o) (ll_init)
/home/arx/projects/rockbox/build-boot/firmware/libfirmware.a(rb_namespace.o)
                              /home/arx/projects/rockbox/build-boot/firmware/libfirmware.a(disk.o) (root_mount_path)
/home/arx/projects/rockbox/build-boot/firmware/libfirmware.a(strcasecmp.o)
                              /home/arx/projects/rockbox/build-boot/firmware/libfirmware.a(file_internal.o) (strcasecmp)
/home/arx/projects/rockbox/build-boot/firmware/libfirmware.a(strlcpy.o)
                              /home/arx/projects/rockbox/build-boot/firmware/libfirmware.a(buflib.o) (strlcpy)
/home/arx/projects/rockbox/build-boot/firmware/libfirmware.a(unicode.o)
[...]
Memory Configuration

Name             Origin             Length             Attributes
TCSM             0x00000000f4001800 0x0000000000002800
*default*        0x0000000000000000 0xffffffffffffffff

Linker script and memory map

LOAD /home/arx/projects/rockbox/build-boot/firmware/target/mips/ingenic_x1000/spl-start.o
LOAD /home/arx/projects/rockbox/build-boot/bootloader/common.o
LOAD /home/arx/projects/rockbox/build-boot/bootloader/format.o
LOAD /home/arx/projects/rockbox/build-boot/bootloader/snprintf.o
LOAD /home/arx/projects/rockbox/build-boot/bootloader/x1000/boot.o
LOAD /home/arx/projects/rockbox/build-boot/bootloader/x1000/gui.o
LOAD /home/arx/projects/rockbox/build-boot/bootloader/x1000/install.o
LOAD /home/arx/projects/rockbox/build-boot/bootloader/x1000/main.o
LOAD /home/arx/projects/rockbox/build-boot/bootloader/x1000/recovery.o
LOAD /home/arx/projects/rockbox/build-boot/bootloader/x1000/utils.o
LOAD /home/arx/projects/rockbox/build-boot/apps/bitmaps/mono/default_icons.o
LOAD /home/arx/projects/rockbox/build-boot/apps/bitmaps/native/rockboxlogo.240x74x16.o
LOAD /home/arx/projects/rockbox/build-boot/firmware/libfirmware.a
LOAD /home/arx/projects/rockbox/build-boot/firmware/libfirmware.a
LOAD /home/arx/projects/rockbox/build-boot/lib/libmicrotar.a
LOAD /opt/rbdev/lib/gcc/mipsel-elf/4.9.4/soft-float/libgcc.a

.text           0x00000000f4001800     0x19f4
 *(.init.spl)
 .init.spl      0x00000000f4001800       0xa0 /home/arx/projects/rockbox/build-boot/firmware/target/mips/ingenic_x1000/spl-start.o
                0x00000000f4001800                _spl_start
 *(.text*)
 .text.clk_get  0x00000000f40018a0      0x160 /home/arx/projects/rockbox/build-boot/firmware/libfirmware.a(clk-x1000.o)
                0x00000000f40018a0                clk_get
 .text.clk_set_ccr_mux
                0x00000000f4001a00       0x3c /home/arx/projects/rockbox/build-boot/firmware/libfirmware.a(clk-x1000.o)
                0x00000000f4001a00                clk_set_ccr_mux
 .text.clk_set_ccr_div
                0x00000000f4001a3c       0x54 /home/arx/projects/rockbox/build-boot/firmware/libfirmware.a(clk-x1000.o)
                0x00000000f4001a3c                clk_set_ccr_div
 .text.clk_set_ddr
                0x00000000f4001a90       0x84 /home/arx/projects/rockbox/build-boot/firmware/libfirmware.a(clk-x1000.o)
                0x00000000f4001a90                clk_set_ddr
 .text.clk_init_early
                0x00000000f4001b14       0x60 /home/arx/projects/rockbox/build-boot/firmware/libfirmware.a(clk-x1000.o)
                0x00000000f4001b14                clk_init_early
 .text.clk_init
                0x00000000f4001b74       0xf4 /home/arx/projects/rockbox/build-boot/firmware/libfirmware.a(clk-x1000.o)
                0x00000000f4001b74                clk_init
 .text.gpioz_configure
                0x00000000f4001c68      0x108 /home/arx/projects/rockbox/build-boot/firmware/libfirmware.a(gpio-x1000.o)
                0x00000000f4001c68                gpioz_configure
 .text.nand_wait_busy
                0x00000000f4001d70       0x58 /home/arx/projects/rockbox/build-boot/firmware/libfirmware.a(nand-x1000.o)
 .text.nand_upd_reg.constprop.0
                0x00000000f4001dc8       0x84 /home/arx/projects/rockbox/build-boot/firmware/libfirmware.a(nand-x1000.o)
 .text.nand_open
                0x00000000f4001e4c      0x1a8 /home/arx/projects/rockbox/build-boot/firmware/libfirmware.a(nand-x1000.o)
                0x00000000f4001e4c                nand_open
 .text.nand_close
                0x00000000f4001ff4       0x64 /home/arx/projects/rockbox/build-boot/firmware/libfirmware.a(nand-x1000.o)
                0x00000000f4001ff4                nand_close
 .text.nand_page_read
                0x00000000f4002058       0x5c /home/arx/projects/rockbox/build-boot/firmware/libfirmware.a(nand-x1000.o)
                0x00000000f4002058                nand_page_read
 .text.nand_read_bytes
                0x00000000f40020b4       0xd0 /home/arx/projects/rockbox/build-boot/firmware/libfirmware.a(nand-x1000.o)
                0x00000000f40020b4                nand_read_bytes
 .text.sfc_open
                0x00000000f4002184       0x44 /home/arx/projects/rockbox/build-boot/firmware/libfirmware.a(sfc-x1000.o)
                0x00000000f4002184                sfc_open
 .text.sfc_close
                0x00000000f40021c8       0x24 /home/arx/projects/rockbox/build-boot/firmware/libfirmware.a(sfc-x1000.o)
                0x00000000f40021c8                sfc_close
 .text.sfc_set_clock
                0x00000000f40021ec       0xbc /home/arx/projects/rockbox/build-boot/firmware/libfirmware.a(sfc-x1000.o)
                0x00000000f40021ec                sfc_set_clock
 .text.sfc_exec
                0x00000000f40022a8      0x104 /home/arx/projects/rockbox/build-boot/firmware/libfirmware.a(sfc-x1000.o)
                0x00000000f40022a8                sfc_exec
 .text.__ost_delay
                0x00000000f40023ac       0x2c /home/arx/projects/rockbox/build-boot/firmware/libfirmware.a(spl-x1000.o)
 .text.spl_alloc
                0x00000000f40023d8       0x44 /home/arx/projects/rockbox/build-boot/firmware/libfirmware.a(spl-x1000.o)
                0x00000000f40023d8                spl_alloc
 .text.spl_error
                0x00000000f400241c       0x44 /home/arx/projects/rockbox/build-boot/firmware/libfirmware.a(spl-x1000.o)
                0x00000000f400241c                spl_error
 .text.spl_main
                0x00000000f4002460      0x4d4 /home/arx/projects/rockbox/build-boot/firmware/libfirmware.a(spl-x1000.o)
                0x00000000f4002460                spl_main
 .text.xread32  0x00000000f4002934       0x2c /home/arx/projects/rockbox/build-boot/firmware/libfirmware.a(ucl_decompress.o)
 .text.ucl_nrv2e_decompress_8
                0x00000000f4002960      0x340 /home/arx/projects/rockbox/build-boot/firmware/libfirmware.a(ucl_decompress.o)
                0x00000000f4002960                ucl_nrv2e_decompress_8
 .text.ucl_unpack
                0x00000000f4002ca0      0x1e0 /home/arx/projects/rockbox/build-boot/firmware/libfirmware.a(ucl_decompress.o)
                0x00000000f4002ca0                ucl_unpack
 .text.spl_storage_open
                0x00000000f4002e80       0x6c /home/arx/projects/rockbox/build-boot/firmware/libfirmware.a(spl-nand-x1000.o)
                0x00000000f4002e80                spl_storage_open
 .text.spl_storage_close
                0x00000000f4002eec        0xc /home/arx/projects/rockbox/build-boot/firmware/libfirmware.a(spl-nand-x1000.o)
                0x00000000f4002eec                spl_storage_close
 .text.spl_storage_read
                0x00000000f4002ef8       0x20 /home/arx/projects/rockbox/build-boot/firmware/libfirmware.a(spl-nand-x1000.o)
                0x00000000f4002ef8                spl_storage_read
 *(.icode*)
 .icode         0x00000000f4002f18      0x148 /home/arx/projects/rockbox/build-boot/firmware/libfirmware.a(memcpy.o)
                0x00000000f4002f18                mempcpy
                0x00000000f4002f2c                memcpy
 .icode         0x00000000f4003060      0x120 /home/arx/projects/rockbox/build-boot/firmware/libfirmware.a(memset.o)
                0x00000000f4003060                memset
 .icode.commit_discard_dcache
                0x00000000f4003180       0x24 /home/arx/projects/rockbox/build-boot/firmware/libfirmware.a(mmu-mips.o)
                0x00000000f4003180                commit_dcache
                0x00000000f4003180                commit_discard_dcache
 .icode.commit_discard_idcache
                0x00000000f40031a4       0x50 /home/arx/projects/rockbox/build-boot/firmware/libfirmware.a(mmu-mips.o)
                0x00000000f40031a4                commit_discard_idcache
                0x00000000f40031f4                . = ALIGN (0x4)

.rodata         0x00000000f40031f4       0xac
 *(.rodata*)
 .rodata.clk_info
                0x00000000f40031f4       0x78 /home/arx/projects/rockbox/build-boot/firmware/libfirmware.a(clk-x1000.o)
                0x00000000f40031f4                clk_info
 .rodata.clk_mux
                0x00000000f400326c        0x8 /home/arx/projects/rockbox/build-boot/firmware/libfirmware.a(clk-x1000.o)
 .rodata.supported_nand_chips
                0x00000000f4003274       0x24 /home/arx/projects/rockbox/build-boot/firmware/libfirmware.a(nand-x1000.o)
                0x00000000f4003274                supported_nand_chips
 .rodata.magic.1017
                0x00000000f4003298        0x8 /home/arx/projects/rockbox/build-boot/firmware/libfirmware.a(ucl_decompress.o)
                0x00000000f40032a0                . = ALIGN (0x4)

.data           0x00000000f40032a0        0x4
 *(.data*)
 .data.heap     0x00000000f40032a0        0x4 /home/arx/projects/rockbox/build-boot/firmware/libfirmware.a(spl-x1000.o)
 *(.sdata*)
                0x00000000f40032a4                . = ALIGN (0x4)

.bss            0x00000000f40032a4        0x4
                0x00000000f40032a4                _bssbegin = .
 *(.sbss*)
 *(.bss*)
 .bss.ndrv      0x00000000f40032a4        0x4 /home/arx/projects/rockbox/build-boot/firmware/libfirmware.a(spl-nand-x1000.o)
 *(COMMON)
 *(.scommon*)
                0x00000000f40032a8                _bssend = .

/DISCARD/
 *(.MIPS.abiflags)
 *(.eh_frame)
 *(.rel.dyn)
OUTPUT(/home/arx/projects/rockbox/build-boot/spl.elf elf32-littlemips)

.reginfo        0x0000000000000000       0x18
 .reginfo       0x0000000000000000       0x18 /home/arx/projects/rockbox/build-boot/firmware/target/mips/ingenic_x1000/spl-start.o

.pdr            0x0000000000000000        0x0
 .pdr           0x0000000000000000        0x0 /home/arx/projects/rockbox/build-boot/firmware/target/mips/ingenic_x1000/spl-start.o
 .pdr           0x0000000000000000        0x0 /home/arx/projects/rockbox/build-boot/firmware/libfirmware.a(memcpy.o)
 .pdr           0x0000000000000000        0x0 /home/arx/projects/rockbox/build-boot/firmware/libfirmware.a(memset.o)

.gnu.attributes
                0x0000000000000000       0x10
 .gnu.attributes
                0x0000000000000000       0x10 /home/arx/projects/rockbox/build-boot/firmware/target/mips/ingenic_x1000/spl-start.o
 .gnu.attributes
                0x0000000000000010       0x10 /home/arx/projects/rockbox/build-boot/firmware/libfirmware.a(memcpy.o)
 .gnu.attributes
                0x0000000000000020       0x10 /home/arx/projects/rockbox/build-boot/firmware/libfirmware.a(memset.o)
 .gnu.attributes
                0x0000000000000030       0x10 /home/arx/projects/rockbox/build-boot/firmware/libfirmware.a(mmu-mips.o)
 .gnu.attributes
                0x0000000000000040       0x10 /home/arx/projects/rockbox/build-boot/firmware/libfirmware.a(clk-x1000.o)
 .gnu.attributes
                0x0000000000000050       0x10 /home/arx/projects/rockbox/build-boot/firmware/libfirmware.a(gpio-x1000.o)
 .gnu.attributes
                0x0000000000000060       0x10 /home/arx/projects/rockbox/build-boot/firmware/libfirmware.a(nand-x1000.o)
 .gnu.attributes
                0x0000000000000070       0x10 /home/arx/projects/rockbox/build-boot/firmware/libfirmware.a(sfc-x1000.o)
 .gnu.attributes
                0x0000000000000080       0x10 /home/arx/projects/rockbox/build-boot/firmware/libfirmware.a(spl-x1000.o)
 .gnu.attributes
                0x0000000000000090       0x10 /home/arx/projects/rockbox/build-boot/firmware/libfirmware.a(ucl_decompress.o)
 .gnu.attributes
                0x00000000000000a0       0x10 /home/arx/projects/rockbox/build-boot/firmware/libfirmware.a(spl-nand-x1000.o)

.mdebug.abi32   0x0000000000000000        0x0
 .mdebug.abi32  0x0000000000000000        0x0 /home/arx/projects/rockbox/build-boot/firmware/libfirmware.a(mmu-mips.o)
 .mdebug.abi32  0x0000000000000000        0x0 /home/arx/projects/rockbox/build-boot/firmware/libfirmware.a(clk-x1000.o)
 .mdebug.abi32  0x0000000000000000        0x0 /home/arx/projects/rockbox/build-boot/firmware/libfirmware.a(gpio-x1000.o)
 .mdebug.abi32  0x0000000000000000        0x0 /home/arx/projects/rockbox/build-boot/firmware/libfirmware.a(nand-x1000.o)
 .mdebug.abi32  0x0000000000000000        0x0 /home/arx/projects/rockbox/build-boot/firmware/libfirmware.a(sfc-x1000.o)
 .mdebug.abi32  0x0000000000000000        0x0 /home/arx/projects/rockbox/build-boot/firmware/libfirmware.a(spl-x1000.o)
 .mdebug.abi32  0x0000000000000000        0x0 /home/arx/projects/rockbox/build-boot/firmware/libfirmware.a(ucl_decompress.o)
 .mdebug.abi32  0x0000000000000000        0x0 /home/arx/projects/rockbox/build-boot/firmware/libfirmware.a(spl-nand-x1000.o)

.comment        0x0000000000000000       0x11
 .comment       0x0000000000000000       0x11 /home/arx/projects/rockbox/build-boot/firmware/libfirmware.a(mmu-mips.o)
                                         0x12 (size before relaxing)
 .comment       0x0000000000000011       0x12 /home/arx/projects/rockbox/build-boot/firmware/libfirmware.a(clk-x1000.o)
 .comment       0x0000000000000011       0x12 /home/arx/projects/rockbox/build-boot/firmware/libfirmware.a(gpio-x1000.o)
 .comment       0x0000000000000011       0x12 /home/arx/projects/rockbox/build-boot/firmware/libfirmware.a(nand-x1000.o)
 .comment       0x0000000000000011       0x12 /home/arx/projects/rockbox/build-boot/firmware/libfirmware.a(sfc-x1000.o)
 .comment       0x0000000000000011       0x12 /home/arx/projects/rockbox/build-boot/firmware/libfirmware.a(spl-x1000.o)
 .comment       0x0000000000000011       0x12 /home/arx/projects/rockbox/build-boot/firmware/libfirmware.a(ucl_decompress.o)
 .comment       0x0000000000000011       0x12 /home/arx/projects/rockbox/build-boot/firmware/libfirmware.a(spl-nand-x1000.o)
